Archive member included to satisfy reference by file (symbol)

.pio/build/nucleo_f303re/libFrameworkArduino.a(HardwareSerial.cpp.o)
                              .pio/build/nucleo_f303re/src/main.cpp.o (Serial2)
.pio/build/nucleo_f303re/libFrameworkArduino.a(Print.cpp.o)
                              .pio/build/nucleo_f303re/src/main.cpp.o (Print::print(String const&))
.pio/build/nucleo_f303re/libFrameworkArduino.a(Stream.cpp.o)
                              .pio/build/nucleo_f303re/libFrameworkArduino.a(HardwareSerial.cpp.o) (Stream::readBytes(char*, unsigned int))
.pio/build/nucleo_f303re/libFrameworkArduino.a(WString.cpp.o)
                              .pio/build/nucleo_f303re/src/main.cpp.o (String::~String())
.pio/build/nucleo_f303re/libFrameworkArduino.a(dtostrf.c.o)
                              .pio/build/nucleo_f303re/libFrameworkArduino.a(WString.cpp.o) (dtostrf)
.pio/build/nucleo_f303re/libFrameworkArduino.a(itoa.c.o)
                              .pio/build/nucleo_f303re/libFrameworkArduino.a(WString.cpp.o) (ltoa)
.pio/build/nucleo_f303re/libFrameworkArduino.a(main.cpp.o)
                              /home/imadk/.platformio/packages/toolchain-gccarmnoneeabi/bin/../lib/gcc/arm-none-eabi/12.3.1/../../../../arm-none-eabi/lib/thumb/v7e-m+fp/hard/crt0.o (main)
.pio/build/nucleo_f303re/libFrameworkArduino.a(startup_stm32yyxx.S.o)
                              (Reset_Handler)
.pio/build/nucleo_f303re/libFrameworkArduino.a(wiring_analog.c.o)
                              .pio/build/nucleo_f303re/src/main.cpp.o (analogWriteResolution)
.pio/build/nucleo_f303re/libFrameworkArduino.a(wiring_digital.c.o)
                              .pio/build/nucleo_f303re/src/main.cpp.o (pinMode)
.pio/build/nucleo_f303re/libFrameworkArduino.a(wiring_time.c.o)
                              .pio/build/nucleo_f303re/libFrameworkArduino.a(Stream.cpp.o) (millis)
.pio/build/nucleo_f303re/libFrameworkArduino.a(WSerial.cpp.o)
                              .pio/build/nucleo_f303re/libFrameworkArduino.a(main.cpp.o) (serialEventRun())
.pio/build/nucleo_f303re/libFrameworkArduino.a(board.c.o)
                              .pio/build/nucleo_f303re/libFrameworkArduino.a(main.cpp.o) (init)
.pio/build/nucleo_f303re/libFrameworkArduino.a(hooks.c.o)
                              .pio/build/nucleo_f303re/libFrameworkArduino.a(wiring_time.c.o) (yield)
.pio/build/nucleo_f303re/libFrameworkArduino.a(pins_arduino.c.o)
                              .pio/build/nucleo_f303re/libFrameworkArduino.a(wiring_analog.c.o) (analogInputToPinName)
/home/imadk/.platformio/packages/toolchain-gccarmnoneeabi/bin/../lib/gcc/arm-none-eabi/12.3.1/thumb/v7e-m+fp/hard/libgcc.a(_arm_muldf3.o)
                              .pio/build/nucleo_f303re/SrcWrapper/src/HardwareTimer.cpp.o (__aeabi_dmul)
/home/imadk/.platformio/packages/toolchain-gccarmnoneeabi/bin/../lib/gcc/arm-none-eabi/12.3.1/thumb/v7e-m+fp/hard/libgcc.a(_arm_addsubdf3.o)
                              .pio/build/nucleo_f303re/src/main.cpp.o (__aeabi_dsub)
/home/imadk/.platformio/packages/toolchain-gccarmnoneeabi/bin/../lib/gcc/arm-none-eabi/12.3.1/thumb/v7e-m+fp/hard/libgcc.a(_arm_muldivdf3.o)
                              .pio/build/nucleo_f303re/SrcWrapper/src/HardwareTimer.cpp.o (__aeabi_ddiv)
/home/imadk/.platformio/packages/toolchain-gccarmnoneeabi/bin/../lib/gcc/arm-none-eabi/12.3.1/thumb/v7e-m+fp/hard/libgcc.a(_arm_cmpdf2.o)
                              .pio/build/nucleo_f303re/libFrameworkArduino.a(Print.cpp.o) (__aeabi_dcmplt)
/home/imadk/.platformio/packages/toolchain-gccarmnoneeabi/bin/../lib/gcc/arm-none-eabi/12.3.1/thumb/v7e-m+fp/hard/libgcc.a(_arm_unorddf2.o)
                              .pio/build/nucleo_f303re/libFrameworkArduino.a(Print.cpp.o) (__aeabi_dcmpun)
/home/imadk/.platformio/packages/toolchain-gccarmnoneeabi/bin/../lib/gcc/arm-none-eabi/12.3.1/thumb/v7e-m+fp/hard/libgcc.a(_arm_fixdfsi.o)
                              .pio/build/nucleo_f303re/libFrameworkArduino.a(dtostrf.c.o) (__aeabi_d2iz)
/home/imadk/.platformio/packages/toolchain-gccarmnoneeabi/bin/../lib/gcc/arm-none-eabi/12.3.1/thumb/v7e-m+fp/hard/libgcc.a(_arm_fixunsdfsi.o)
                              .pio/build/nucleo_f303re/SrcWrapper/src/HardwareTimer.cpp.o (__aeabi_d2uiz)
/home/imadk/.platformio/packages/toolchain-gccarmnoneeabi/bin/../lib/gcc/arm-none-eabi/12.3.1/thumb/v7e-m+fp/hard/libgcc.a(_arm_truncdfsf2.o)
                              .pio/build/nucleo_f303re/src/main.cpp.o (__aeabi_d2f)
/home/imadk/.platformio/packages/toolchain-gccarmnoneeabi/bin/../lib/gcc/arm-none-eabi/12.3.1/thumb/v7e-m+fp/hard/libgcc.a(_aeabi_uldivmod.o)
                              .pio/build/nucleo_f303re/libFrameworkArduino.a(Print.cpp.o) (__aeabi_uldivmod)
/home/imadk/.platformio/packages/toolchain-gccarmnoneeabi/bin/../lib/gcc/arm-none-eabi/12.3.1/thumb/v7e-m+fp/hard/libgcc.a(_udivmoddi4.o)
[...]
Memory Configuration

Name             Origin             Length             Attributes
*default*        0x00000000         0xffffffff
CCMRAM           0x10000000         0x00004000         xrw
RAM              0x20000000         0x00010000         xrw
FLASH            0x08000000         0x00080000         xr

Linker script and memory map

                0x20010000                        _estack = (ORIGIN (RAM) + LENGTH (RAM))
                0x00000200                        _Min_Heap_Size = 0x200
                0x00000400                        _Min_Stack_Size = 0x400

.isr_vector     0x08000000      0x194
                0x08000000                        . = ALIGN (0x4)
 *(.isr_vector)
 .isr_vector    0x08000000      0x194 .pio/build/nucleo_f303re/libFrameworkArduino.a(startup_stm32yyxx.S.o)
                0x08000000                g_pfnVectors
                0x08000194                        . = ALIGN (0x4)

.text           0x080001a0     0x781c
                0x080001a0                        . = ALIGN (0x4)
 *(.text)
 .text          0x080001a0      0x378 /home/imadk/.platformio/packages/toolchain-gccarmnoneeabi/bin/../lib/gcc/arm-none-eabi/12.3.1/thumb/v7e-m+fp/hard/libgcc.a(_arm_addsubdf3.o)
                0x080001a0                __aeabi_drsub
                0x080001a8                __aeabi_dsub
                0x080001a8                __subdf3
                0x080001ac                __adddf3
                0x080001ac                __aeabi_dadd
                0x08000424                __aeabi_ui2d
                0x08000424                __floatunsidf
                0x08000444                __floatsidf
                0x08000444                __aeabi_i2d
                0x08000468                __extendsfdf2
                0x08000468                __aeabi_f2d
                0x080004ac                __aeabi_ul2d
                0x080004ac                __floatundidf
                0x080004bc                __floatdidf
                0x080004bc                __aeabi_l2d
 .text          0x08000518      0x424 /home/imadk/.platformio/packages/toolchain-gccarmnoneeabi/bin/../lib/gcc/arm-none-eabi/12.3.1/thumb/v7e-m+fp/hard/libgcc.a(_arm_muldivdf3.o)
                0x08000518                __aeabi_dmul
                0x08000518                __muldf3
                0x0800076c                __aeabi_ddiv
                0x0800076c                __divdf3
 .text          0x0800093c      0x110 /home/imadk/.platformio/packages/toolchain-gccarmnoneeabi/bin/../lib/gcc/arm-none-eabi/12.3.1/thumb/v7e-m+fp/hard/libgcc.a(_arm_cmpdf2.o)
                0x0800093c                __gtdf2
                0x0800093c                __gedf2
                0x08000944                __ltdf2
                0x08000944                __ledf2
                0x0800094c                __cmpdf2
                0x0800094c                __eqdf2
                0x0800094c                __nedf2
                0x080009c8                __aeabi_cdrcmple
                0x080009d8                __aeabi_cdcmple
                0x080009d8                __aeabi_cdcmpeq
                0x080009e8                __aeabi_dcmpeq
                0x080009fc                __aeabi_dcmplt
                0x08000a10                __aeabi_dcmple
                0x08000a24                __aeabi_dcmpge
                0x08000a38                __aeabi_dcmpgt
 .text          0x08000a4c       0x50 /home/imadk/.platformio/packages/toolchain-gccarmnoneeabi/bin/../lib/gcc/arm-none-eabi/12.3.1/thumb/v7e-m+fp/hard/libgcc.a(_arm_fixdfsi.o)
                0x08000a4c                __fixdfsi
                0x08000a4c                __aeabi_d2iz
 .text          0x08000a9c       0x40 /home/imadk/.platformio/packages/toolchain-gccarmnoneeabi/bin/../lib/gcc/arm-none-eabi/12.3.1/thumb/v7e-m+fp/hard/libgcc.a(_arm_fixunsdfsi.o)
                0x08000a9c                __fixunsdfsi
                0x08000a9c                __aeabi_d2uiz
 .text          0x08000adc       0xa0 /home/imadk/.platformio/packages/toolchain-gccarmnoneeabi/bin/../lib/gcc/arm-none-eabi/12.3.1/thumb/v7e-m+fp/hard/libgcc.a(_arm_truncdfsf2.o)
                0x08000adc                __aeabi_d2f
                0x08000adc                __truncdfsf2
 .text          0x08000b7c       0x10 /home/imadk/.platformio/packages/toolchain-gccarmnoneeabi/bin/../lib/gcc/arm-none-eabi/12.3.1/../../../../arm-none-eabi/lib/thumb/v7e-m+fp/hard/libc_nano.a(libc_a-strlen.o)
                0x08000b7c                strlen
 *fill*         0x08000b8c        0x4 
 .text          0x08000b90       0xa0 /home/imadk/.platformio/packages/toolchain-gccarmnoneeabi/bin/../lib/gcc/arm-none-eabi/12.3.1/../../../../arm-none-eabi/lib/thumb/v7e-m+fp/hard/libc_nano.a(libc_a-memchr.o)
                0x08000b90                memchr
 *(.text*)
 .text.__do_global_dtors_aux
                0x08000c30       0x24 /home/imadk/.platformio/packages/toolchain-gccarmnoneeabi/bin/../lib/gcc/arm-none-eabi/12.3.1/thumb/v7e-m+fp/hard/crtbegin.o
 .text.frame_dummy
                0x08000c54       0x1c /home/imadk/.platformio/packages/toolchain-gccarmnoneeabi/bin/../lib/gcc/arm-none-eabi/12.3.1/thumb/v7e-m+fp/hard/crtbegin.o
 .text.SystemClock_Config
                0x08000c70       0x7c .pio/build/nucleo_f303re/FrameworkArduinoVariant/variant_NUCLEO_F303RE.cpp.o
                0x08000c70                SystemClock_Config
 .text.HAL_MspInit
                0x08000cec        0x2 .pio/build/nucleo_f303re/SrcWrapper/src/HAL/stm32yyxx_hal.c.o
                0x08000cec                HAL_MspInit
 *fill*         0x08000cee        0x2 
 .text.HAL_InitTick
                0x08000cf0       0x48 .pio/build/nucleo_f303re/SrcWrapper/src/HAL/stm32yyxx_hal.c.o
                0x08000cf0                HAL_InitTick
 .text.HAL_Init
                0x08000d38       0x24 .pio/build/nucleo_f303re/SrcWrapper/src/HAL/stm32yyxx_hal.c.o
                0x08000d38                HAL_Init
 .text.HAL_IncTick
                0x08000d5c       0x18 .pio/build/nucleo_f303re/SrcWrapper/src/HAL/stm32yyxx_hal.c.o
                0x08000d5c                HAL_IncTick
 .text.HAL_GetTick
                0x08000d74        0xc .pio/build/nucleo_f303re/SrcWrapper/src/HAL/stm32yyxx_hal.c.o
                0x08000d74                HAL_GetTick
 .text.HAL_NVIC_SetPriorityGrouping
                0x08000d80       0x24 .pio/build/nucleo_f303re/SrcWrapper/src/HAL/stm32yyxx_hal_cortex.c.o
                0x08000d80                HAL_NVIC_SetPriorityGrouping
 .text.HAL_NVIC_SetPriority
                0x08000da4       0x64 .pio/build/nucleo_f303re/SrcWrapper/src/HAL/stm32yyxx_hal_cortex.c.o
                0x08000da4                HAL_NVIC_SetPriority
 .text.HAL_NVIC_EnableIRQ
                0x08000e08       0x1c .pio/build/nucleo_f303re/SrcWrapper/src/HAL/stm32yyxx_hal_cortex.c.o
                0x08000e08                HAL_NVIC_EnableIRQ
 .text.HAL_NVIC_DisableIRQ
                0x08000e24       0x24 .pio/build/nucleo_f303re/SrcWrapper/src/HAL/stm32yyxx_hal_cortex.c.o
                0x08000e24                HAL_NVIC_DisableIRQ
 .text.HAL_SYSTICK_Config
                0x08000e48       0x28 .pio/build/nucleo_f303re/SrcWrapper/src/HAL/stm32yyxx_hal_cortex.c.o
                0x08000e48                HAL_SYSTICK_Config
 .text.HAL_NVIC_ClearPendingIRQ
                0x08000e70       0x1c .pio/build/nucleo_f303re/SrcWrapper/src/HAL/stm32yyxx_hal_cortex.c.o
                0x08000e70                HAL_NVIC_ClearPendingIRQ
 .text.HAL_SYSTICK_Callback
                0x08000e8c        0x2 .pio/build/nucleo_f303re/SrcWrapper/src/HAL/stm32yyxx_hal_cortex.c.o
                0x08000e8c                HAL_SYSTICK_Callback
 .text.HAL_SYSTICK_IRQHandler
                0x08000e8e        0x8 .pio/build/nucleo_f303re/SrcWrapper/src/HAL/stm32yyxx_hal_cortex.c.o
                0x08000e8e                HAL_SYSTICK_IRQHandler
 .text.HAL_CRC_MspInit
                0x08000e96        0x2 .pio/build/nucleo_f303re/SrcWrapper/src/HAL/stm32yyxx_hal_crc.c.o
                0x08000e96                HAL_CRC_MspInit
 .text.HAL_CRC_Init
                0x08000e98       0x74 .pio/build/nucleo_f303re/SrcWrapper/src/HAL/stm32yyxx_hal_crc.c.o
                0x08000e98                HAL_CRC_Init
 .text.HAL_CRCEx_Polynomial_Set
                0x08000f0c       0x52 .pio/build/nucleo_f303re/SrcWrapper/src/HAL/stm32yyxx_hal_crc_ex.c.o
                0x08000f0c                HAL_CRCEx_Polynomial_Set
 .text.HAL_DAC_Init
                0x08000f5e       0x26 .pio/build/nucleo_f303re/SrcWrapper/src/HAL/stm32yyxx_hal_dac.c.o
                0x08000f5e                HAL_DAC_Init
 .text.HAL_DAC_DeInit
                0x08000f84       0x1c .pio/build/nucleo_f303re/SrcWrapper/src/HAL/stm32yyxx_hal_dac.c.o
                0x08000f84                HAL_DAC_DeInit
 .text.HAL_DAC_Stop
                0x08000fa0       0x18 .pio/build/nucleo_f303re/SrcWrapper/src/HAL/stm32yyxx_hal_dac.c.o
                0x08000fa0                HAL_DAC_Stop
 .text.HAL_DAC_SetValue
                0x08000fb8       0x24 .pio/build/nucleo_f303re/SrcWrapper/src/HAL/stm32yyxx_hal_dac_ex.c.o
                0x08000fb8                HAL_DAC_SetValue
 .text.HAL_DAC_Start
                0x08000fdc       0x4e .pio/build/nucleo_f303re/SrcWrapper/src/HAL/stm32yyxx_hal_dac_ex.c.o
                0x08000fdc                HAL_DAC_Start
 .text.HAL_DAC_ConfigChannel
                0x0800102a       0x42 .pio/build/nucleo_f303re/SrcWrapper/src/HAL/stm32yyxx_hal_dac_ex.c.o
                0x0800102a                HAL_DAC_ConfigChannel
 .text.HAL_DMA_Abort
                0x0800106c       0x3e .pio/build/nucleo_f303re/SrcWrapper/src/HAL/stm32yyxx_hal_dma.c.o
                0x0800106c                HAL_DMA_Abort
 .text.HAL_DMA_Abort_IT
                0x080010aa       0x3e .pio/build/nucleo_f303re/SrcWrapper/src/HAL/stm32yyxx_hal_dma.c.o
                0x080010aa                HAL_DMA_Abort_IT
 .text.HAL_GPIO_EXTI_IRQHandler
                0x080010e8       0x18 .pio/build/nucleo_f303re/SrcWrapper/src/HAL/stm32yyxx_hal_gpio.c.o
                0x080010e8                HAL_GPIO_EXTI_IRQHandler
 .text.HAL_RCC_OscConfig
                0x08001100      0x500 .pio/build/nucleo_f303re/SrcWrapper/src/HAL/stm32yyxx_hal_rcc.c.o
                0x08001100                HAL_RCC_OscConfig
 .text.HAL_RCC_GetSysClockFreq
                0x08001600       0x38 .pio/build/nucleo_f303re/SrcWrapper/src/HAL/stm32yyxx_hal_rcc.c.o
                0x08001600                HAL_RCC_GetSysClockFreq
 .text.HAL_RCC_ClockConfig
                0x08001638      0x13c .pio/build/nucleo_f303re/SrcWrapper/src/HAL/stm32yyxx_hal_rcc.c.o
                0x08001638                HAL_RCC_ClockConfig
 .text.HAL_RCC_GetPCLK1Freq
                0x08001774       0x30 .pio/build/nucleo_f303re/SrcWrapper/src/HAL/stm32yyxx_hal_rcc.c.o
                0x08001774                HAL_RCC_GetPCLK1Freq
 .text.HAL_RCC_GetPCLK2Freq
                0x080017a4       0x30 .pio/build/nucleo_f303re/SrcWrapper/src/HAL/stm32yyxx_hal_rcc.c.o
                0x080017a4                HAL_RCC_GetPCLK2Freq
 .text.HAL_RCC_GetClockConfig
                0x080017d4       0x3c .pio/build/nucleo_f303re/SrcWrapper/src/HAL/stm32yyxx_hal_rcc.c.o
                0x080017d4                HAL_RCC_GetClockConfig
 .text.HAL_RCCEx_PeriphCLKConfig
                0x08001810      0x294 .pio/build/nucleo_f303re/SrcWrapper/src/HAL/stm32yyxx_hal_rcc_ex.c.o
                0x08001810                HAL_RCCEx_PeriphCLKConfig
 .text.TIM_OC1_SetConfig
                0x08001aa4       0x7c .pio/build/nucleo_f303re/SrcWrapper/src/HAL/stm32yyxx_hal_tim.c.o
 .text.TIM_OC3_SetConfig
                0x08001b20       0x88 .pio/build/nucleo_f303re/SrcWrapper/src/HAL/stm32yyxx_hal_tim.c.o
 .text.TIM_OC4_SetConfig
                0x08001ba8       0x70 .pio/build/nucleo_f303re/SrcWrapper/src/HAL/stm32yyxx_hal_tim.c.o
 .text.TIM_OC5_SetConfig
                0x08001c18       0x70 .pio/build/nucleo_f303re/SrcWrapper/src/HAL/stm32yyxx_hal_tim.c.o
 .text.TIM_OC6_SetConfig
                0x08001c88       0x70 .pio/build/nucleo_f303re/SrcWrapper/src/HAL/stm32yyxx_hal_tim.c.o
 .text.HAL_TIM_Base_Start
                0x08001cf8       0x6c .pio/build/nucleo_f303re/SrcWrapper/src/HAL/stm32yyxx_hal_tim.c.o
                0x08001cf8                HAL_TIM_Base_Start
 .text.HAL_TIM_GenerateEvent
                0x08001d64       0x24 .pio/build/nucleo_f303re/SrcWrapper/src/HAL/stm32yyxx_hal_tim.c.o
                0x08001d64                HAL_TIM_GenerateEvent
 .text.HAL_TIM_PWM_PulseFinishedCallback
                0x08001d88        0x2 .pio/build/nucleo_f303re/SrcWrapper/src/HAL/stm32yyxx_hal_tim.c.o
                0x08001d88                HAL_TIM_PWM_PulseFinishedCallback
 .text.HAL_TIM_TriggerCallback
                0x08001d8a        0x2 .pio/build/nucleo_f303re/SrcWrapper/src/HAL/stm32yyxx_hal_tim.c.o
                0x08001d8a                HAL_TIM_TriggerCallback
 .text.HAL_TIM_IRQHandler
                0x08001d8c      0x13e .pio/build/nucleo_f303re/SrcWrapper/src/HAL/stm32yyxx_hal_tim.c.o
                0x08001d8c                HAL_TIM_IRQHandler
 *fill*         0x08001eca        0x2 
 .text.TIM_Base_SetConfig
                0x08001ecc       0xb8 .pio/build/nucleo_f303re/SrcWrapper/src/HAL/stm32yyxx_hal_tim.c.o
                0x08001ecc                TIM_Base_SetConfig
 .text.HAL_TIM_Base_Init
                0x08001f84       0x60 .pio/build/nucleo_f303re/SrcWrapper/src/HAL/stm32yyxx_hal_tim.c.o
                0x08001f84                HAL_TIM_Base_Init
 .text.TIM_OC2_SetConfig
                0x08001fe4       0x88 .pio/build/nucleo_f303re/SrcWrapper/src/HAL/stm32yyxx_hal_tim.c.o
                0x08001fe4                TIM_OC2_SetConfig
 .text.HAL_TIM_OC_ConfigChannel
                0x0800206c       0x64 .pio/build/nucleo_f303re/SrcWrapper/src/HAL/stm32yyxx_hal_tim.c.o
                0x0800206c                HAL_TIM_OC_ConfigChannel
 .text.HAL_TIM_PWM_ConfigChannel
                0x080020d0       0xf8 .pio/build/nucleo_f303re/SrcWrapper/src/HAL/stm32yyxx_hal_tim.c.o
                0x080020d0                HAL_TIM_PWM_ConfigChannel
 .text.TIM_TI1_SetConfig
                0x080021c8       0x6c .pio/build/nucleo_f303re/SrcWrapper/src/HAL/stm32yyxx_hal_tim.c.o
                0x080021c8                TIM_TI1_SetConfig
 .text.HAL_TIM_IC_ConfigChannel
                0x08002234      0x126 .pio/build/nucleo_f303re/SrcWrapper/src/HAL/stm32yyxx_hal_tim.c.o
                0x08002234                HAL_TIM_IC_ConfigChannel
 .text.TIM_CCxChannelCmd
                0x0800235a       0x1c .pio/build/nucleo_f303re/SrcWrapper/src/HAL/stm32yyxx_hal_tim.c.o
                0x0800235a                TIM_CCxChannelCmd
 *fill*         0x08002376        0x2 
 .text.HAL_TIM_OC_Start
                0x08002378      0x100 .pio/build/nucleo_f303re/SrcWrapper/src/HAL/stm32yyxx_hal_tim.c.o
                0x08002378                HAL_TIM_OC_Start
 .text.HAL_TIM_PWM_Start
                0x08002478        0x4 .pio/build/nucleo_f303re/SrcWrapper/src/HAL/stm32yyxx_hal_tim.c.o
                0x08002478                HAL_TIM_PWM_Start
 .text.HAL_TIM_IC_Start
                0x0800247c      0x138 .pio/build/nucleo_f303re/SrcWrapper/src/HAL/stm32yyxx_hal_tim.c.o
                0x0800247c                HAL_TIM_IC_Start
 .text.TIM_CCxNChannelCmd
                0x080025b4       0x1c .pio/build/nucleo_f303re/SrcWrapper/src/HAL/stm32yyxx_hal_tim_ex.c.o
 .text.HAL_TIMEx_OCN_Start
                0x080025d0       0xb8 .pio/build/nucleo_f303re/SrcWrapper/src/HAL/stm32yyxx_hal_tim_ex.c.o
                0x080025d0                HAL_TIMEx_OCN_Start
 .text.HAL_TIMEx_PWMN_Start
                0x08002688        0x4 .pio/build/nucleo_f303re/SrcWrapper/src/HAL/stm32yyxx_hal_tim_ex.c.o
                0x08002688                HAL_TIMEx_PWMN_Start
 .text.HAL_TIMEx_CommutCallback
                0x0800268c        0x2 .pio/build/nucleo_f303re/SrcWrapper/src/HAL/stm32yyxx_hal_tim_ex.c.o
                0x0800268c                HAL_TIMEx_CommutCallback
 .text.HAL_TIMEx_BreakCallback
                0x0800268e        0x2 .pio/build/nucleo_f303re/SrcWrapper/src/HAL/stm32yyxx_hal_tim_ex.c.o
                0x0800268e                HAL_TIMEx_BreakCallback
 .text.HAL_TIMEx_Break2Callback
                0x08002690        0x2 .pio/build/nucleo_f303re/SrcWrapper/src/HAL/stm32yyxx_hal_tim_ex.c.o
                0x08002690                HAL_TIMEx_Break2Callback
 .text.UART_EndRxTransfer
                0x08002692       0x50 .pio/build/nucleo_f303re/SrcWrapper/src/HAL/stm32yyxx_hal_uart.c.o
 .text.UART_TxISR_8BIT.part.0
                0x080026e2       0x26 .pio/build/nucleo_f303re/SrcWrapper/src/HAL/stm32yyxx_hal_uart.c.o
 .text.UART_TxISR_8BIT
                0x08002708       0x2e .pio/build/nucleo_f303re/SrcWrapper/src/HAL/stm32yyxx_hal_uart.c.o
 .text.UART_TxISR_16BIT
                0x08002736       0x32 .pio/build/nucleo_f303re/SrcWrapper/src/HAL/stm32yyxx_hal_uart.c.o
 .text.HAL_UART_MspInit
                0x08002768        0x2 .pio/build/nucleo_f303re/SrcWrapper/src/HAL/stm32yyxx_hal_uart.c.o
                0x08002768                HAL_UART_MspInit
 *fill*         0x0800276a        0x2 
 .text.HAL_UART_Transmit_IT
                0x0800276c       0x60 .pio/build/nucleo_f303re/SrcWrapper/src/HAL/stm32yyxx_hal_uart.c.o
                0x0800276c                HAL_UART_Transmit_IT
 .text.UART_DMAAbortOnError
                0x080027cc       0x14 .pio/build/nucleo_f303re/SrcWrapper/src/HAL/stm32yyxx_hal_uart.c.o
 .text.HAL_UARTEx_RxEventCallback
                0x080027e0        0x2 .pio/build/nucleo_f303re/SrcWrapper/src/HAL/stm32yyxx_hal_uart.c.o
                0x080027e0                HAL_UARTEx_RxEventCallback
 *fill*         0x080027e2        0x2 
 .text.HAL_UART_IRQHandler
                0x080027e4      0x2e4 .pio/build/nucleo_f303re/SrcWrapper/src/HAL/stm32yyxx_hal_uart.c.o
                0x080027e4                HAL_UART_IRQHandler
 .text.UART_RxISR_8BIT
                0x08002ac8       0xc0 .pio/build/nucleo_f303re/SrcWrapper/src/HAL/stm32yyxx_hal_uart.c.o
 .text.UART_RxISR_16BIT
                0x08002b88       0xba .pio/build/nucleo_f303re/SrcWrapper/src/HAL/stm32yyxx_hal_uart.c.o
 .text.HAL_HalfDuplex_EnableTransmitter
                0x08002c42       0x48 .pio/build/nucleo_f303re/SrcWrapper/src/HAL/stm32yyxx_hal_uart.c.o
                0x08002c42                HAL_HalfDuplex_EnableTransmitter
 .text.HAL_HalfDuplex_EnableReceiver
                0x08002c8a       0x48 .pio/build/nucleo_f303re/SrcWrapper/src/HAL/stm32yyxx_hal_uart.c.o
                0x08002c8a                HAL_HalfDuplex_EnableReceiver
 .text.HAL_UART_GetState
                0x08002cd2        0xa .pio/build/nucleo_f303re/SrcWrapper/src/HAL/stm32yyxx_hal_uart.c.o
                0x08002cd2                HAL_UART_GetState
 .text.UART_SetConfig
                0x08002cdc      0x1ac .pio/build/nucleo_f303re/SrcWrapper/src/HAL/stm32yyxx_hal_uart.c.o
                0x08002cdc                UART_SetConfig
 .text.UART_AdvFeatureConfig
                0x08002e88       0xa8 .pio/build/nucleo_f303re/SrcWrapper/src/HAL/stm32yyxx_hal_uart.c.o
                0x08002e88                UART_AdvFeatureConfig
 .text.UART_WaitOnFlagUntilTimeout
                0x08002f30       0x90 .pio/build/nucleo_f303re/SrcWrapper/src/HAL/stm32yyxx_hal_uart.c.o
                0x08002f30                UART_WaitOnFlagUntilTimeout
 .text.UART_CheckIdleState
                0x08002fc0       0xb2 .pio/build/nucleo_f303re/SrcWrapper/src/HAL/stm32yyxx_hal_uart.c.o
                0x08002fc0                UART_CheckIdleState
 .text.HAL_UART_Init
                0x08003072       0x5c .pio/build/nucleo_f303re/SrcWrapper/src/HAL/stm32yyxx_hal_uart.c.o
                0x08003072                HAL_UART_Init
 .text.HAL_HalfDuplex_Init
                0x080030ce       0x64 .pio/build/nucleo_f303re/SrcWrapper/src/HAL/stm32yyxx_hal_uart.c.o
                0x080030ce                HAL_HalfDuplex_Init
 *fill*         0x08003132        0x2 
 .text.UART_Start_Receive_IT
                0x08003134       0xb8 .pio/build/nucleo_f303re/SrcWrapper/src/HAL/stm32yyxx_hal_uart.c.o
                0x08003134                UART_Start_Receive_IT
 .text.HAL_UART_Receive_IT
                0x080031ec       0x3a .pio/build/nucleo_f303re/SrcWrapper/src/HAL/stm32yyxx_hal_uart.c.o
                0x080031ec                HAL_UART_Receive_IT
 .text._ZNSt8functionIFvvEEaSEDn.isra.0
                0x08003226       0x16 .pio/build/nucleo_f303re/SrcWrapper/src/HardwareTimer.cpp.o
 .text._ZNSt14_Function_baseD2Ev
                0x0800323c       0x12 .pio/build/nucleo_f303re/SrcWrapper/src/HardwareTimer.cpp.o
                0x0800323c                std::_Function_base::~_Function_base()
                0x0800323c                std::_Function_base::~_Function_base()
 .text._ZN13HardwareTimer10getChannelEm
                0x0800324e        0xe .pio/build/nucleo_f303re/SrcWrapper/src/HardwareTimer.cpp.o
                0x0800324e                HardwareTimer::getChannel(unsigned long)
 .text._ZN13HardwareTimer12getLLChannelEm
                0x0800325c       0x44 .pio/build/nucleo_f303re/SrcWrapper/src/HardwareTimer.cpp.o
                0x0800325c                HardwareTimer::getLLChannel(unsigned long)
 .text._ZN13HardwareTimer5getITEm
                0x080032a0       0x14 .pio/build/nucleo_f303re/SrcWrapper/src/HardwareTimer.cpp.o
                0x080032a0                HardwareTimer::getIT(unsigned long)
 .text._ZN13HardwareTimer20getAssociatedChannelEm
                0x080032b4       0x14 .pio/build/nucleo_f303re/SrcWrapper/src/HardwareTimer.cpp.o
                0x080032b4                HardwareTimer::getAssociatedChannel(unsigned long)
 .text._ZN13HardwareTimer13resumeChannelEm
                0x080032c8       0xf6 .pio/build/nucleo_f303re/SrcWrapper/src/HardwareTimer.cpp.o
                0x080032c8                HardwareTimer::resumeChannel(unsigned long)
 .text._ZN13HardwareTimer6resumeEv
                0x080033be       0x4c .pio/build/nucleo_f303re/SrcWrapper/src/HardwareTimer.cpp.o
                0x080033be                HardwareTimer::resume()
 *fill*         0x0800340a        0x2 
 .text._ZN13HardwareTimer7setModeEm12TimerModes_t7PinName20ChannelInputFilter_t
                0x0800340c      0x238 .pio/build/nucleo_f303re/SrcWrapper/src/HardwareTimer.cpp.o
                0x0800340c                HardwareTimer::setMode(unsigned long, TimerModes_t, PinName, ChannelInputFilter_t)
 .text._ZN13HardwareTimer7getModeEm
                0x08003644       0x10 .pio/build/nucleo_f303re/SrcWrapper/src/HardwareTimer.cpp.o
                0x08003644                HardwareTimer::getMode(unsigned long)
 .text._ZN13HardwareTimer7refreshEv
                0x08003654        0x8 .pio/build/nucleo_f303re/SrcWrapper/src/HardwareTimer.cpp.o
                0x08003654                HardwareTimer::refresh()
 .text._ZN13HardwareTimer9isRunningEv
                0x0800365c        0xa .pio/build/nucleo_f303re/SrcWrapper/src/HardwareTimer.cpp.o
                0x0800365c                HardwareTimer::isRunning()
 .text._ZN13HardwareTimer27updateRegistersIfNotRunningEP11TIM_TypeDef
                0x08003666       0x3a .pio/build/nucleo_f303re/SrcWrapper/src/HardwareTimer.cpp.o
                0x08003666                HardwareTimer::updateRegistersIfNotRunning(TIM_TypeDef*)
 .text._Z15get_timer_indexP11TIM_TypeDef
                0x080036a0       0x88 .pio/build/nucleo_f303re/SrcWrapper/src/HardwareTimer.cpp.o
                0x080036a0                get_timer_index(TIM_TypeDef*)
 .text._ZN13HardwareTimerD2Ev
                0x08003728       0x40 .pio/build/nucleo_f303re/SrcWrapper/src/HardwareTimer.cpp.o
                0x08003728                HardwareTimer::~HardwareTimer()
                0x08003728                HardwareTimer::~HardwareTimer()
 .text._ZN13HardwareTimer5setupEP11TIM_TypeDef
                0x08003768       0x98 .pio/build/nucleo_f303re/SrcWrapper/src/HardwareTimer.cpp.o
                0x08003768                HardwareTimer::setup(TIM_TypeDef*)
 .text._ZN13HardwareTimer15getTimerClkFreqEv
                0x08003800       0x58 .pio/build/nucleo_f303re/SrcWrapper/src/HardwareTimer.cpp.o
                0x08003800                HardwareTimer::getTimerClkFreq()
 .text._ZN13HardwareTimer11setOverflowEm13TimerFormat_t
                0x08003858       0x4c .pio/build/nucleo_f303re/SrcWrapper/src/HardwareTimer.cpp.o
                0x08003858                HardwareTimer::setOverflow(unsigned long, TimerFormat_t)
 .text._ZN13HardwareTimer17setCaptureCompareEmm20TimerCompareFormat_t
                0x080038a4       0xb0 .pio/build/nucleo_f303re/SrcWrapper/src/HardwareTimer.cpp.o
                0x080038a4                HardwareTimer::setCaptureCompare(unsigned long, unsigned long, TimerCompareFormat_t)
 .text.TIM1_UP_TIM16_IRQHandler
                0x08003954       0x24 .pio/build/nucleo_f303re/SrcWrapper/src/HardwareTimer.cpp.o
                0x08003954                TIM1_UP_TIM16_IRQHandler
 .text.TIM2_IRQHandler
                0x08003978       0x14 .pio/build/nucleo_f303re/SrcWrapper/src/HardwareTimer.cpp.o
                0x08003978                TIM2_IRQHandler
 .text.TIM3_IRQHandler
                0x0800398c       0x14 .pio/build/nucleo_f303re/SrcWrapper/src/HardwareTimer.cpp.o
                0x0800398c                TIM3_IRQHandler
 .text.TIM4_IRQHandler
                0x080039a0       0x14 .pio/build/nucleo_f303re/SrcWrapper/src/HardwareTimer.cpp.o
                0x080039a0                TIM4_IRQHandler
 .text.TIM6_DAC_IRQHandler
                0x080039b4       0x14 .pio/build/nucleo_f303re/SrcWrapper/src/HardwareTimer.cpp.o
                0x080039b4                TIM6_DAC_IRQHandler
 .text.TIM7_IRQHandler
                0x080039c8       0x14 .pio/build/nucleo_f303re/SrcWrapper/src/HardwareTimer.cpp.o
                0x080039c8                TIM7_IRQHandler
 .text.TIM8_UP_IRQHandler
                0x080039dc       0x14 .pio/build/nucleo_f303re/SrcWrapper/src/HardwareTimer.cpp.o
                0x080039dc                TIM8_UP_IRQHandler
 .text.TIM8_CC_IRQHandler
                0x080039f0        0x4 .pio/build/nucleo_f303re/SrcWrapper/src/HardwareTimer.cpp.o
                0x080039f0                TIM8_CC_IRQHandler
 .text.TIM1_BRK_TIM15_IRQHandler
                0x080039f4       0x14 .pio/build/nucleo_f303re/SrcWrapper/src/HardwareTimer.cpp.o
                0x080039f4                TIM1_BRK_TIM15_IRQHandler
 .text.TIM1_TRG_COM_TIM17_IRQHandler
                0x08003a08       0x14 .pio/build/nucleo_f303re/SrcWrapper/src/HardwareTimer.cpp.o
                0x08003a08                TIM1_TRG_COM_TIM17_IRQHandler
 .text.TIM20_UP_IRQHandler
                0x08003a1c       0x14 .pio/build/nucleo_f303re/SrcWrapper/src/HardwareTimer.cpp.o
                0x08003a1c                TIM20_UP_IRQHandler
 .text.TIM20_CC_IRQHandler
                0x08003a30        0x4 .pio/build/nucleo_f303re/SrcWrapper/src/HardwareTimer.cpp.o
                0x08003a30                TIM20_CC_IRQHandler
 .text._ZNSt8functionIFvvEEC2Ev
                0x08003a34        0xc .pio/build/nucleo_f303re/SrcWrapper/src/HardwareTimer.cpp.o
                0x08003a34                std::function<void ()>::function()
                0x08003a34                std::function<void ()>::function()
 .text._ZN13HardwareTimerC2EP11TIM_TypeDef
                0x08003a40       0x2a .pio/build/nucleo_f303re/SrcWrapper/src/HardwareTimer.cpp.o
                0x08003a40                HardwareTimer::HardwareTimer(TIM_TypeDef*)
                0x08003a40                HardwareTimer::HardwareTimer(TIM_TypeDef*)
 .text._ZNSt8functionIFvvEEC2ERKS1_
                0x08003a6a       0x24 .pio/build/nucleo_f303re/SrcWrapper/src/HardwareTimer.cpp.o
                0x08003a6a                std::function<void ()>::function(std::function<void ()> const&)
                0x08003a6a                std::function<void ()>::function(std::function<void ()> const&)
 .text._ZNSt8functionIFvvEEaSERKS1_.isra.0
                0x08003a8e       0x42 .pio/build/nucleo_f303re/SrcWrapper/src/HardwareTimer.cpp.o
 .text._ZN13HardwareTimer15attachInterruptESt8functionIFvvEE
                0x08003ad0       0x2e .pio/build/nucleo_f303re/SrcWrapper/src/HardwareTimer.cpp.o
                0x08003ad0                HardwareTimer::attachInterrupt(std::function<void ()>)
 .text._ZNKSt8functionIFvvEEclEv
                0x08003afe       0x12 .pio/build/nucleo_f303re/SrcWrapper/src/HardwareTimer.cpp.o
                0x08003afe                std::function<void ()>::operator()() const
 .text._ZN13HardwareTimer14updateCallbackEP17TIM_HandleTypeDef
                0x08003b10       0x18 .pio/build/nucleo_f303re/SrcWrapper/src/HardwareTimer.cpp.o
                0x08003b10                HardwareTimer::updateCallback(TIM_HandleTypeDef*)
 .text.HAL_TIM_PeriodElapsedCallback
                0x08003b28        0x4 .pio/build/nucleo_f303re/SrcWrapper/src/HardwareTimer.cpp.o
                0x08003b28                HAL_TIM_PeriodElapsedCallback
 .text._ZN13HardwareTimer22captureCompareCallbackEP17TIM_HandleTypeDef
                0x08003b2c       0x3e .pio/build/nucleo_f303re/SrcWrapper/src/HardwareTimer.cpp.o
                0x08003b2c                HardwareTimer::captureCompareCallback(TIM_HandleTypeDef*)
 .text.HAL_TIM_OC_DelayElapsedCallback
                0x08003b6a        0x4 .pio/build/nucleo_f303re/SrcWrapper/src/HardwareTimer.cpp.o
                0x08003b6a                HAL_TIM_OC_DelayElapsedCallback
 .text.HAL_TIM_IC_CaptureCallback
                0x08003b6e        0x4 .pio/build/nucleo_f303re/SrcWrapper/src/HardwareTimer.cpp.o
                0x08003b6e                HAL_TIM_IC_CaptureCallback
 .text._Znwj    0x08003b72        0x4 .pio/build/nucleo_f303re/SrcWrapper/src/new.cpp.o
                0x08003b72                operator new(unsigned int)
 .text._ZdlPvj  0x08003b76        0x4 .pio/build/nucleo_f303re/SrcWrapper/src/new.cpp.o
                0x08003b76                operator delete(void*, unsigned int)
 *fill*         0x08003b7a        0x2 
 .text.set_GPIO_Port_Clock
                0x08003b7c       0xfc .pio/build/nucleo_f303re/SrcWrapper/src/stm32/PortNames.c.o
                0x08003b7c                set_GPIO_Port_Clock
 .text.get_dac_channel
                0x08003c78       0x24 .pio/build/nucleo_f303re/SrcWrapper/src/stm32/analog.cpp.o
                0x08003c78                get_dac_channel
 .text.HAL_DAC_MspInit
                0x08003c9c       0x38 .pio/build/nucleo_f303re/SrcWrapper/src/stm32/analog.cpp.o
                0x08003c9c                HAL_DAC_MspInit
 .text.dac_write_value
                0x08003cd4       0x7c .pio/build/nucleo_f303re/SrcWrapper/src/stm32/analog.cpp.o
                0x08003cd4                dac_write_value
 .text.HAL_DAC_MspDeInit
                0x08003d50       0x2c .pio/build/nucleo_f303re/SrcWrapper/src/stm32/analog.cpp.o
                0x08003d50                HAL_DAC_MspDeInit
 .text.dac_stop
                0x08003d7c       0x34 .pio/build/nucleo_f303re/SrcWrapper/src/stm32/analog.cpp.o
                0x08003d7c                dac_stop
 .text.pwm_start
                0x08003db0       0xa4 .pio/build/nucleo_f303re/SrcWrapper/src/stm32/analog.cpp.o
                0x08003db0                pwm_start
 .text.pwm_stop
                0x08003e54       0x5c .pio/build/nucleo_f303re/SrcWrapper/src/stm32/analog.cpp.o
                0x08003e54                pwm_stop
 .text.getCurrentMillis
                0x08003eb0        0x4 .pio/build/nucleo_f303re/SrcWrapper/src/stm32/clock.c.o
                0x08003eb0                getCurrentMillis
 .text.noOsSystickHandler
                0x08003eb4        0x2 .pio/build/nucleo_f303re/SrcWrapper/src/stm32/clock.c.o
                0x08003eb4                noOsSystickHandler
                0x08003eb4                osSystickHandler
 .text.SysTick_Handler
                0x08003eb6       0x10 .pio/build/nucleo_f303re/SrcWrapper/src/stm32/clock.c.o
                0x08003eb6                SysTick_Handler
 .text.configHSECapacitorTuning
                0x08003ec6        0x2 .pio/build/nucleo_f303re/SrcWrapper/src/stm32/clock.c.o
                0x08003ec6                configHSECapacitorTuning
 .text.configIPClock
                0x08003ec8       0x44 .pio/build/nucleo_f303re/SrcWrapper/src/stm32/clock.c.o
                0x08003ec8                configIPClock
 .text.dwt_init
                0x08003f0c       0x3c .pio/build/nucleo_f303re/SrcWrapper/src/stm32/dwt.c.o
                0x08003f0c                dwt_init
 .text.hw_config_init
                0x08003f48       0x24 .pio/build/nucleo_f303re/SrcWrapper/src/stm32/hw_config.c.o
                0x08003f48                hw_config_init
 .text._ZNSt17_Function_handlerIFvvEPS0_E10_M_managerERSt9_Any_dataRKS3_St18_Manager_operation
                0x08003f6c       0x20 .pio/build/nucleo_f303re/SrcWrapper/src/stm32/interrupt.cpp.o
                0x08003f6c                std::_Function_handler<void (), void (*)()>::_M_manager(std::_Any_data&, std::_Any_data const&, std::_Manager_operation)
 .text._ZNSt17_Function_handlerIFvvEPS0_E9_M_invokeERKSt9_Any_data
                0x08003f8c        0x4 .pio/build/nucleo_f303re/SrcWrapper/src/stm32/interrupt.cpp.o
                0x08003f8c                std::_Function_handler<void (), void (*)()>::_M_invoke(std::_Any_data const&)
 .text.startup._ZNSt8functionIFvvEEC2EDn.constprop.0.isra.0
                0x08003f90        0xc .pio/build/nucleo_f303re/SrcWrapper/src/stm32/interrupt.cpp.o
 .text.HAL_GPIO_EXTI_Callback
                0x08003f9c       0x2c .pio/build/nucleo_f303re/SrcWrapper/src/stm32/interrupt.cpp.o
                0x08003f9c                HAL_GPIO_EXTI_Callback
 .text.EXTI0_IRQHandler
                0x08003fc8        0x6 .pio/build/nucleo_f303re/SrcWrapper/src/stm32/interrupt.cpp.o
                0x08003fc8                EXTI0_IRQHandler
 .text.EXTI1_IRQHandler
                0x08003fce        0x6 .pio/build/nucleo_f303re/SrcWrapper/src/stm32/interrupt.cpp.o
                0x08003fce                EXTI1_IRQHandler
 .text.EXTI3_IRQHandler
                0x08003fd4        0x6 .pio/build/nucleo_f303re/SrcWrapper/src/stm32/interrupt.cpp.o
                0x08003fd4                EXTI3_IRQHandler
 .text.EXTI4_IRQHandler
                0x08003fda        0x6 .pio/build/nucleo_f303re/SrcWrapper/src/stm32/interrupt.cpp.o
                0x08003fda                EXTI4_IRQHandler
 .text.EXTI9_5_IRQHandler
                0x08003fe0       0x16 .pio/build/nucleo_f303re/SrcWrapper/src/stm32/interrupt.cpp.o
                0x08003fe0                EXTI9_5_IRQHandler
 .text.EXTI15_10_IRQHandler
                0x08003ff6       0x18 .pio/build/nucleo_f303re/SrcWrapper/src/stm32/interrupt.cpp.o
                0x08003ff6                EXTI15_10_IRQHandler
 *fill*         0x0800400e        0x2 
 .text.startup._GLOBAL__sub_I__Z22stm32_interrupt_enable7PinNameSt8functionIFvvEEm
                0x08004010       0xd8 .pio/build/nucleo_f303re/SrcWrapper/src/stm32/interrupt.cpp.o
 .text.exit._GLOBAL__sub_D__Z22stm32_interrupt_enable7PinNameSt8functionIFvvEEm
                0x080040e8       0x1c .pio/build/nucleo_f303re/SrcWrapper/src/stm32/interrupt.cpp.o
 .text.LL_GPIO_SetPinPull
                0x08004104       0x2a .pio/build/nucleo_f303re/SrcWrapper/src/stm32/pinmap.c.o
 .text.pin_in_pinmap
                0x0800412e       0x1e .pio/build/nucleo_f303re/SrcWrapper/src/stm32/pinmap.c.o
                0x0800412e                pin_in_pinmap
 .text.pin_function
                0x0800414c      0x11c .pio/build/nucleo_f303re/SrcWrapper/src/stm32/pinmap.c.o
                0x0800414c                pin_function
 .text.pinmap_pinout
                0x08004268       0x1a .pio/build/nucleo_f303re/SrcWrapper/src/stm32/pinmap.c.o
                0x08004268                pinmap_pinout
 .text.pinmap_find_peripheral
                0x08004282       0x16 .pio/build/nucleo_f303re/SrcWrapper/src/stm32/pinmap.c.o
                0x08004282                pinmap_find_peripheral
 .text.pinmap_peripheral
                0x08004298        0xc .pio/build/nucleo_f303re/SrcWrapper/src/stm32/pinmap.c.o
                0x08004298                pinmap_peripheral
 .text.pinmap_find_pin
                0x080042a4       0x16 .pio/build/nucleo_f303re/SrcWrapper/src/stm32/pinmap.c.o
                0x080042a4                pinmap_find_pin
 .text.pinmap_pin
                0x080042ba        0xc .pio/build/nucleo_f303re/SrcWrapper/src/stm32/pinmap.c.o
                0x080042ba                pinmap_pin
 .text.pinmap_find_function
                0x080042c6       0x16 .pio/build/nucleo_f303re/SrcWrapper/src/stm32/pinmap.c.o
                0x080042c6                pinmap_find_function
 .text.pinmap_function
                0x080042dc        0xa .pio/build/nucleo_f303re/SrcWrapper/src/stm32/pinmap.c.o
                0x080042dc                pinmap_function
 .text.pinmap_merge_peripheral
                0x080042e6       0x14 .pio/build/nucleo_f303re/SrcWrapper/src/stm32/pinmap.c.o
                0x080042e6                pinmap_merge_peripheral
 *fill*         0x080042fa        0x2 
 .text.SystemInit
                0x080042fc       0x6c .pio/build/nucleo_f303re/SrcWrapper/src/stm32/system_stm32yyxx.c.o
                0x080042fc                SystemInit
 .text.get_timer_obj
                0x08004368        0x4 .pio/build/nucleo_f303re/SrcWrapper/src/stm32/timer.c.o
                0x08004368                get_timer_obj
 .text.enableTimerClock
                0x0800436c      0x168 .pio/build/nucleo_f303re/SrcWrapper/src/stm32/timer.c.o
                0x0800436c                enableTimerClock
 .text.disableTimerClock
                0x080044d4       0xf8 .pio/build/nucleo_f303re/SrcWrapper/src/stm32/timer.c.o
                0x080044d4                disableTimerClock
 .text.getTimerUpIrq
                0x080045cc       0x9c .pio/build/nucleo_f303re/SrcWrapper/src/stm32/timer.c.o
                0x080045cc                getTimerUpIrq
 .text.getTimerCCIrq
                0x08004668       0xa0 .pio/build/nucleo_f303re/SrcWrapper/src/stm32/timer.c.o
                0x08004668                getTimerCCIrq
 .text.HAL_TIM_Base_MspInit
                0x08004708       0x4e .pio/build/nucleo_f303re/SrcWrapper/src/stm32/timer.c.o
                0x08004708                HAL_TIM_Base_MspInit
 *fill*         0x08004756        0x2 
 .text.getTimerClkSrc
                0x08004758       0x70 .pio/build/nucleo_f303re/SrcWrapper/src/stm32/timer.c.o
                0x08004758                getTimerClkSrc
 .text.getTimerChannel
                0x080047c8       0x20 .pio/build/nucleo_f303re/SrcWrapper/src/stm32/timer.c.o
                0x080047c8                getTimerChannel
 .text.uart_init
                0x080047e8      0x324 .pio/build/nucleo_f303re/SrcWrapper/src/stm32/uart.c.o
                0x080047e8                uart_init
 .text.serial_rx_active
                0x08004b0c       0x24 .pio/build/nucleo_f303re/SrcWrapper/src/stm32/uart.c.o
                0x08004b0c                serial_rx_active
 .text.serial_tx_active
                0x08004b30       0x24 .pio/build/nucleo_f303re/SrcWrapper/src/stm32/uart.c.o
                0x08004b30                serial_tx_active
 .text.uart_getc
                0x08004b54       0x38 .pio/build/nucleo_f303re/SrcWrapper/src/stm32/uart.c.o
                0x08004b54                uart_getc
 .text.uart_attach_rx_callback
                0x08004b8c       0x40 .pio/build/nucleo_f303re/SrcWrapper/src/stm32/uart.c.o
                0x08004b8c                uart_attach_rx_callback
 .text.uart_attach_tx_callback
                0x08004bcc       0x44 .pio/build/nucleo_f303re/SrcWrapper/src/stm32/uart.c.o
                0x08004bcc                uart_attach_tx_callback
 .text.uart_enable_tx
                0x08004c10       0x20 .pio/build/nucleo_f303re/SrcWrapper/src/stm32/uart.c.o
                0x08004c10                uart_enable_tx
 .text.uart_enable_rx
                0x08004c30       0x20 .pio/build/nucleo_f303re/SrcWrapper/src/stm32/uart.c.o
                0x08004c30                uart_enable_rx
 .text.HAL_UART_RxCpltCallback
                0x08004c50        0x8 .pio/build/nucleo_f303re/SrcWrapper/src/stm32/uart.c.o
                0x08004c50                HAL_UART_RxCpltCallback
 .text.HAL_UART_TxCpltCallback
                0x08004c58        0x8 .pio/build/nucleo_f303re/SrcWrapper/src/stm32/uart.c.o
                0x08004c58                HAL_UART_TxCpltCallback
 .text.HAL_UART_ErrorCallback
                0x08004c60       0x48 .pio/build/nucleo_f303re/SrcWrapper/src/stm32/uart.c.o
                0x08004c60                HAL_UART_ErrorCallback
 .text.USART1_IRQHandler
                0x08004ca8       0x18 .pio/build/nucleo_f303re/SrcWrapper/src/stm32/uart.c.o
                0x08004ca8                USART1_IRQHandler
 .text.USART2_IRQHandler
                0x08004cc0       0x1c .pio/build/nucleo_f303re/SrcWrapper/src/stm32/uart.c.o
                0x08004cc0                USART2_IRQHandler
 .text.USART3_IRQHandler
                0x08004cdc       0x1c .pio/build/nucleo_f303re/SrcWrapper/src/stm32/uart.c.o
                0x08004cdc                USART3_IRQHandler
 .text.UART4_IRQHandler
                0x08004cf8       0x18 .pio/build/nucleo_f303re/SrcWrapper/src/stm32/uart.c.o
                0x08004cf8                UART4_IRQHandler
 .text.UART5_IRQHandler
                0x08004d10       0x18 .pio/build/nucleo_f303re/SrcWrapper/src/stm32/uart.c.o
                0x08004d10                UART5_IRQHandler
 .text.HAL_UARTEx_WakeupCallback
                0x08004d28        0xa .pio/build/nucleo_f303re/SrcWrapper/src/stm32/uart.c.o
                0x08004d28                HAL_UARTEx_WakeupCallback
 *fill*         0x08004d32        0x2 
 .text._sbrk    0x08004d34       0x3c .pio/build/nucleo_f303re/SrcWrapper/src/syscalls.c.o
                0x08004d34                _sbrk
 .text._exit    0x08004d70        0x2 .pio/build/nucleo_f303re/SrcWrapper/src/syscalls.c.o
                0x08004d70                _exit
 *fill*         0x08004d72        0x2 
 .text._kill    0x08004d74       0x10 .pio/build/nucleo_f303re/SrcWrapper/src/syscalls.c.o
                0x08004d74                _kill
 .text._getpid  0x08004d84        0x4 .pio/build/nucleo_f303re/SrcWrapper/src/syscalls.c.o
                0x08004d84                _getpid
 .text._ZL8adc_readP11ADC_TypeDefh.constprop.0
                0x08004d88       0x26 .pio/build/nucleo_f303re/src/main.cpp.o
 *fill*         0x08004dae        0x2 
 .text._Z8audioISRv
                0x08004db0      0x230 .pio/build/nucleo_f303re/src/main.cpp.o
                0x08004db0                audioISR()
 .text._ZN14HardwareSerial5writeEi.isra.0
                0x08004fe0        0x8 .pio/build/nucleo_f303re/src/main.cpp.o
 .text._ZN5Print5writeEPKc.isra.0
                0x08004fe8       0x20 .pio/build/nucleo_f303re/src/main.cpp.o
 .text._Z11coordsToPosii
                0x08005008       0x28 .pio/build/nucleo_f303re/src/main.cpp.o
                0x08005008                coordsToPos(int, int)
 .text._Z7goToPosii
                0x08005030       0x30 .pio/build/nucleo_f303re/src/main.cpp.o
                0x08005030                goToPos(int, int)
 .text._Z13writeStrAtPosii6String
                0x08005060       0x18 .pio/build/nucleo_f303re/src/main.cpp.o
                0x08005060                writeStrAtPos(int, int, String)
 .text.loop     0x08005078      0x294 .pio/build/nucleo_f303re/src/main.cpp.o
                0x08005078                loop
 .text._Z10writeAtPosiii
                0x0800530c       0x18 .pio/build/nucleo_f303re/src/main.cpp.o
                0x0800530c                writeAtPos(int, int, int)
 .text._Z11drawColLineii
                0x08005324       0x1a .pio/build/nucleo_f303re/src/main.cpp.o
                0x08005324                drawColLine(int, int)
 .text._Z11drawRowLineii
                0x0800533e       0x1a .pio/build/nucleo_f303re/src/main.cpp.o
                0x0800533e                drawRowLine(int, int)
 .text._Z8setupLCDv
                0x08005358       0x9c .pio/build/nucleo_f303re/src/main.cpp.o
                0x08005358                setupLCD()
 .text.setup    0x080053f4      0x1cc .pio/build/nucleo_f303re/src/main.cpp.o
                0x080053f4                setup
 .text._ZN14HardwareSerial9availableEv
                0x080055c0       0x10 .pio/build/nucleo_f303re/libFrameworkArduino.a(HardwareSerial.cpp.o)
                0x080055c0                HardwareSerial::available()
 .text._ZN14HardwareSerial4peekEv
                0x080055d0       0x1a .pio/build/nucleo_f303re/libFrameworkArduino.a(HardwareSerial.cpp.o)
                0x080055d0                HardwareSerial::peek()
 .text._ZN14HardwareSerial17availableForWriteEv
                0x080055ea       0x1c .pio/build/nucleo_f303re/libFrameworkArduino.a(HardwareSerial.cpp.o)
                0x080055ea                HardwareSerial::availableForWrite()
 .text._ZN14HardwareSerial5writeEh
                0x08005606       0x18 .pio/build/nucleo_f303re/libFrameworkArduino.a(HardwareSerial.cpp.o)
                0x08005606                HardwareSerial::write(unsigned char)
 .text._ZN14HardwareSerial16_rx_complete_irqEP8serial_s
                0x0800561e       0x38 .pio/build/nucleo_f303re/libFrameworkArduino.a(HardwareSerial.cpp.o)
                0x0800561e                HardwareSerial::_rx_complete_irq(serial_s*)
 *fill*         0x08005656        0x2 
 .text._ZN14HardwareSerial16_tx_complete_irqEP8serial_s
                0x08005658       0x64 .pio/build/nucleo_f303re/libFrameworkArduino.a(HardwareSerial.cpp.o)
                0x08005658                HardwareSerial::_tx_complete_irq(serial_s*)
 .text._ZN14HardwareSerial5writeEPKhj
                0x080056bc       0xe4 .pio/build/nucleo_f303re/libFrameworkArduino.a(HardwareSerial.cpp.o)
                0x080056bc                HardwareSerial::write(unsigned char const*, unsigned int)
 .text._ZN14HardwareSerial4initE7PinNameS0_S0_S0_
                0x080057a0       0x32 .pio/build/nucleo_f303re/libFrameworkArduino.a(HardwareSerial.cpp.o)
                0x080057a0                HardwareSerial::init(PinName, PinName, PinName, PinName)
 .text._ZN14HardwareSerial5flushEm
                0x080057d2       0x36 .pio/build/nucleo_f303re/libFrameworkArduino.a(HardwareSerial.cpp.o)
                0x080057d2                HardwareSerial::flush(unsigned long)
 .text._ZN14HardwareSerial5flushEv
                0x08005808        0x6 .pio/build/nucleo_f303re/libFrameworkArduino.a(HardwareSerial.cpp.o)
                0x08005808                HardwareSerial::flush()
 *fill*         0x0800580e        0x2 
 .text._ZN14HardwareSerial5setRxEm
                0x08005810       0x48 .pio/build/nucleo_f303re/libFrameworkArduino.a(HardwareSerial.cpp.o)
                0x08005810                HardwareSerial::setRx(unsigned long)
 .text._ZN14HardwareSerial5setTxEm
                0x08005858       0x48 .pio/build/nucleo_f303re/libFrameworkArduino.a(HardwareSerial.cpp.o)
                0x08005858                HardwareSerial::setTx(unsigned long)
 .text._ZN14HardwareSerialC2EPv16HalfDuplexMode_t
                0x080058a0       0x9c .pio/build/nucleo_f303re/libFrameworkArduino.a(HardwareSerial.cpp.o)
                0x080058a0                HardwareSerial::HardwareSerial(void*, HalfDuplexMode_t)
                0x080058a0                HardwareSerial::HardwareSerial(void*, HalfDuplexMode_t)
 .text._ZN14HardwareSerial18enableHalfDuplexRxEv
                0x0800593c       0x2c .pio/build/nucleo_f303re/libFrameworkArduino.a(HardwareSerial.cpp.o)
                0x0800593c                HardwareSerial::enableHalfDuplexRx()
 .text._ZN14HardwareSerial5beginEmh
                0x08005968       0x94 .pio/build/nucleo_f303re/libFrameworkArduino.a(HardwareSerial.cpp.o)
                0x08005968                HardwareSerial::begin(unsigned long, unsigned char)
 .text._ZN14HardwareSerial4readEv
                0x080059fc       0x2e .pio/build/nucleo_f303re/libFrameworkArduino.a(HardwareSerial.cpp.o)
                0x080059fc                HardwareSerial::read()
 *fill*         0x08005a2a        0x2 
 .text.startup._GLOBAL__sub_I_Serial1
                0x08005a2c       0x2c .pio/build/nucleo_f303re/libFrameworkArduino.a(HardwareSerial.cpp.o)
 .text._ZN5Print5writeEPKc
                0x08005a58       0x20 .pio/build/nucleo_f303re/libFrameworkArduino.a(Print.cpp.o)
                0x08005a58                Print::write(char const*)
 .text._ZN5Print5printERK6String
                0x08005a78        0xa .pio/build/nucleo_f303re/libFrameworkArduino.a(Print.cpp.o)
                0x08005a78                Print::print(String const&)
 .text._ZN5Print5printEPKc
                0x08005a82        0x8 .pio/build/nucleo_f303re/libFrameworkArduino.a(Print.cpp.o)
                0x08005a82                Print::print(char const*)
 .text._ZN5Print5printEc
                0x08005a8a        0x6 .pio/build/nucleo_f303re/libFrameworkArduino.a(Print.cpp.o)
                0x08005a8a                Print::print(char)
 .text._ZN5Print7printlnEv
                0x08005a90       0x10 .pio/build/nucleo_f303re/libFrameworkArduino.a(Print.cpp.o)
                0x08005a90                Print::println()
 .text._ZN5Print7printlnEPK19__FlashStringHelper
                0x08005aa0       0x14 .pio/build/nucleo_f303re/libFrameworkArduino.a(Print.cpp.o)
                0x08005aa0                Print::println(__FlashStringHelper const*)
 .text._ZN5Print7printlnEPKc
                0x08005ab4        0x4 .pio/build/nucleo_f303re/libFrameworkArduino.a(Print.cpp.o)
                0x08005ab4                Print::println(char const*)
 .text._ZN5Print11printNumberEmh
                0x08005ab8       0x3c .pio/build/nucleo_f303re/libFrameworkArduino.a(Print.cpp.o)
                0x08005ab8                Print::printNumber(unsigned long, unsigned char)
 .text._ZN5Print5printEli
                0x08005af4       0x44 .pio/build/nucleo_f303re/libFrameworkArduino.a(Print.cpp.o)
                0x08005af4                Print::print(long, int)
 .text._ZN5Print7printlnEii
                0x08005b38       0x14 .pio/build/nucleo_f303re/libFrameworkArduino.a(Print.cpp.o)
                0x08005b38                Print::println(int, int)
 .text._ZN6Stream9timedReadEv
                0x08005b4c       0x2a .pio/build/nucleo_f303re/libFrameworkArduino.a(Stream.cpp.o)
                0x08005b4c                Stream::timedRead()
 .text._ZN6Stream9readBytesEPcj
                0x08005b76       0x22 .pio/build/nucleo_f303re/libFrameworkArduino.a(Stream.cpp.o)
                0x08005b76                Stream::readBytes(char*, unsigned int)
 .text._ZN6Stream14readBytesUntilEcPcj
                0x08005b98       0x30 .pio/build/nucleo_f303re/libFrameworkArduino.a(Stream.cpp.o)
                0x08005b98                Stream::readBytesUntil(char, char*, unsigned int)
 .text._ZN6StringD2Ev
                0x08005bc8        0xe .pio/build/nucleo_f303re/libFrameworkArduino.a(WString.cpp.o)
                0x08005bc8                String::~String()
                0x08005bc8                String::~String()
 .text._ZN6String10invalidateEv
                0x08005bd6       0x16 .pio/build/nucleo_f303re/libFrameworkArduino.a(WString.cpp.o)
                0x08005bd6                String::invalidate()
 .text._ZN6String12changeBufferEj
                0x08005bec       0x18 .pio/build/nucleo_f303re/libFrameworkArduino.a(WString.cpp.o)
                0x08005bec                String::changeBuffer(unsigned int)
 .text._ZN6String7reserveEj
                0x08005c04       0x22 .pio/build/nucleo_f303re/libFrameworkArduino.a(WString.cpp.o)
                0x08005c04                String::reserve(unsigned int)
 .text._ZN6String4copyEPKcj
                0x08005c26       0x26 .pio/build/nucleo_f303re/libFrameworkArduino.a(WString.cpp.o)
                0x08005c26                String::copy(char const*, unsigned int)
 .text._ZN6StringC2EPKc
                0x08005c4c       0x24 .pio/build/nucleo_f303re/libFrameworkArduino.a(WString.cpp.o)
                0x08005c4c                String::String(char const*)
                0x08005c4c                String::String(char const*)
 .text._ZN6String4moveERS_
                0x08005c70       0x3c .pio/build/nucleo_f303re/libFrameworkArduino.a(WString.cpp.o)
                0x08005c70                String::move(String&)
 .text._ZN6StringaSERKS_
                0x08005cac       0x1e .pio/build/nucleo_f303re/libFrameworkArduino.a(WString.cpp.o)
                0x08005cac                String::operator=(String const&)
 .text._ZN6StringC2ERKS_
                0x08005cca       0x14 .pio/build/nucleo_f303re/libFrameworkArduino.a(WString.cpp.o)
                0x08005cca                String::String(String const&)
                0x08005cca                String::String(String const&)
 .text._ZN6StringaSEOS_
                0x08005cde       0x10 .pio/build/nucleo_f303re/libFrameworkArduino.a(WString.cpp.o)
                0x08005cde                String::operator=(String&&)
 .text._ZN6StringaSEPKc
                0x08005cee       0x22 .pio/build/nucleo_f303re/libFrameworkArduino.a(WString.cpp.o)
                0x08005cee                String::operator=(char const*)
 .text._ZN6StringC2Efh
                0x08005d10       0x38 .pio/build/nucleo_f303re/libFrameworkArduino.a(WString.cpp.o)
                0x08005d10                String::String(float, unsigned char)
                0x08005d10                String::String(float, unsigned char)
 .text._ZNK6String9substringEjj
                0x08005d48       0x50 .pio/build/nucleo_f303re/libFrameworkArduino.a(WString.cpp.o)
                0x08005d48                String::substring(unsigned int, unsigned int) const
 .text.dtostrf  0x08005d98      0x164 .pio/build/nucleo_f303re/libFrameworkArduino.a(dtostrf.c.o)
                0x08005d98                dtostrf
 .text.startup._Z7premainv
                0x08005efc       0x10 .pio/build/nucleo_f303re/libFrameworkArduino.a(main.cpp.o)
                0x08005efc                premain()
 .text.startup.main
                0x08005f0c       0x14 .pio/build/nucleo_f303re/libFrameworkArduino.a(main.cpp.o)
                0x08005f0c                main
 .text.Reset_Handler
                0x08005f20       0x50 .pio/build/nucleo_f303re/libFrameworkArduino.a(startup_stm32yyxx.S.o)
                0x08005f20                Reset_Handler
 .text.Default_Handler
                0x08005f70        0x2 .pio/build/nucleo_f303re/libFrameworkArduino.a(startup_stm32yyxx.S.o)
                0x08005f70                RTC_Alarm_IRQHandler
                0x08005f70                TIM8_TRG_COM_IRQHandler
                0x08005f70                DebugMon_Handler
                0x08005f70                SPI4_IRQHandler
                0x08005f70                TIM1_CC_IRQHandler
                0x08005f70                HardFault_Handler
                0x08005f70                USB_HP_IRQHandler
                0x08005f70                PVD_IRQHandler
                0x08005f70                TAMP_STAMP_IRQHandler
                0x08005f70                PendSV_Handler
                0x08005f70                NMI_Handler
                0x08005f70                I2C3_ER_IRQHandler
                0x08005f70                USB_HP_CAN_TX_IRQHandler
                0x08005f70                I2C2_EV_IRQHandler
                0x08005f70                FPU_IRQHandler
                0x08005f70                UsageFault_Handler
                0x08005f70                ADC1_2_IRQHandler
                0x08005f70                SPI1_IRQHandler
                0x08005f70                CAN_SCE_IRQHandler
                0x08005f70                DMA2_Channel2_IRQHandler
                0x08005f70                DMA1_Channel4_IRQHandler
                0x08005f70                TIM20_TRG_COM_IRQHandler
                0x08005f70                DMA1_Channel7_IRQHandler
                0x08005f70                ADC3_IRQHandler
                0x08005f70                CAN_RX1_IRQHandler
                0x08005f70                DMA2_Channel1_IRQHandler
                0x08005f70                I2C1_EV_IRQHandler
                0x08005f70                DMA1_Channel6_IRQHandler
                0x08005f70                DMA2_Channel4_IRQHandler
                0x08005f70                RCC_IRQHandler
                0x08005f70                DMA1_Channel1_IRQHandler
                0x08005f70                Default_Handler
                0x08005f70                USBWakeUp_RMP_IRQHandler
                0x08005f70                I2C3_EV_IRQHandler
                0x08005f70                RTC_WKUP_IRQHandler
                0x08005f70                SPI2_IRQHandler
                0x08005f70                USB_LP_CAN_RX0_IRQHandler
                0x08005f70                MemManage_Handler
                0x08005f70                SVC_Handler
                0x08005f70                DMA2_Channel5_IRQHandler
                0x08005f70                DMA1_Channel5_IRQHandler
                0x08005f70                USB_LP_IRQHandler
                0x08005f70                DMA1_Channel3_IRQHandler
                0x08005f70                ADC4_IRQHandler
                0x08005f70                WWDG_IRQHandler
                0x08005f70                COMP7_IRQHandler
                0x08005f70                COMP1_2_3_IRQHandler
                0x08005f70                COMP4_5_6_IRQHandler
                0x08005f70                TIM20_BRK_IRQHandler
                0x08005f70                I2C2_ER_IRQHandler
                0x08005f70                DMA1_Channel2_IRQHandler
                0x08005f70                TIM8_BRK_IRQHandler
                0x08005f70                FLASH_IRQHandler
                0x08005f70                BusFault_Handler
                0x08005f70                SPI3_IRQHandler
                0x08005f70                I2C1_ER_IRQHandler
                0x08005f70                FMC_IRQHandler
                0x08005f70                USBWakeUp_IRQHandler
                0x08005f70                DMA2_Channel3_IRQHandler
                0x08005f70                EXTI2_TSC_IRQHandler
 .text.mapResolution
                0x08005f72       0x26 .pio/build/nucleo_f303re/libFrameworkArduino.a(wiring_analog.c.o)
 .text.analogWriteResolution
                0x08005f98       0x20 .pio/build/nucleo_f303re/libFrameworkArduino.a(wiring_analog.c.o)
                0x08005f98                analogWriteResolution
 .text.analogWriteFrequency
                0x08005fb8        0xc .pio/build/nucleo_f303re/libFrameworkArduino.a(wiring_analog.c.o)
                0x08005fb8                analogWriteFrequency
 .text.analogWrite
                0x08005fc4      0x124 .pio/build/nucleo_f303re/libFrameworkArduino.a(wiring_analog.c.o)
                0x08005fc4                analogWrite
 .text.pinMode  0x080060e8       0xd4 .pio/build/nucleo_f303re/libFrameworkArduino.a(wiring_digital.c.o)
                0x080060e8                pinMode
 .text.digitalWrite
                0x080061bc       0x70 .pio/build/nucleo_f303re/libFrameworkArduino.a(wiring_digital.c.o)
                0x080061bc                digitalWrite
 .text.digitalRead
                0x0800622c       0x78 .pio/build/nucleo_f303re/libFrameworkArduino.a(wiring_digital.c.o)
                0x0800622c                digitalRead
 .text.millis   0x080062a4        0x4 .pio/build/nucleo_f303re/libFrameworkArduino.a(wiring_time.c.o)
                0x080062a4                millis
 .text.delay    0x080062a8       0x1c .pio/build/nucleo_f303re/libFrameworkArduino.a(wiring_time.c.o)
                0x080062a8                delay
 .text._Z14serialEventRunv
                0x080062c4       0x34 .pio/build/nucleo_f303re/libFrameworkArduino.a(WSerial.cpp.o)
                0x080062c4                serialEventRun()
 .text.init     0x080062f8        0x4 .pio/build/nucleo_f303re/libFrameworkArduino.a(board.c.o)
                0x080062f8                init
 .text.__empty  0x080062fc        0x2 .pio/build/nucleo_f303re/libFrameworkArduino.a(hooks.c.o)
                0x080062fc                yield
 .text.unlikely._ZSt25__throw_bad_function_callv
                0x080062fe        0x6 /home/imadk/.platformio/packages/toolchain-gccarmnoneeabi/bin/../lib/gcc/arm-none-eabi/12.3.1/../../../../arm-none-eabi/lib/thumb/v7e-m+fp/hard/libstdc++_nano.a(functional.o)
                0x080062fe                std::__throw_bad_function_call()
 .text.sinf     0x08006304       0x74 /home/imadk/.platformio/packages/toolchain-gccarmnoneeabi/bin/../lib/gcc/arm-none-eabi/12.3.1/../../../../arm-none-eabi/lib/thumb/v7e-m+fp/hard/libm.a(libm_a-sf_sin.o)
                0x08006304                sinf
 .text.__kernel_cosf
                0x08006378      0x104 /home/imadk/.platformio/packages/toolchain-gccarmnoneeabi/bin/../lib/gcc/arm-none-eabi/12.3.1/../../../../arm-none-eabi/lib/thumb/v7e-m+fp/hard/libm.a(libm_a-kf_cos.o)
                0x08006378                __kernel_cosf
 .text.__kernel_sinf
                0x0800647c       0x90 /home/imadk/.platformio/packages/toolchain-gccarmnoneeabi/bin/../lib/gcc/arm-none-eabi/12.3.1/../../../../arm-none-eabi/lib/thumb/v7e-m+fp/hard/libm.a(libm_a-kf_sin.o)
                0x0800647c                __kernel_sinf
 .text.__ieee754_rem_pio2f
                0x0800650c      0x260 /home/imadk/.platformio/packages/toolchain-gccarmnoneeabi/bin/../lib/gcc/arm-none-eabi/12.3.1/../../../../arm-none-eabi/lib/thumb/v7e-m+fp/hard/libm.a(libm_a-ef_rem_pio2.o)
                0x0800650c                __ieee754_rem_pio2f
 .text.fabsf    0x0800676c       0x10 /home/imadk/.platformio/packages/toolchain-gccarmnoneeabi/bin/../lib/gcc/arm-none-eabi/12.3.1/../../../../arm-none-eabi/lib/thumb/v7e-m+fp/hard/libm.a(libm_a-sf_fabs.o)
                0x0800676c                fabsf
 .text.__kernel_rem_pio2f
                0x0800677c      0x66c /home/imadk/.platformio/packages/toolchain-gccarmnoneeabi/bin/../lib/gcc/arm-none-eabi/12.3.1/../../../../arm-none-eabi/lib/thumb/v7e-m+fp/hard/libm.a(libm_a-kf_rem_pio2.o)
                0x0800677c                __kernel_rem_pio2f
 .text.scalbnf  0x08006de8       0xe4 /home/imadk/.platformio/packages/toolchain-gccarmnoneeabi/bin/../lib/gcc/arm-none-eabi/12.3.1/../../../../arm-none-eabi/lib/thumb/v7e-m+fp/hard/libm.a(libm_a-sf_scalbn.o)
                0x08006de8                scalbnf
 .text.floorf   0x08006ecc       0x94 /home/imadk/.platformio/packages/toolchain-gccarmnoneeabi/bin/../lib/gcc/arm-none-eabi/12.3.1/../../../../arm-none-eabi/lib/thumb/v7e-m+fp/hard/libm.a(libm_a-sf_floor.o)
                0x08006ecc                floorf
 .text.abort    0x08006f60        0xe /home/imadk/.platformio/packages/toolchain-gccarmnoneeabi/bin/../lib/gcc/arm-none-eabi/12.3.1/../../../../arm-none-eabi/lib/thumb/v7e-m+fp/hard/libc_nano.a(libc_a-abort.o)
                0x08006f60                abort
 *fill*         0x08006f6e        0x2 
 .text.malloc   0x08006f70       0x10 /home/imadk/.platformio/packages/toolchain-gccarmnoneeabi/bin/../lib/gcc/arm-none-eabi/12.3.1/../../../../arm-none-eabi/lib/thumb/v7e-m+fp/hard/libc_nano.a(libc_a-malloc.o)
                0x08006f70                malloc
 .text.free     0x08006f80       0x10 /home/imadk/.platformio/packages/toolchain-gccarmnoneeabi/bin/../lib/gcc/arm-none-eabi/12.3.1/../../../../arm-none-eabi/lib/thumb/v7e-m+fp/hard/libc_nano.a(libc_a-malloc.o)
                0x08006f80                free
 .text.sbrk_aligned
                0x08006f90       0x44 /home/imadk/.platformio/packages/toolchain-gccarmnoneeabi/bin/../lib/gcc/arm-none-eabi/12.3.1/../../../../arm-none-eabi/lib/thumb/v7e-m+fp/hard/libc_nano.a(libc_a-mallocr.o)
 .text._malloc_r
                0x08006fd4      0x100 /home/imadk/.platformio/packages/toolchain-gccarmnoneeabi/bin/../lib/gcc/arm-none-eabi/12.3.1/../../../../arm-none-eabi/lib/thumb/v7e-m+fp/hard/libc_nano.a(libc_a-mallocr.o)
                0x08006fd4                _malloc_r
 .text.__malloc_lock
                0x080070d4        0xc /home/imadk/.platformio/packages/toolchain-gccarmnoneeabi/bin/../lib/gcc/arm-none-eabi/12.3.1/../../../../arm-none-eabi/lib/thumb/v7e-m+fp/hard/libc_nano.a(libc_a-mlock.o)
                0x080070d4                __malloc_lock
 .text.__malloc_unlock
                0x080070e0        0xc /home/imadk/.platformio/packages/toolchain-gccarmnoneeabi/bin/../lib/gcc/arm-none-eabi/12.3.1/../../../../arm-none-eabi/lib/thumb/v7e-m+fp/hard/libc_nano.a(libc_a-mlock.o)
                0x080070e0                __malloc_unlock
 .text.realloc  0x080070ec       0x10 /home/imadk/.platformio/packages/toolchain-gccarmnoneeabi/bin/../lib/gcc/arm-none-eabi/12.3.1/../../../../arm-none-eabi/lib/thumb/v7e-m+fp/hard/libc_nano.a(libc_a-realloc.o)
                0x080070ec                realloc
 .text._realloc_r
                0x080070fc       0x5c /home/imadk/.platformio/packages/toolchain-gccarmnoneeabi/bin/../lib/gcc/arm-none-eabi/12.3.1/../../../../arm-none-eabi/lib/thumb/v7e-m+fp/hard/libc_nano.a(libc_a-reallocr.o)
                0x080070fc                _realloc_r
 .text.sprintf  0x08007158       0x40 /home/imadk/.platformio/packages/toolchain-gccarmnoneeabi/bin/../lib/gcc/arm-none-eabi/12.3.1/../../../../arm-none-eabi/lib/thumb/v7e-m+fp/hard/libc_nano.a(libc_a-sprintf.o)
                0x08007158                sprintf
                0x08007158                siprintf
 .text.memmove  0x08007198       0x34 /home/imadk/.platformio/packages/toolchain-gccarmnoneeabi/bin/../lib/gcc/arm-none-eabi/12.3.1/../../../../arm-none-eabi/lib/thumb/v7e-m+fp/hard/libc_nano.a(libc_a-memmove.o)
                0x08007198                memmove
 .text.memset   0x080071cc       0x10 /home/imadk/.platformio/packages/toolchain-gccarmnoneeabi/bin/../lib/gcc/arm-none-eabi/12.3.1/../../../../arm-none-eabi/lib/thumb/v7e-m+fp/hard/libc_nano.a(libc_a-memset.o)
                0x080071cc                memset
 .text.strcat   0x080071dc       0x1e /home/imadk/.platformio/packages/toolchain-gccarmnoneeabi/bin/../lib/gcc/arm-none-eabi/12.3.1/../../../../arm-none-eabi/lib/thumb/v7e-m+fp/hard/libc_nano.a(libc_a-strcat.o)
                0x080071dc                strcat
 .text._raise_r
                0x080071fa       0x50 /home/imadk/.platformio/packages/toolchain-gccarmnoneeabi/bin/../lib/gcc/arm-none-eabi/12.3.1/../../../../arm-none-eabi/lib/thumb/v7e-m+fp/hard/libc_nano.a(libc_a-signal.o)
                0x080071fa                _raise_r
 *fill*         0x0800724a        0x2 
 .text.raise    0x0800724c       0x10 /home/imadk/.platformio/packages/toolchain-gccarmnoneeabi/bin/../lib/gcc/arm-none-eabi/12.3.1/../../../../arm-none-eabi/lib/thumb/v7e-m+fp/hard/libc_nano.a(libc_a-signal.o)
                0x0800724c                raise
 .text._kill_r  0x0800725c       0x24 /home/imadk/.platformio/packages/toolchain-gccarmnoneeabi/bin/../lib/gcc/arm-none-eabi/12.3.1/../../../../arm-none-eabi/lib/thumb/v7e-m+fp/hard/libc_nano.a(libc_a-signalr.o)
                0x0800725c                _kill_r
 .text._getpid_r
                0x08007280        0x4 /home/imadk/.platformio/packages/toolchain-gccarmnoneeabi/bin/../lib/gcc/arm-none-eabi/12.3.1/../../../../arm-none-eabi/lib/thumb/v7e-m+fp/hard/libc_nano.a(libc_a-signalr.o)
                0x08007280                _getpid_r
 .text._sbrk_r  0x08007284       0x20 /home/imadk/.platformio/packages/toolchain-gccarmnoneeabi/bin/../lib/gcc/arm-none-eabi/12.3.1/../../../../arm-none-eabi/lib/thumb/v7e-m+fp/hard/libc_nano.a(libc_a-sbrkr.o)
                0x08007284                _sbrk_r
 .text.__libc_init_array
                0x080072a4       0x48 /home/imadk/.platformio/packages/toolchain-gccarmnoneeabi/bin/../lib/gcc/arm-none-eabi/12.3.1/../../../../arm-none-eabi/lib/thumb/v7e-m+fp/hard/libc_nano.a(libc_a-init.o)
                0x080072a4                __libc_init_array
 .text.__retarget_lock_acquire_recursive
                0x080072ec        0x2 /home/imadk/.platformio/packages/toolchain-gccarmnoneeabi/bin/../lib/gcc/arm-none-eabi/12.3.1/../../../../arm-none-eabi/lib/thumb/v7e-m+fp/hard/libc_nano.a(libc_a-lock.o)
                0x080072ec                __retarget_lock_acquire_recursive
 .text.__retarget_lock_release_recursive
                0x080072ee        0x2 /home/imadk/.platformio/packages/toolchain-gccarmnoneeabi/bin/../lib/gcc/arm-none-eabi/12.3.1/../../../../arm-none-eabi/lib/thumb/v7e-m+fp/hard/libc_nano.a(libc_a-lock.o)
                0x080072ee                __retarget_lock_release_recursive
 .text.strcpy   0x080072f0       0x10 /home/imadk/.platformio/packages/toolchain-gccarmnoneeabi/bin/../lib/gcc/arm-none-eabi/12.3.1/../../../../arm-none-eabi/lib/thumb/v7e-m+fp/hard/libc_nano.a(libc_a-strcpy.o)
                0x080072f0                strcpy
 .text.memcpy   0x08007300       0x1c /home/imadk/.platformio/packages/toolchain-gccarmnoneeabi/bin/../lib/gcc/arm-none-eabi/12.3.1/../../../../arm-none-eabi/lib/thumb/v7e-m+fp/hard/libc_nano.a(libc_a-memcpy-stub.o)
                0x08007300                memcpy
 .text._free_r  0x0800731c       0x94 /home/imadk/.platformio/packages/toolchain-gccarmnoneeabi/bin/../lib/gcc/arm-none-eabi/12.3.1/../../../../arm-none-eabi/lib/thumb/v7e-m+fp/hard/libc_nano.a(libc_a-freer.o)
                0x0800731c                _free_r
 .text._malloc_usable_size_r
                0x080073b0       0x10 /home/imadk/.platformio/packages/toolchain-gccarmnoneeabi/bin/../lib/gcc/arm-none-eabi/12.3.1/../../../../arm-none-eabi/lib/thumb/v7e-m+fp/hard/libc_nano.a(libc_a-msizer.o)
                0x080073b0                _malloc_usable_size_r
 .text.__ssputs_r
                0x080073c0       0xb6 /home/imadk/.platformio/packages/toolchain-gccarmnoneeabi/bin/../lib/gcc/arm-none-eabi/12.3.1/../../../../arm-none-eabi/lib/thumb/v7e-m+fp/hard/libc_nano.a(libc_a-nano-svfprintf.o)
                0x080073c0                __ssputs_r
 *fill*         0x08007476        0x2 
 .text._svfprintf_r
                0x08007478      0x1f8 /home/imadk/.platformio/packages/toolchain-gccarmnoneeabi/bin/../lib/gcc/arm-none-eabi/12.3.1/../../../../arm-none-eabi/lib/thumb/v7e-m+fp/hard/libc_nano.a(libc_a-nano-svfprintf.o)
                0x08007478                _svfprintf_r
                0x08007478                _svfiprintf_r
 .text._printf_common
                0x08007670       0xda /home/imadk/.platformio/packages/toolchain-gccarmnoneeabi/bin/../lib/gcc/arm-none-eabi/12.3.1/../../../../arm-none-eabi/lib/thumb/v7e-m+fp/hard/libc_nano.a(libc_a-nano-vfprintf_i.o)
                0x08007670                _printf_common
 *fill*         0x0800774a        0x2 
 .text._printf_i
                0x0800774c      0x258 /home/imadk/.platformio/packages/toolchain-gccarmnoneeabi/bin/../lib/gcc/arm-none-eabi/12.3.1/../../../../arm-none-eabi/lib/thumb/v7e-m+fp/hard/libc_nano.a(libc_a-nano-vfprintf_i.o)
                0x0800774c                _printf_i
 *(.glue_7)
 .glue_7        0x080079a4        0x0 linker stubs
 *(.glue_7t)
 .glue_7t       0x080079a4        0x0 linker stubs
 *(.eh_frame)
 .eh_frame      0x080079a4        0x0 /home/imadk/.platformio/packages/toolchain-gccarmnoneeabi/bin/../lib/gcc/arm-none-eabi/12.3.1/thumb/v7e-m+fp/hard/crtbegin.o
 *(.init)
 .init          0x080079a4        0x4 /home/imadk/.platformio/packages/toolchain-gccarmnoneeabi/bin/../lib/gcc/arm-none-eabi/12.3.1/thumb/v7e-m+fp/hard/crti.o
                0x080079a4                _init
 .init          0x080079a8        0x8 /home/imadk/.platformio/packages/toolchain-gccarmnoneeabi/bin/../lib/gcc/arm-none-eabi/12.3.1/thumb/v7e-m+fp/hard/crtn.o
 *(.fini)
 .fini          0x080079b0        0x4 /home/imadk/.platformio/packages/toolchain-gccarmnoneeabi/bin/../lib/gcc/arm-none-eabi/12.3.1/thumb/v7e-m+fp/hard/crti.o
                0x080079b0                _fini
 .fini          0x080079b4        0x8 /home/imadk/.platformio/packages/toolchain-gccarmnoneeabi/bin/../lib/gcc/arm-none-eabi/12.3.1/thumb/v7e-m+fp/hard/crtn.o
                0x080079bc                        . = ALIGN (0x4)
                0x080079bc                        _etext = .

.vfp11_veneer   0x080079bc        0x0
 .vfp11_veneer  0x080079bc        0x0 linker stubs

.v4_bx          0x080079bc        0x0
 .v4_bx         0x080079bc        0x0 linker stubs

.iplt           0x080079bc        0x0
 .iplt          0x080079bc        0x0 /home/imadk/.platformio/packages/toolchain-gccarmnoneeabi/bin/../lib/gcc/arm-none-eabi/12.3.1/thumb/v7e-m+fp/hard/crtbegin.o

.rodata         0x080079bc      0xc94
                0x080079bc                        . = ALIGN (0x4)
 *(.rodata)
 .rodata        0x080079bc       0x10 .pio/build/nucleo_f303re/src/main.cpp.o
 *(.rodata*)
 .rodata.PinMap_UART_CTS
                0x080079cc       0x3c .pio/build/nucleo_f303re/FrameworkArduinoVariant/PeripheralPins.c.o
                0x080079cc                PinMap_UART_CTS
 .rodata.PinMap_UART_RTS
                0x08007a08       0x30 .pio/build/nucleo_f303re/FrameworkArduinoVariant/PeripheralPins.c.o
                0x08007a08                PinMap_UART_RTS
 .rodata.PinMap_UART_RX
                0x08007a38       0x90 .pio/build/nucleo_f303re/FrameworkArduinoVariant/PeripheralPins.c.o
                0x08007a38                PinMap_UART_RX
 .rodata.PinMap_UART_TX
                0x08007ac8       0x90 .pio/build/nucleo_f303re/FrameworkArduinoVariant/PeripheralPins.c.o
                0x08007ac8                PinMap_UART_TX
 .rodata.PinMap_TIM
                0x08007b58      0x3e4 .pio/build/nucleo_f303re/FrameworkArduinoVariant/PeripheralPins.c.o
                0x08007b58                PinMap_TIM
 .rodata.PinMap_DAC
                0x08007f3c       0x24 .pio/build/nucleo_f303re/FrameworkArduinoVariant/PeripheralPins.c.o
                0x08007f3c                PinMap_DAC
 .rodata.analogInputPin
                0x08007f60       0x58 .pio/build/nucleo_f303re/FrameworkArduinoVariant/variant_NUCLEO_F303RE.cpp.o
                0x08007f60                analogInputPin
 .rodata.digitalPin
                0x08007fb8       0xd0 .pio/build/nucleo_f303re/FrameworkArduinoVariant/variant_NUCLEO_F303RE.cpp.o
                0x08007fb8                digitalPin
 .rodata.aPredivFactorTable
                0x08008088       0x10 .pio/build/nucleo_f303re/SrcWrapper/src/HAL/stm32yyxx_hal_rcc.c.o
 .rodata.aPLLMULFactorTable
                0x08008098       0x10 .pio/build/nucleo_f303re/SrcWrapper/src/HAL/stm32yyxx_hal_rcc.c.o
 .rodata.CSWTCH.79
                0x080080a8        0x4 .pio/build/nucleo_f303re/SrcWrapper/src/HardwareTimer.cpp.o
 .rodata.CSWTCH.77
                0x080080ac        0x4 .pio/build/nucleo_f303re/SrcWrapper/src/HardwareTimer.cpp.o
 .rodata.CSWTCH.75
                0x080080b0        0x6 .pio/build/nucleo_f303re/SrcWrapper/src/HardwareTimer.cpp.o
 *fill*         0x080080b6        0x2 
 .rodata.pin_map_ll
                0x080080b8       0x40 .pio/build/nucleo_f303re/SrcWrapper/src/stm32/pinmap.c.o
                0x080080b8                pin_map_ll
 .rodata.APBPrescTable
                0x080080f8        0x8 .pio/build/nucleo_f303re/SrcWrapper/src/stm32/system_stm32yyxx.c.o
                0x080080f8                APBPrescTable
 .rodata.AHBPrescTable
                0x08008100       0x10 .pio/build/nucleo_f303re/SrcWrapper/src/stm32/system_stm32yyxx.c.o
                0x08008100                AHBPrescTable
 .rodata.loop.str1.1
                0x08008110        0x9 .pio/build/nucleo_f303re/src/main.cpp.o
 .rodata._Z8setupLCDv.str1.1
                0x08008119       0x14 .pio/build/nucleo_f303re/src/main.cpp.o
 .rodata.setup.str1.1
                0x0800812d        0xa .pio/build/nucleo_f303re/src/main.cpp.o
 *fill*         0x08008137        0x1 
 .rodata._ZL9pwm2value
                0x08008138       0x40 .pio/build/nucleo_f303re/src/main.cpp.o
 .rodata._ZL9pwm1value
                0x08008178       0x40 .pio/build/nucleo_f303re/src/main.cpp.o
 .rodata._ZL10cutoffFreq
                0x080081b8       0x40 .pio/build/nucleo_f303re/src/main.cpp.o
 .rodata.CSWTCH.73
                0x080081f8        0xc .pio/build/nucleo_f303re/libFrameworkArduino.a(HardwareSerial.cpp.o)
 .rodata.CSWTCH.72
                0x08008204        0x5 .pio/build/nucleo_f303re/libFrameworkArduino.a(HardwareSerial.cpp.o)
 *fill*         0x08008209        0x3 
 .rodata._ZTV14HardwareSerial
                0x0800820c       0x2c .pio/build/nucleo_f303re/libFrameworkArduino.a(HardwareSerial.cpp.o)
                0x0800820c                vtable for HardwareSerial
 .rodata._ZN5Print7printlnEv.str1.1
                0x08008238        0x3 .pio/build/nucleo_f303re/libFrameworkArduino.a(Print.cpp.o)
 .rodata._ZNK6String9substringEjj.str1.1
                0x0800823b        0x3 .pio/build/nucleo_f303re/libFrameworkArduino.a(WString.cpp.o)
                                  0x1 (size before relaxing)
 .rodata.dtostrf.str1.1
                0x0800823b       0x10 .pio/build/nucleo_f303re/libFrameworkArduino.a(dtostrf.c.o)
                                 0x1e (size before relaxing)
 *fill*         0x0800824b        0x1 
 .rodata.npio2_hw
                0x0800824c       0x80 /home/imadk/.platformio/packages/toolchain-gccarmnoneeabi/bin/../lib/gcc/arm-none-eabi/12.3.1/../../../../arm-none-eabi/lib/thumb/v7e-m+fp/hard/libm.a(libm_a-ef_rem_pio2.o)
 .rodata.two_over_pi
                0x080082cc      0x318 /home/imadk/.platformio/packages/toolchain-gccarmnoneeabi/bin/../lib/gcc/arm-none-eabi/12.3.1/../../../../arm-none-eabi/lib/thumb/v7e-m+fp/hard/libm.a(libm_a-ef_rem_pio2.o)
 .rodata.PIo2   0x080085e4       0x2c /home/imadk/.platformio/packages/toolchain-gccarmnoneeabi/bin/../lib/gcc/arm-none-eabi/12.3.1/../../../../arm-none-eabi/lib/thumb/v7e-m+fp/hard/libm.a(libm_a-kf_rem_pio2.o)
 .rodata.init_jk
                0x08008610        0xc /home/imadk/.platformio/packages/toolchain-gccarmnoneeabi/bin/../lib/gcc/arm-none-eabi/12.3.1/../../../../arm-none-eabi/lib/thumb/v7e-m+fp/hard/libm.a(libm_a-kf_rem_pio2.o)
 .rodata._svfprintf_r.str1.1
                0x0800861c       0x11 /home/imadk/.platformio/packages/toolchain-gccarmnoneeabi/bin/../lib/gcc/arm-none-eabi/12.3.1/../../../../arm-none-eabi/lib/thumb/v7e-m+fp/hard/libc_nano.a(libc_a-nano-svfprintf.o)
 .rodata._printf_i.str1.1
                0x0800862d       0x22 /home/imadk/.platformio/packages/toolchain-gccarmnoneeabi/bin/../lib/gcc/arm-none-eabi/12.3.1/../../../../arm-none-eabi/lib/thumb/v7e-m+fp/hard/libc_nano.a(libc_a-nano-vfprintf_i.o)
                0x08008650                        . = ALIGN (0x4)
 *fill*         0x0800864f        0x1 

.ARM.extab      0x08008650        0x0
                0x08008650                        . = ALIGN (0x4)
 *(.ARM.extab* .gnu.linkonce.armextab.*)
                0x08008650                        . = ALIGN (0x4)

.ARM            0x08008650        0x8
                0x08008650                        . = ALIGN (0x4)
                0x08008650                        __exidx_start = .
 *(.ARM.exidx*)
 .ARM.exidx     0x08008650        0x8 /home/imadk/.platformio/packages/toolchain-gccarmnoneeabi/bin/../lib/gcc/arm-none-eabi/12.3.1/../../../../arm-none-eabi/lib/thumb/v7e-m+fp/hard/libc_nano.a(libc_a-strlen.o)
 .ARM.exidx     0x08008658        0x0 /home/imadk/.platformio/packages/toolchain-gccarmnoneeabi/bin/../lib/gcc/arm-none-eabi/12.3.1/../../../../arm-none-eabi/lib/thumb/v7e-m+fp/hard/libc_nano.a(libc_a-memchr.o)
                                  0x8 (size before relaxing)
                0x08008658                        __exidx_end = .
                0x08008658                        . = ALIGN (0x4)

.preinit_array  0x08008658        0x0
                0x08008658                        . = ALIGN (0x4)
                0x08008658                        PROVIDE (__preinit_array_start = .)
 *(.preinit_array*)
                0x08008658                        PROVIDE (__preinit_array_end = .)
                0x08008658                        . = ALIGN (0x4)

.init_array     0x08008658       0x10
                0x08008658                        . = ALIGN (0x4)
                0x08008658                        PROVIDE (__init_array_start = .)
 *(SORT_BY_NAME(.init_array.*))
 .init_array.00101
                0x08008658        0x4 .pio/build/nucleo_f303re/libFrameworkArduino.a(main.cpp.o)
 *(.init_array*)
 .init_array    0x0800865c        0x4 /home/imadk/.platformio/packages/toolchain-gccarmnoneeabi/bin/../lib/gcc/arm-none-eabi/12.3.1/thumb/v7e-m+fp/hard/crtbegin.o
 .init_array    0x08008660        0x4 .pio/build/nucleo_f303re/SrcWrapper/src/stm32/interrupt.cpp.o
 .init_array    0x08008664        0x4 .pio/build/nucleo_f303re/libFrameworkArduino.a(HardwareSerial.cpp.o)
                0x08008668                        PROVIDE (__init_array_end = .)
                0x08008668                        . = ALIGN (0x4)

.fini_array     0x08008668        0x8
                0x08008668                        . = ALIGN (0x4)
                0x08008668                        PROVIDE (__fini_array_start = .)
 *(SORT_BY_NAME(.fini_array.*))
 *(.fini_array*)
 .fini_array    0x08008668        0x4 /home/imadk/.platformio/packages/toolchain-gccarmnoneeabi/bin/../lib/gcc/arm-none-eabi/12.3.1/thumb/v7e-m+fp/hard/crtbegin.o
 .fini_array    0x0800866c        0x4 .pio/build/nucleo_f303re/SrcWrapper/src/stm32/interrupt.cpp.o
                0x08008670                        PROVIDE (__fini_array_end = .)
                0x08008670                        . = ALIGN (0x4)
                0x08008670                        _sidata = LOADADDR (.data)

.rel.dyn        0x08008670        0x0
 .rel.iplt      0x08008670        0x0 /home/imadk/.platformio/packages/toolchain-gccarmnoneeabi/bin/../lib/gcc/arm-none-eabi/12.3.1/thumb/v7e-m+fp/hard/crtbegin.o

.data           0x20000000       0xc0 load address 0x08008670
                0x20000000                        . = ALIGN (0x4)
                0x20000000                        _sdata = .
 *(.data)
 *(.data*)
 .data.uwTickFreq
                0x20000000        0x1 .pio/build/nucleo_f303re/SrcWrapper/src/HAL/stm32yyxx_hal.c.o
                0x20000000                uwTickFreq
 *fill*         0x20000001        0x3 
 .data.uwTickPrio
                0x20000004        0x4 .pio/build/nucleo_f303re/SrcWrapper/src/HAL/stm32yyxx_hal.c.o
                0x20000004                uwTickPrio
 .data.GPIOPort
                0x20000008       0x20 .pio/build/nucleo_f303re/SrcWrapper/src/stm32/PortNames.c.o
                0x20000008                GPIOPort
 .data._ZL13g_current_pin
                0x20000028        0x4 .pio/build/nucleo_f303re/SrcWrapper/src/stm32/analog.cpp.o
 .data.hcrc     0x2000002c       0x24 .pio/build/nucleo_f303re/SrcWrapper/src/stm32/hw_config.c.o
                0x2000002c                hcrc
 .data.SystemCoreClock
                0x20000050        0x4 .pio/build/nucleo_f303re/SrcWrapper/src/stm32/system_stm32yyxx.c.o
                0x20000050                SystemCoreClock
 .data.heap_end.0
                0x20000054        0x4 .pio/build/nucleo_f303re/SrcWrapper/src/syscalls.c.o
 .data.pitchSpeed
                0x20000058        0x4 .pio/build/nucleo_f303re/src/main.cpp.o
                0x20000058                pitchSpeed
 .data.crushFactor
                0x2000005c        0x4 .pio/build/nucleo_f303re/src/main.cpp.o
                0x2000005c                crushFactor
 .data.prevButtonState
                0x20000060        0x4 .pio/build/nucleo_f303re/src/main.cpp.o
                0x20000060                prevButtonState
 .data._writeFreq
                0x20000064        0x4 .pio/build/nucleo_f303re/libFrameworkArduino.a(wiring_analog.c.o)
 .data._internalWriteResolution
                0x20000068        0x4 .pio/build/nucleo_f303re/libFrameworkArduino.a(wiring_analog.c.o)
 .data._writeResolution
                0x2000006c        0x4 .pio/build/nucleo_f303re/libFrameworkArduino.a(wiring_analog.c.o)
 .data._impure_ptr
                0x20000070        0x4 /home/imadk/.platformio/packages/toolchain-gccarmnoneeabi/bin/../lib/gcc/arm-none-eabi/12.3.1/../../../../arm-none-eabi/lib/thumb/v7e-m+fp/hard/libc_nano.a(libc_a-impure.o)
                0x20000070                _impure_ptr
 .data._impure_data
                0x20000074       0x4c /home/imadk/.platformio/packages/toolchain-gccarmnoneeabi/bin/../lib/gcc/arm-none-eabi/12.3.1/../../../../arm-none-eabi/lib/thumb/v7e-m+fp/hard/libc_nano.a(libc_a-impure.o)
                0x20000074                _impure_data
 *(.RamFunc)
 *(.RamFunc*)
                0x200000c0                        . = ALIGN (0x4)
                0x200000c0                        _edata = .

.igot.plt       0x200000c0        0x0 load address 0x08008730
 .igot.plt      0x200000c0        0x0 /home/imadk/.platformio/packages/toolchain-gccarmnoneeabi/bin/../lib/gcc/arm-none-eabi/12.3.1/thumb/v7e-m+fp/hard/crtbegin.o
                0x200000c0                        . = ALIGN (0x4)

.bss            0x200000c0      0x9e4 load address 0x08008730
                0x200000c0                        _sbss = .
                0x200000c0                        __bss_start__ = _sbss
 *(.bss)
 *(.bss*)
 .bss.completed.1
                0x200000c0        0x1 /home/imadk/.platformio/packages/toolchain-gccarmnoneeabi/bin/../lib/gcc/arm-none-eabi/12.3.1/thumb/v7e-m+fp/hard/crtbegin.o
 *fill*         0x200000c1        0x3 
 .bss.object.0  0x200000c4       0x18 /home/imadk/.platformio/packages/toolchain-gccarmnoneeabi/bin/../lib/gcc/arm-none-eabi/12.3.1/thumb/v7e-m+fp/hard/crtbegin.o
 .bss.uwTick    0x200000dc        0x4 .pio/build/nucleo_f303re/SrcWrapper/src/HAL/stm32yyxx_hal.c.o
                0x200000dc                uwTick
 .bss.HardwareTimer_Handle
                0x200000e0       0x2c .pio/build/nucleo_f303re/SrcWrapper/src/HardwareTimer.cpp.o
                0x200000e0                HardwareTimer_Handle
 .bss._ZL13gpio_irq_conf
                0x2000010c      0x140 .pio/build/nucleo_f303re/SrcWrapper/src/stm32/interrupt.cpp.o
 .bss.uart_handlers
                0x2000024c       0x14 .pio/build/nucleo_f303re/SrcWrapper/src/stm32/uart.c.o
 .bss.knobDiv   0x20000260        0x4 .pio/build/nucleo_f303re/src/main.cpp.o
                0x20000260                knobDiv
 .bss.lfoPhase  0x20000264        0x4 .pio/build/nucleo_f303re/src/main.cpp.o
                0x20000264                lfoPhase
 .bss.fmDepth   0x20000268        0x4 .pio/build/nucleo_f303re/src/main.cpp.o
                0x20000268                fmDepth
 .bss.crushedSample
                0x2000026c        0x2 .pio/build/nucleo_f303re/src/main.cpp.o
                0x2000026c                crushedSample
 *fill*         0x2000026e        0x2 
 .bss.holdCounter
                0x20000270        0x4 .pio/build/nucleo_f303re/src/main.cpp.o
                0x20000270                holdCounter
 .bss.readIndex
                0x20000274        0x4 .pio/build/nucleo_f303re/src/main.cpp.o
                0x20000274                readIndex
 .bss.writeIndex
                0x20000278        0x4 .pio/build/nucleo_f303re/src/main.cpp.o
                0x20000278                writeIndex
 .bss.buffer    0x2000027c      0x400 .pio/build/nucleo_f303re/src/main.cpp.o
                0x2000027c                buffer
 .bss.currentStep
                0x2000067c        0x4 .pio/build/nucleo_f303re/src/main.cpp.o
                0x2000067c                currentStep
 .bss.k3_raw    0x20000680        0x2 .pio/build/nucleo_f303re/src/main.cpp.o
                0x20000680                k3_raw
 .bss.k2_raw    0x20000682        0x2 .pio/build/nucleo_f303re/src/main.cpp.o
                0x20000682                k2_raw
 .bss.k1_raw    0x20000684        0x2 .pio/build/nucleo_f303re/src/main.cpp.o
                0x20000684                k1_raw
 *fill*         0x20000686        0x2 
 .bss.audioTimer
                0x20000688        0x4 .pio/build/nucleo_f303re/src/main.cpp.o
                0x20000688                audioTimer
 .bss.Serial2   0x2000068c      0x158 .pio/build/nucleo_f303re/libFrameworkArduino.a(HardwareSerial.cpp.o)
                0x2000068c                Serial2
 .bss.Serial1   0x200007e4      0x158 .pio/build/nucleo_f303re/libFrameworkArduino.a(HardwareSerial.cpp.o)
                0x200007e4                Serial1
 .bss.g_anOutputPinConfigured
                0x2000093c       0x20 .pio/build/nucleo_f303re/libFrameworkArduino.a(wiring_analog.c.o)
                0x2000093c                g_anOutputPinConfigured
 .bss.__malloc_sbrk_start
                0x2000095c        0x4 /home/imadk/.platformio/packages/toolchain-gccarmnoneeabi/bin/../lib/gcc/arm-none-eabi/12.3.1/../../../../arm-none-eabi/lib/thumb/v7e-m+fp/hard/libc_nano.a(libc_a-mallocr.o)
                0x2000095c                __malloc_sbrk_start
 .bss.__malloc_free_list
                0x20000960        0x4 /home/imadk/.platformio/packages/toolchain-gccarmnoneeabi/bin/../lib/gcc/arm-none-eabi/12.3.1/../../../../arm-none-eabi/lib/thumb/v7e-m+fp/hard/libc_nano.a(libc_a-mallocr.o)
                0x20000960                __malloc_free_list
 .bss.__sf      0x20000964      0x138 /home/imadk/.platformio/packages/toolchain-gccarmnoneeabi/bin/../lib/gcc/arm-none-eabi/12.3.1/../../../../arm-none-eabi/lib/thumb/v7e-m+fp/hard/libc_nano.a(libc_a-findfp.o)
                0x20000964                __sf
 .bss.errno     0x20000a9c        0x4 /home/imadk/.platformio/packages/toolchain-gccarmnoneeabi/bin/../lib/gcc/arm-none-eabi/12.3.1/../../../../arm-none-eabi/lib/thumb/v7e-m+fp/hard/libc_nano.a(libc_a-reent.o)
                0x20000a9c                errno
 .bss.__lock___malloc_recursive_mutex
                0x20000aa0        0x1 /home/imadk/.platformio/packages/toolchain-gccarmnoneeabi/bin/../lib/gcc/arm-none-eabi/12.3.1/../../../../arm-none-eabi/lib/thumb/v7e-m+fp/hard/libc_nano.a(libc_a-lock.o)
                0x20000aa0                __lock___malloc_recursive_mutex
 *(COMMON)
                0x20000aa4                        . = ALIGN (0x4)
 *fill*         0x20000aa1        0x3 
                0x20000aa4                        _ebss = .
                0x20000aa4                        __bss_end__ = _ebss
LOAD /home/imadk/.platformio/packages/toolchain-gccarmnoneeabi/bin/../lib/gcc/arm-none-eabi/12.3.1/thumb/v7e-m+fp/hard/crti.o
LOAD /home/imadk/.platformio/packages/toolchain-gccarmnoneeabi/bin/../lib/gcc/arm-none-eabi/12.3.1/thumb/v7e-m+fp/hard/crtbegin.o
LOAD /home/imadk/.platformio/packages/toolchain-gccarmnoneeabi/bin/../lib/gcc/arm-none-eabi/12.3.1/../../../../arm-none-eabi/lib/thumb/v7e-m+fp/hard/crt0.o
                0x00080000                        LD_MAX_SIZE = 0x80000
                0x00010000                        LD_MAX_DATA_SIZE = 0x10000
                0x00000000                        LD_FLASH_OFFSET = 0x0
LOAD .pio/build/nucleo_f303re/FrameworkArduinoVariant/PeripheralPins.c.o
LOAD .pio/build/nucleo_f303re/FrameworkArduinoVariant/generic_clock.c.o
LOAD .pio/build/nucleo_f303re/FrameworkArduinoVariant/variant_NUCLEO_F303RE.cpp.o
LOAD .pio/build/nucleo_f303re/FrameworkArduinoVariant/variant_generic.cpp.o
LOAD .pio/build/nucleo_f303re/SrcWrapper/src/HAL/stm32yyxx_hal.c.o
LOAD .pio/build/nucleo_f303re/SrcWrapper/src/HAL/stm32yyxx_hal_adc.c.o
LOAD .pio/build/nucleo_f303re/SrcWrapper/src/HAL/stm32yyxx_hal_adc_ex.c.o
LOAD .pio/build/nucleo_f303re/SrcWrapper/src/HAL/stm32yyxx_hal_can.c.o
LOAD .pio/build/nucleo_f303re/SrcWrapper/src/HAL/stm32yyxx_hal_ccb.c.o
LOAD .pio/build/nucleo_f303re/SrcWrapper/src/HAL/stm32yyxx_hal_cec.c.o
LOAD .pio/build/nucleo_f303re/SrcWrapper/src/HAL/stm32yyxx_hal_comp.c.o
LOAD .pio/build/nucleo_f303re/SrcWrapper/src/HAL/stm32yyxx_hal_comp_ex.c.o
LOAD .pio/build/nucleo_f303re/SrcWrapper/src/HAL/stm32yyxx_hal_cordic.c.o
LOAD .pio/build/nucleo_f303re/SrcWrapper/src/HAL/stm32yyxx_hal_cortex.c.o
LOAD .pio/build/nucleo_f303re/SrcWrapper/src/HAL/stm32yyxx_hal_crc.c.o
LOAD .pio/build/nucleo_f303re/SrcWrapper/src/HAL/stm32yyxx_hal_crc_ex.c.o
LOAD .pio/build/nucleo_f303re/SrcWrapper/src/HAL/stm32yyxx_hal_cryp.c.o
LOAD .pio/build/nucleo_f303re/SrcWrapper/src/HAL/stm32yyxx_hal_cryp_ex.c.o
LOAD .pio/build/nucleo_f303re/SrcWrapper/src/HAL/stm32yyxx_hal_dac.c.o
LOAD .pio/build/nucleo_f303re/SrcWrapper/src/HAL/stm32yyxx_hal_dac_ex.c.o
LOAD .pio/build/nucleo_f303re/SrcWrapper/src/HAL/stm32yyxx_hal_dcache.c.o
LOAD .pio/build/nucleo_f303re/SrcWrapper/src/HAL/stm32yyxx_hal_dcmi.c.o
LOAD .pio/build/nucleo_f303re/SrcWrapper/src/HAL/stm32yyxx_hal_dcmi_ex.c.o
LOAD .pio/build/nucleo_f303re/SrcWrapper/src/HAL/stm32yyxx_hal_dfsdm.c.o
LOAD .pio/build/nucleo_f303re/SrcWrapper/src/HAL/stm32yyxx_hal_dfsdm_ex.c.o
LOAD .pio/build/nucleo_f303re/SrcWrapper/src/HAL/stm32yyxx_hal_dma.c.o
LOAD .pio/build/nucleo_f303re/SrcWrapper/src/HAL/stm32yyxx_hal_dma2d.c.o
LOAD .pio/build/nucleo_f303re/SrcWrapper/src/HAL/stm32yyxx_hal_dma_ex.c.o
LOAD .pio/build/nucleo_f303re/SrcWrapper/src/HAL/stm32yyxx_hal_dsi.c.o
LOAD .pio/build/nucleo_f303re/SrcWrapper/src/HAL/stm32yyxx_hal_dts.c.o
LOAD .pio/build/nucleo_f303re/SrcWrapper/src/HAL/stm32yyxx_hal_eth.c.o
LOAD .pio/build/nucleo_f303re/SrcWrapper/src/HAL/stm32yyxx_hal_eth_ex.c.o
LOAD .pio/build/nucleo_f303re/SrcWrapper/src/HAL/stm32yyxx_hal_exti.c.o
LOAD .pio/build/nucleo_f303re/SrcWrapper/src/HAL/stm32yyxx_hal_fdcan.c.o
LOAD .pio/build/nucleo_f303re/SrcWrapper/src/HAL/stm32yyxx_hal_firewall.c.o
LOAD .pio/build/nucleo_f303re/SrcWrapper/src/HAL/stm32yyxx_hal_flash.c.o
LOAD .pio/build/nucleo_f303re/SrcWrapper/src/HAL/stm32yyxx_hal_flash_ex.c.o
LOAD .pio/build/nucleo_f303re/SrcWrapper/src/HAL/stm32yyxx_hal_flash_ramfunc.c.o
LOAD .pio/build/nucleo_f303re/SrcWrapper/src/HAL/stm32yyxx_hal_fmac.c.o
LOAD .pio/build/nucleo_f303re/SrcWrapper/src/HAL/stm32yyxx_hal_fmpi2c.c.o
LOAD .pio/build/nucleo_f303re/SrcWrapper/src/HAL/stm32yyxx_hal_fmpi2c_ex.c.o
LOAD .pio/build/nucleo_f303re/SrcWrapper/src/HAL/stm32yyxx_hal_fmpsmbus.c.o
LOAD .pio/build/nucleo_f303re/SrcWrapper/src/HAL/stm32yyxx_hal_fmpsmbus_ex.c.o
LOAD .pio/build/nucleo_f303re/SrcWrapper/src/HAL/stm32yyxx_hal_gfxmmu.c.o
LOAD .pio/build/nucleo_f303re/SrcWrapper/src/HAL/stm32yyxx_hal_gfxtim.c.o
LOAD .pio/build/nucleo_f303re/SrcWrapper/src/HAL/stm32yyxx_hal_gpio.c.o
LOAD .pio/build/nucleo_f303re/SrcWrapper/src/HAL/stm32yyxx_hal_gpio_ex.c.o
LOAD .pio/build/nucleo_f303re/SrcWrapper/src/HAL/stm32yyxx_hal_gpu2d.c.o