Archive member included to satisfy reference by file (symbol)

.pio/build/nucleo_f303re/libf70/libWire.a(Wire.cpp.o)
                              .pio/build/nucleo_f303re/src/keyboard.cpp.o (TwoWire::available())
.pio/build/nucleo_f303re/libf70/libWire.a(twi.c.o)
                              .pio/build/nucleo_f303re/libf70/libWire.a(Wire.cpp.o) (i2c_init)
.pio/build/nucleo_f303re/libFrameworkArduino.a(HardwareSerial.cpp.o)
                              .pio/build/nucleo_f303re/src/lcd.cpp.o (HardwareSerial::flush())
.pio/build/nucleo_f303re/libFrameworkArduino.a(Print.cpp.o)
                              .pio/build/nucleo_f303re/src/lcd.cpp.o (Print::print(String const&))
.pio/build/nucleo_f303re/libFrameworkArduino.a(Stream.cpp.o)
                              .pio/build/nucleo_f303re/libf70/libWire.a(Wire.cpp.o) (Stream::readBytes(char*, unsigned int))
.pio/build/nucleo_f303re/libFrameworkArduino.a(WInterrupts.cpp.o)
                              .pio/build/nucleo_f303re/src/encoder.cpp.o (attachInterrupt(unsigned long, std::function<void ()>, unsigned long))
.pio/build/nucleo_f303re/libFrameworkArduino.a(WString.cpp.o)
                              .pio/build/nucleo_f303re/src/lcd.cpp.o (String::~String())
.pio/build/nucleo_f303re/libFrameworkArduino.a(dtostrf.c.o)
                              .pio/build/nucleo_f303re/libFrameworkArduino.a(WString.cpp.o) (dtostrf)
.pio/build/nucleo_f303re/libFrameworkArduino.a(itoa.c.o)
                              .pio/build/nucleo_f303re/libFrameworkArduino.a(WString.cpp.o) (ltoa)
.pio/build/nucleo_f303re/libFrameworkArduino.a(main.cpp.o)
                              /home/imadk/.platformio/packages/toolchain-gccarmnoneeabi/bin/../lib/gcc/arm-none-eabi/12.3.1/../../../../arm-none-eabi/lib/thumb/v7e-m+fp/hard/crt0.o (main)
.pio/build/nucleo_f303re/libFrameworkArduino.a(pins_arduino.c.o)
                              .pio/build/nucleo_f303re/libf70/libWire.a(Wire.cpp.o) (pinNametoDigitalPin)
.pio/build/nucleo_f303re/libFrameworkArduino.a(startup_stm32yyxx.S.o)
                              (Reset_Handler)
.pio/build/nucleo_f303re/libFrameworkArduino.a(wiring_analog.c.o)
                              .pio/build/nucleo_f303re/src/lpf.cpp.o (analogWriteResolution)
.pio/build/nucleo_f303re/libFrameworkArduino.a(wiring_digital.c.o)
                              .pio/build/nucleo_f303re/src/encoder.cpp.o (pinMode)
.pio/build/nucleo_f303re/libFrameworkArduino.a(wiring_time.c.o)
                              .pio/build/nucleo_f303re/libFrameworkArduino.a(Stream.cpp.o) (millis)
.pio/build/nucleo_f303re/libFrameworkArduino.a(WSerial.cpp.o)
                              .pio/build/nucleo_f303re/libFrameworkArduino.a(main.cpp.o) (serialEventRun())
.pio/build/nucleo_f303re/libFrameworkArduino.a(board.c.o)
                              .pio/build/nucleo_f303re/libFrameworkArduino.a(main.cpp.o) (init)
.pio/build/nucleo_f303re/libFrameworkArduino.a(hooks.c.o)
                              .pio/build/nucleo_f303re/libFrameworkArduino.a(wiring_time.c.o) (yield)
/home/imadk/.platformio/packages/toolchain-gccarmnoneeabi/bin/../lib/gcc/arm-none-eabi/12.3.1/thumb/v7e-m+fp/hard/libgcc.a(_arm_muldf3.o)
                              .pio/build/nucleo_f303re/SrcWrapper/src/HardwareTimer.cpp.o (__aeabi_dmul)
/home/imadk/.platformio/packages/toolchain-gccarmnoneeabi/bin/../lib/gcc/arm-none-eabi/12.3.1/thumb/v7e-m+fp/hard/libgcc.a(_arm_addsubdf3.o)
                              .pio/build/nucleo_f303re/libFrameworkArduino.a(Print.cpp.o) (__aeabi_dsub)
/home/imadk/.platformio/packages/toolchain-gccarmnoneeabi/bin/../lib/gcc/arm-none-eabi/12.3.1/thumb/v7e-m+fp/hard/libgcc.a(_arm_muldivdf3.o)
                              .pio/build/nucleo_f303re/SrcWrapper/src/HardwareTimer.cpp.o (__aeabi_ddiv)
/home/imadk/.platformio/packages/toolchain-gccarmnoneeabi/bin/../lib/gcc/arm-none-eabi/12.3.1/thumb/v7e-m+fp/hard/libgcc.a(_arm_cmpdf2.o)
                              .pio/build/nucleo_f303re/src/audio.cpp.o (__aeabi_dcmplt)
/home/imadk/.platformio/packages/toolchain-gccarmnoneeabi/bin/../lib/gcc/arm-none-eabi/12.3.1/thumb/v7e-m+fp/hard/libgcc.a(_arm_unorddf2.o)
                              .pio/build/nucleo_f303re/libFrameworkArduino.a(Print.cpp.o) (__aeabi_dcmpun)
/home/imadk/.platformio/packages/toolchain-gccarmnoneeabi/bin/../lib/gcc/arm-none-eabi/12.3.1/thumb/v7e-m+fp/hard/libgcc.a(_arm_fixdfsi.o)
                              .pio/build/nucleo_f303re/libFrameworkArduino.a(dtostrf.c.o) (__aeabi_d2iz)
/home/imadk/.platformio/packages/toolchain-gccarmnoneeabi/bin/../lib/gcc/arm-none-eabi/12.3.1/thumb/v7e-m+fp/hard/libgcc.a(_arm_fixunsdfsi.o)
                              .pio/build/nucleo_f303re/SrcWrapper/src/HardwareTimer.cpp.o (__aeabi_d2uiz)
/home/imadk/.platformio/packages/toolchain-gccarmnoneeabi/bin/../lib/gcc/arm-none-eabi/12.3.1/thumb/v7e-m+fp/hard/libgcc.a(_arm_truncdfsf2.o)
                              .pio/build/nucleo_f303re/libFrameworkArduino.a(Stream.cpp.o) (__aeabi_d2f)
[...]
Memory Configuration

Name             Origin             Length             Attributes
*default*        0x00000000         0xffffffff
CCMRAM           0x10000000         0x00004000         xrw
RAM              0x20000000         0x00010000         xrw
FLASH            0x08000000         0x00080000         xr

Linker script and memory map

                0x20010000                        _estack = (ORIGIN (RAM) + LENGTH (RAM))
                0x00000200                        _Min_Heap_Size = 0x200
                0x00000400                        _Min_Stack_Size = 0x400

.isr_vector     0x08000000      0x194
                0x08000000                        . = ALIGN (0x4)
 *(.isr_vector)
 .isr_vector    0x08000000      0x194 .pio/build/nucleo_f303re/libFrameworkArduino.a(startup_stm32yyxx.S.o)
                0x08000000                g_pfnVectors
                0x08000194                        . = ALIGN (0x4)

.text           0x080001a0     0x9fd8
                0x080001a0                        . = ALIGN (0x4)
 *(.text)
 .text          0x080001a0      0x378 /home/imadk/.platformio/packages/toolchain-gccarmnoneeabi/bin/../lib/gcc/arm-none-eabi/12.3.1/thumb/v7e-m+fp/hard/libgcc.a(_arm_addsubdf3.o)
                0x080001a0                __aeabi_drsub
                0x080001a8                __aeabi_dsub
                0x080001a8                __subdf3
                0x080001ac                __adddf3
                0x080001ac                __aeabi_dadd
                0x08000424                __aeabi_ui2d
                0x08000424                __floatunsidf
                0x08000444                __floatsidf
                0x08000444                __aeabi_i2d
                0x08000468                __extendsfdf2
                0x08000468                __aeabi_f2d
                0x080004ac                __aeabi_ul2d
                0x080004ac                __floatundidf
                0x080004bc                __floatdidf
                0x080004bc                __aeabi_l2d
 .text          0x08000518      0x424 /home/imadk/.platformio/packages/toolchain-gccarmnoneeabi/bin/../lib/gcc/arm-none-eabi/12.3.1/thumb/v7e-m+fp/hard/libgcc.a(_arm_muldivdf3.o)
                0x08000518                __aeabi_dmul
                0x08000518                __muldf3
                0x0800076c                __aeabi_ddiv
                0x0800076c                __divdf3
 .text          0x0800093c      0x110 /home/imadk/.platformio/packages/toolchain-gccarmnoneeabi/bin/../lib/gcc/arm-none-eabi/12.3.1/thumb/v7e-m+fp/hard/libgcc.a(_arm_cmpdf2.o)
                0x0800093c                __gtdf2
                0x0800093c                __gedf2
                0x08000944                __ltdf2
                0x08000944                __ledf2
                0x0800094c                __cmpdf2
                0x0800094c                __eqdf2
                0x0800094c                __nedf2
                0x080009c8                __aeabi_cdrcmple
                0x080009d8                __aeabi_cdcmple
                0x080009d8                __aeabi_cdcmpeq
                0x080009e8                __aeabi_dcmpeq
                0x080009fc                __aeabi_dcmplt
                0x08000a10                __aeabi_dcmple
                0x08000a24                __aeabi_dcmpge
                0x08000a38                __aeabi_dcmpgt
 .text          0x08000a4c       0x50 /home/imadk/.platformio/packages/toolchain-gccarmnoneeabi/bin/../lib/gcc/arm-none-eabi/12.3.1/thumb/v7e-m+fp/hard/libgcc.a(_arm_fixdfsi.o)
                0x08000a4c                __fixdfsi
                0x08000a4c                __aeabi_d2iz
 .text          0x08000a9c       0x40 /home/imadk/.platformio/packages/toolchain-gccarmnoneeabi/bin/../lib/gcc/arm-none-eabi/12.3.1/thumb/v7e-m+fp/hard/libgcc.a(_arm_fixunsdfsi.o)
                0x08000a9c                __fixunsdfsi
                0x08000a9c                __aeabi_d2uiz
 .text          0x08000adc       0x10 /home/imadk/.platformio/packages/toolchain-gccarmnoneeabi/bin/../lib/gcc/arm-none-eabi/12.3.1/../../../../arm-none-eabi/lib/thumb/v7e-m+fp/hard/libc_nano.a(libc_a-strlen.o)
                0x08000adc                strlen
 *fill*         0x08000aec        0x4 
 .text          0x08000af0       0xa0 /home/imadk/.platformio/packages/toolchain-gccarmnoneeabi/bin/../lib/gcc/arm-none-eabi/12.3.1/../../../../arm-none-eabi/lib/thumb/v7e-m+fp/hard/libc_nano.a(libc_a-memchr.o)
                0x08000af0                memchr
 *(.text*)
 .text.__do_global_dtors_aux
                0x08000b90       0x24 /home/imadk/.platformio/packages/toolchain-gccarmnoneeabi/bin/../lib/gcc/arm-none-eabi/12.3.1/thumb/v7e-m+fp/hard/crtbegin.o
 .text.frame_dummy
                0x08000bb4       0x1c /home/imadk/.platformio/packages/toolchain-gccarmnoneeabi/bin/../lib/gcc/arm-none-eabi/12.3.1/thumb/v7e-m+fp/hard/crtbegin.o
 .text.SystemClock_Config
                0x08000bd0       0x7c .pio/build/nucleo_f303re/FrameworkArduinoVariant/variant_NUCLEO_F303RE.cpp.o
                0x08000bd0                SystemClock_Config
 .text.HAL_MspInit
                0x08000c4c        0x2 .pio/build/nucleo_f303re/SrcWrapper/src/HAL/stm32yyxx_hal.c.o
                0x08000c4c                HAL_MspInit
 *fill*         0x08000c4e        0x2 
 .text.HAL_InitTick
                0x08000c50       0x48 .pio/build/nucleo_f303re/SrcWrapper/src/HAL/stm32yyxx_hal.c.o
                0x08000c50                HAL_InitTick
 .text.HAL_Init
                0x08000c98       0x24 .pio/build/nucleo_f303re/SrcWrapper/src/HAL/stm32yyxx_hal.c.o
                0x08000c98                HAL_Init
 .text.HAL_IncTick
                0x08000cbc       0x18 .pio/build/nucleo_f303re/SrcWrapper/src/HAL/stm32yyxx_hal.c.o
                0x08000cbc                HAL_IncTick
 .text.HAL_GetTick
                0x08000cd4        0xc .pio/build/nucleo_f303re/SrcWrapper/src/HAL/stm32yyxx_hal.c.o
                0x08000cd4                HAL_GetTick
 .text.HAL_NVIC_SetPriorityGrouping
                0x08000ce0       0x24 .pio/build/nucleo_f303re/SrcWrapper/src/HAL/stm32yyxx_hal_cortex.c.o
                0x08000ce0                HAL_NVIC_SetPriorityGrouping
 .text.HAL_NVIC_SetPriority
                0x08000d04       0x64 .pio/build/nucleo_f303re/SrcWrapper/src/HAL/stm32yyxx_hal_cortex.c.o
                0x08000d04                HAL_NVIC_SetPriority
 .text.HAL_NVIC_EnableIRQ
                0x08000d68       0x1c .pio/build/nucleo_f303re/SrcWrapper/src/HAL/stm32yyxx_hal_cortex.c.o
                0x08000d68                HAL_NVIC_EnableIRQ
 .text.HAL_NVIC_DisableIRQ
                0x08000d84       0x24 .pio/build/nucleo_f303re/SrcWrapper/src/HAL/stm32yyxx_hal_cortex.c.o
                0x08000d84                HAL_NVIC_DisableIRQ
 .text.HAL_SYSTICK_Config
                0x08000da8       0x28 .pio/build/nucleo_f303re/SrcWrapper/src/HAL/stm32yyxx_hal_cortex.c.o
                0x08000da8                HAL_SYSTICK_Config
 .text.HAL_NVIC_ClearPendingIRQ
                0x08000dd0       0x1c .pio/build/nucleo_f303re/SrcWrapper/src/HAL/stm32yyxx_hal_cortex.c.o
                0x08000dd0                HAL_NVIC_ClearPendingIRQ
 .text.HAL_SYSTICK_Callback
                0x08000dec        0x2 .pio/build/nucleo_f303re/SrcWrapper/src/HAL/stm32yyxx_hal_cortex.c.o
                0x08000dec                HAL_SYSTICK_Callback
 .text.HAL_SYSTICK_IRQHandler
                0x08000dee        0x8 .pio/build/nucleo_f303re/SrcWrapper/src/HAL/stm32yyxx_hal_cortex.c.o
                0x08000dee                HAL_SYSTICK_IRQHandler
 .text.HAL_CRC_MspInit
                0x08000df6        0x2 .pio/build/nucleo_f303re/SrcWrapper/src/HAL/stm32yyxx_hal_crc.c.o
                0x08000df6                HAL_CRC_MspInit
 .text.HAL_CRC_Init
                0x08000df8       0x74 .pio/build/nucleo_f303re/SrcWrapper/src/HAL/stm32yyxx_hal_crc.c.o
                0x08000df8                HAL_CRC_Init
 .text.HAL_CRCEx_Polynomial_Set
                0x08000e6c       0x52 .pio/build/nucleo_f303re/SrcWrapper/src/HAL/stm32yyxx_hal_crc_ex.c.o
                0x08000e6c                HAL_CRCEx_Polynomial_Set
 .text.HAL_DAC_Init
                0x08000ebe       0x26 .pio/build/nucleo_f303re/SrcWrapper/src/HAL/stm32yyxx_hal_dac.c.o
                0x08000ebe                HAL_DAC_Init
 .text.HAL_DAC_DeInit
                0x08000ee4       0x1c .pio/build/nucleo_f303re/SrcWrapper/src/HAL/stm32yyxx_hal_dac.c.o
                0x08000ee4                HAL_DAC_DeInit
 .text.HAL_DAC_Stop
                0x08000f00       0x18 .pio/build/nucleo_f303re/SrcWrapper/src/HAL/stm32yyxx_hal_dac.c.o
                0x08000f00                HAL_DAC_Stop
 .text.HAL_DAC_SetValue
                0x08000f18       0x24 .pio/build/nucleo_f303re/SrcWrapper/src/HAL/stm32yyxx_hal_dac_ex.c.o
                0x08000f18                HAL_DAC_SetValue
 .text.HAL_DAC_Start
                0x08000f3c       0x4e .pio/build/nucleo_f303re/SrcWrapper/src/HAL/stm32yyxx_hal_dac_ex.c.o
                0x08000f3c                HAL_DAC_Start
 .text.HAL_DAC_ConfigChannel
                0x08000f8a       0x42 .pio/build/nucleo_f303re/SrcWrapper/src/HAL/stm32yyxx_hal_dac_ex.c.o
                0x08000f8a                HAL_DAC_ConfigChannel
 .text.HAL_DMA_Abort
                0x08000fcc       0x3e .pio/build/nucleo_f303re/SrcWrapper/src/HAL/stm32yyxx_hal_dma.c.o
                0x08000fcc                HAL_DMA_Abort
 .text.HAL_DMA_Abort_IT
                0x0800100a       0x3e .pio/build/nucleo_f303re/SrcWrapper/src/HAL/stm32yyxx_hal_dma.c.o
                0x0800100a                HAL_DMA_Abort_IT
 .text.HAL_DMA_GetState
                0x08001048        0x6 .pio/build/nucleo_f303re/SrcWrapper/src/HAL/stm32yyxx_hal_dma.c.o
                0x08001048                HAL_DMA_GetState
 *fill*         0x0800104e        0x2 
 .text.HAL_GPIO_Init
                0x08001050      0x1b8 .pio/build/nucleo_f303re/SrcWrapper/src/HAL/stm32yyxx_hal_gpio.c.o
                0x08001050                HAL_GPIO_Init
 .text.HAL_GPIO_EXTI_IRQHandler
                0x08001208       0x18 .pio/build/nucleo_f303re/SrcWrapper/src/HAL/stm32yyxx_hal_gpio.c.o
                0x08001208                HAL_GPIO_EXTI_IRQHandler
 .text.I2C_Flush_TXDR
                0x08001220       0x1c .pio/build/nucleo_f303re/SrcWrapper/src/HAL/stm32yyxx_hal_i2c.c.o
 .text.I2C_TransferConfig
                0x0800123c       0x2c .pio/build/nucleo_f303re/SrcWrapper/src/HAL/stm32yyxx_hal_i2c.c.o
 .text.I2C_Enable_IRQ
                0x08001268       0x88 .pio/build/nucleo_f303re/SrcWrapper/src/HAL/stm32yyxx_hal_i2c.c.o
 .text.I2C_Disable_IRQ
                0x080012f0       0x42 .pio/build/nucleo_f303re/SrcWrapper/src/HAL/stm32yyxx_hal_i2c.c.o
 .text.I2C_IsErrorOccurred
                0x08001332      0x116 .pio/build/nucleo_f303re/SrcWrapper/src/HAL/stm32yyxx_hal_i2c.c.o
 .text.I2C_WaitOnFlagUntilTimeout
                0x08001448       0x76 .pio/build/nucleo_f303re/SrcWrapper/src/HAL/stm32yyxx_hal_i2c.c.o
 .text.I2C_ConvertOtherXferOptions
                0x080014be       0x1a .pio/build/nucleo_f303re/SrcWrapper/src/HAL/stm32yyxx_hal_i2c.c.o
 .text.HAL_I2C_MspInit
                0x080014d8        0x2 .pio/build/nucleo_f303re/SrcWrapper/src/HAL/stm32yyxx_hal_i2c.c.o
                0x080014d8                HAL_I2C_MspInit
 .text.HAL_I2C_Init
                0x080014da       0xaa .pio/build/nucleo_f303re/SrcWrapper/src/HAL/stm32yyxx_hal_i2c.c.o
                0x080014da                HAL_I2C_Init
 .text.HAL_I2C_MspDeInit
                0x08001584        0x2 .pio/build/nucleo_f303re/SrcWrapper/src/HAL/stm32yyxx_hal_i2c.c.o
                0x08001584                HAL_I2C_MspDeInit
 .text.HAL_I2C_DeInit
                0x08001586       0x32 .pio/build/nucleo_f303re/SrcWrapper/src/HAL/stm32yyxx_hal_i2c.c.o
                0x08001586                HAL_I2C_DeInit
 .text.HAL_I2C_IsDeviceReady
                0x080015b8      0x102 .pio/build/nucleo_f303re/SrcWrapper/src/HAL/stm32yyxx_hal_i2c.c.o
                0x080015b8                HAL_I2C_IsDeviceReady
 *fill*         0x080016ba        0x2 
 .text.HAL_I2C_Master_Seq_Transmit_IT
                0x080016bc       0xe8 .pio/build/nucleo_f303re/SrcWrapper/src/HAL/stm32yyxx_hal_i2c.c.o
                0x080016bc                HAL_I2C_Master_Seq_Transmit_IT
 .text.HAL_I2C_Master_Seq_Receive_IT
                0x080017a4       0xa4 .pio/build/nucleo_f303re/SrcWrapper/src/HAL/stm32yyxx_hal_i2c.c.o
                0x080017a4                HAL_I2C_Master_Seq_Receive_IT
 .text.HAL_I2C_Slave_Seq_Transmit_IT
                0x08001848       0xc4 .pio/build/nucleo_f303re/SrcWrapper/src/HAL/stm32yyxx_hal_i2c.c.o
                0x08001848                HAL_I2C_Slave_Seq_Transmit_IT
 .text.HAL_I2C_Slave_Seq_Receive_IT
                0x0800190c       0xc4 .pio/build/nucleo_f303re/SrcWrapper/src/HAL/stm32yyxx_hal_i2c.c.o
                0x0800190c                HAL_I2C_Slave_Seq_Receive_IT
 .text.HAL_I2C_EnableListen_IT
                0x080019d0       0x28 .pio/build/nucleo_f303re/SrcWrapper/src/HAL/stm32yyxx_hal_i2c.c.o
                0x080019d0                HAL_I2C_EnableListen_IT
 .text.HAL_I2C_EV_IRQHandler
                0x080019f8        0xe .pio/build/nucleo_f303re/SrcWrapper/src/HAL/stm32yyxx_hal_i2c.c.o
                0x080019f8                HAL_I2C_EV_IRQHandler
 .text.HAL_I2C_MasterTxCpltCallback
                0x08001a06        0x2 .pio/build/nucleo_f303re/SrcWrapper/src/HAL/stm32yyxx_hal_i2c.c.o
                0x08001a06                HAL_I2C_MasterTxCpltCallback
 .text.HAL_I2C_MasterRxCpltCallback
                0x08001a08        0x2 .pio/build/nucleo_f303re/SrcWrapper/src/HAL/stm32yyxx_hal_i2c.c.o
                0x08001a08                HAL_I2C_MasterRxCpltCallback
 .text.I2C_ITMasterSeqCplt
                0x08001a0a       0x44 .pio/build/nucleo_f303re/SrcWrapper/src/HAL/stm32yyxx_hal_i2c.c.o
 .text.I2C_ITSlaveSeqCplt
                0x08001a4e       0x6c .pio/build/nucleo_f303re/SrcWrapper/src/HAL/stm32yyxx_hal_i2c.c.o
 .text.I2C_ITAddrCplt.constprop.0
                0x08001aba       0x86 .pio/build/nucleo_f303re/SrcWrapper/src/HAL/stm32yyxx_hal_i2c.c.o
 .text.I2C_ITListenCplt
                0x08001b40       0x60 .pio/build/nucleo_f303re/SrcWrapper/src/HAL/stm32yyxx_hal_i2c.c.o
 .text.HAL_I2C_MemTxCpltCallback
                0x08001ba0        0x2 .pio/build/nucleo_f303re/SrcWrapper/src/HAL/stm32yyxx_hal_i2c.c.o
                0x08001ba0                HAL_I2C_MemTxCpltCallback
 .text.HAL_I2C_MemRxCpltCallback
                0x08001ba2        0x2 .pio/build/nucleo_f303re/SrcWrapper/src/HAL/stm32yyxx_hal_i2c.c.o
                0x08001ba2                HAL_I2C_MemRxCpltCallback
 .text.HAL_I2C_AbortCpltCallback
                0x08001ba4        0x2 .pio/build/nucleo_f303re/SrcWrapper/src/HAL/stm32yyxx_hal_i2c.c.o
                0x08001ba4                HAL_I2C_AbortCpltCallback
 .text.I2C_TreatErrorCallback
                0x08001ba6       0x2c .pio/build/nucleo_f303re/SrcWrapper/src/HAL/stm32yyxx_hal_i2c.c.o
 *fill*         0x08001bd2        0x2 
 .text.I2C_ITError
                0x08001bd4      0x108 .pio/build/nucleo_f303re/SrcWrapper/src/HAL/stm32yyxx_hal_i2c.c.o
 .text.I2C_ITMasterCplt
                0x08001cdc       0xec .pio/build/nucleo_f303re/SrcWrapper/src/HAL/stm32yyxx_hal_i2c.c.o
 .text.I2C_Master_ISR_IT
                0x08001dc8      0x142 .pio/build/nucleo_f303re/SrcWrapper/src/HAL/stm32yyxx_hal_i2c.c.o
 *fill*         0x08001f0a        0x2 
 .text.I2C_Mem_ISR_DMA
                0x08001f0c      0x140 .pio/build/nucleo_f303re/SrcWrapper/src/HAL/stm32yyxx_hal_i2c.c.o
 .text.I2C_Master_ISR_DMA
                0x0800204c      0x10e .pio/build/nucleo_f303re/SrcWrapper/src/HAL/stm32yyxx_hal_i2c.c.o
 .text.HAL_I2C_ER_IRQHandler
                0x0800215a       0x60 .pio/build/nucleo_f303re/SrcWrapper/src/HAL/stm32yyxx_hal_i2c.c.o
                0x0800215a                HAL_I2C_ER_IRQHandler
 *fill*         0x080021ba        0x2 
 .text.I2C_ITSlaveCplt.constprop.0
                0x080021bc      0x1bc .pio/build/nucleo_f303re/SrcWrapper/src/HAL/stm32yyxx_hal_i2c.c.o
 .text.I2C_Slave_ISR_DMA
                0x08002378       0xf6 .pio/build/nucleo_f303re/SrcWrapper/src/HAL/stm32yyxx_hal_i2c.c.o
 .text.I2C_Slave_ISR_IT
                0x0800246e      0x112 .pio/build/nucleo_f303re/SrcWrapper/src/HAL/stm32yyxx_hal_i2c.c.o
 .text.I2C_DMAAbort
                0x08002580       0x16 .pio/build/nucleo_f303re/SrcWrapper/src/HAL/stm32yyxx_hal_i2c.c.o
 .text.HAL_I2C_GetState
                0x08002596        0x6 .pio/build/nucleo_f303re/SrcWrapper/src/HAL/stm32yyxx_hal_i2c.c.o
                0x08002596                HAL_I2C_GetState
 .text.HAL_I2C_GetError
                0x0800259c        0x4 .pio/build/nucleo_f303re/SrcWrapper/src/HAL/stm32yyxx_hal_i2c.c.o
                0x0800259c                HAL_I2C_GetError
 .text.HAL_RCC_OscConfig
                0x080025a0      0x500 .pio/build/nucleo_f303re/SrcWrapper/src/HAL/stm32yyxx_hal_rcc.c.o
                0x080025a0                HAL_RCC_OscConfig
 .text.HAL_RCC_GetSysClockFreq
                0x08002aa0       0x38 .pio/build/nucleo_f303re/SrcWrapper/src/HAL/stm32yyxx_hal_rcc.c.o
                0x08002aa0                HAL_RCC_GetSysClockFreq
 .text.HAL_RCC_ClockConfig
                0x08002ad8      0x13c .pio/build/nucleo_f303re/SrcWrapper/src/HAL/stm32yyxx_hal_rcc.c.o
                0x08002ad8                HAL_RCC_ClockConfig
 .text.HAL_RCC_GetPCLK1Freq
                0x08002c14       0x30 .pio/build/nucleo_f303re/SrcWrapper/src/HAL/stm32yyxx_hal_rcc.c.o
                0x08002c14                HAL_RCC_GetPCLK1Freq
 .text.HAL_RCC_GetPCLK2Freq
                0x08002c44       0x30 .pio/build/nucleo_f303re/SrcWrapper/src/HAL/stm32yyxx_hal_rcc.c.o
                0x08002c44                HAL_RCC_GetPCLK2Freq
 .text.HAL_RCC_GetClockConfig
                0x08002c74       0x3c .pio/build/nucleo_f303re/SrcWrapper/src/HAL/stm32yyxx_hal_rcc.c.o
                0x08002c74                HAL_RCC_GetClockConfig
 .text.RCC_GetPLLCLKFreq
                0x08002cb0       0x28 .pio/build/nucleo_f303re/SrcWrapper/src/HAL/stm32yyxx_hal_rcc_ex.c.o
 .text.HAL_RCCEx_PeriphCLKConfig
                0x08002cd8      0x294 .pio/build/nucleo_f303re/SrcWrapper/src/HAL/stm32yyxx_hal_rcc_ex.c.o
                0x08002cd8                HAL_RCCEx_PeriphCLKConfig
 .text.HAL_RCCEx_GetPeriphCLKFreq
                0x08002f6c      0x29c .pio/build/nucleo_f303re/SrcWrapper/src/HAL/stm32yyxx_hal_rcc_ex.c.o
                0x08002f6c                HAL_RCCEx_GetPeriphCLKFreq
 .text.TIM_OC1_SetConfig
                0x08003208       0x7c .pio/build/nucleo_f303re/SrcWrapper/src/HAL/stm32yyxx_hal_tim.c.o
 .text.TIM_OC3_SetConfig
                0x08003284       0x88 .pio/build/nucleo_f303re/SrcWrapper/src/HAL/stm32yyxx_hal_tim.c.o
 .text.TIM_OC4_SetConfig
                0x0800330c       0x70 .pio/build/nucleo_f303re/SrcWrapper/src/HAL/stm32yyxx_hal_tim.c.o
 .text.TIM_OC5_SetConfig
                0x0800337c       0x70 .pio/build/nucleo_f303re/SrcWrapper/src/HAL/stm32yyxx_hal_tim.c.o
 .text.TIM_OC6_SetConfig
                0x080033ec       0x70 .pio/build/nucleo_f303re/SrcWrapper/src/HAL/stm32yyxx_hal_tim.c.o
 .text.HAL_TIM_Base_Start
                0x0800345c       0x6c .pio/build/nucleo_f303re/SrcWrapper/src/HAL/stm32yyxx_hal_tim.c.o
                0x0800345c                HAL_TIM_Base_Start
 .text.HAL_TIM_GenerateEvent
                0x080034c8       0x24 .pio/build/nucleo_f303re/SrcWrapper/src/HAL/stm32yyxx_hal_tim.c.o
                0x080034c8                HAL_TIM_GenerateEvent
 .text.HAL_TIM_PWM_PulseFinishedCallback
                0x080034ec        0x2 .pio/build/nucleo_f303re/SrcWrapper/src/HAL/stm32yyxx_hal_tim.c.o
                0x080034ec                HAL_TIM_PWM_PulseFinishedCallback
 .text.HAL_TIM_TriggerCallback
                0x080034ee        0x2 .pio/build/nucleo_f303re/SrcWrapper/src/HAL/stm32yyxx_hal_tim.c.o
                0x080034ee                HAL_TIM_TriggerCallback
 .text.HAL_TIM_IRQHandler
                0x080034f0      0x13e .pio/build/nucleo_f303re/SrcWrapper/src/HAL/stm32yyxx_hal_tim.c.o
                0x080034f0                HAL_TIM_IRQHandler
 *fill*         0x0800362e        0x2 
 .text.TIM_Base_SetConfig
                0x08003630       0xb8 .pio/build/nucleo_f303re/SrcWrapper/src/HAL/stm32yyxx_hal_tim.c.o
                0x08003630                TIM_Base_SetConfig
 .text.HAL_TIM_Base_Init
                0x080036e8       0x60 .pio/build/nucleo_f303re/SrcWrapper/src/HAL/stm32yyxx_hal_tim.c.o
                0x080036e8                HAL_TIM_Base_Init
 .text.TIM_OC2_SetConfig
                0x08003748       0x88 .pio/build/nucleo_f303re/SrcWrapper/src/HAL/stm32yyxx_hal_tim.c.o
                0x08003748                TIM_OC2_SetConfig
 .text.HAL_TIM_OC_ConfigChannel
                0x080037d0       0x64 .pio/build/nucleo_f303re/SrcWrapper/src/HAL/stm32yyxx_hal_tim.c.o
                0x080037d0                HAL_TIM_OC_ConfigChannel
 .text.HAL_TIM_PWM_ConfigChannel
                0x08003834       0xf8 .pio/build/nucleo_f303re/SrcWrapper/src/HAL/stm32yyxx_hal_tim.c.o
                0x08003834                HAL_TIM_PWM_ConfigChannel
 .text.TIM_TI1_SetConfig
                0x0800392c       0x6c .pio/build/nucleo_f303re/SrcWrapper/src/HAL/stm32yyxx_hal_tim.c.o
                0x0800392c                TIM_TI1_SetConfig
 .text.HAL_TIM_IC_ConfigChannel
                0x08003998      0x126 .pio/build/nucleo_f303re/SrcWrapper/src/HAL/stm32yyxx_hal_tim.c.o
                0x08003998                HAL_TIM_IC_ConfigChannel
 .text.TIM_CCxChannelCmd
                0x08003abe       0x1c .pio/build/nucleo_f303re/SrcWrapper/src/HAL/stm32yyxx_hal_tim.c.o
                0x08003abe                TIM_CCxChannelCmd
 *fill*         0x08003ada        0x2 
 .text.HAL_TIM_OC_Start
                0x08003adc      0x100 .pio/build/nucleo_f303re/SrcWrapper/src/HAL/stm32yyxx_hal_tim.c.o
                0x08003adc                HAL_TIM_OC_Start
 .text.HAL_TIM_PWM_Start
                0x08003bdc        0x4 .pio/build/nucleo_f303re/SrcWrapper/src/HAL/stm32yyxx_hal_tim.c.o
                0x08003bdc                HAL_TIM_PWM_Start
 .text.HAL_TIM_IC_Start
                0x08003be0      0x138 .pio/build/nucleo_f303re/SrcWrapper/src/HAL/stm32yyxx_hal_tim.c.o
                0x08003be0                HAL_TIM_IC_Start
 .text.TIM_CCxNChannelCmd
                0x08003d18       0x1c .pio/build/nucleo_f303re/SrcWrapper/src/HAL/stm32yyxx_hal_tim_ex.c.o
 .text.HAL_TIMEx_OCN_Start
                0x08003d34       0xb8 .pio/build/nucleo_f303re/SrcWrapper/src/HAL/stm32yyxx_hal_tim_ex.c.o
                0x08003d34                HAL_TIMEx_OCN_Start
 .text.HAL_TIMEx_PWMN_Start
                0x08003dec        0x4 .pio/build/nucleo_f303re/SrcWrapper/src/HAL/stm32yyxx_hal_tim_ex.c.o
                0x08003dec                HAL_TIMEx_PWMN_Start
 .text.HAL_TIMEx_CommutCallback
                0x08003df0        0x2 .pio/build/nucleo_f303re/SrcWrapper/src/HAL/stm32yyxx_hal_tim_ex.c.o
                0x08003df0                HAL_TIMEx_CommutCallback
 .text.HAL_TIMEx_BreakCallback
                0x08003df2        0x2 .pio/build/nucleo_f303re/SrcWrapper/src/HAL/stm32yyxx_hal_tim_ex.c.o
                0x08003df2                HAL_TIMEx_BreakCallback
 .text.HAL_TIMEx_Break2Callback
                0x08003df4        0x2 .pio/build/nucleo_f303re/SrcWrapper/src/HAL/stm32yyxx_hal_tim_ex.c.o
                0x08003df4                HAL_TIMEx_Break2Callback
 .text.UART_EndRxTransfer
                0x08003df6       0x50 .pio/build/nucleo_f303re/SrcWrapper/src/HAL/stm32yyxx_hal_uart.c.o
 .text.UART_TxISR_8BIT.part.0
                0x08003e46       0x26 .pio/build/nucleo_f303re/SrcWrapper/src/HAL/stm32yyxx_hal_uart.c.o
 .text.UART_TxISR_8BIT
                0x08003e6c       0x2e .pio/build/nucleo_f303re/SrcWrapper/src/HAL/stm32yyxx_hal_uart.c.o
 .text.UART_TxISR_16BIT
                0x08003e9a       0x32 .pio/build/nucleo_f303re/SrcWrapper/src/HAL/stm32yyxx_hal_uart.c.o
 .text.HAL_UART_MspInit
                0x08003ecc        0x2 .pio/build/nucleo_f303re/SrcWrapper/src/HAL/stm32yyxx_hal_uart.c.o
                0x08003ecc                HAL_UART_MspInit
 *fill*         0x08003ece        0x2 
 .text.HAL_UART_Transmit_IT
                0x08003ed0       0x60 .pio/build/nucleo_f303re/SrcWrapper/src/HAL/stm32yyxx_hal_uart.c.o
                0x08003ed0                HAL_UART_Transmit_IT
 .text.UART_DMAAbortOnError
                0x08003f30       0x14 .pio/build/nucleo_f303re/SrcWrapper/src/HAL/stm32yyxx_hal_uart.c.o
 .text.HAL_UARTEx_RxEventCallback
                0x08003f44        0x2 .pio/build/nucleo_f303re/SrcWrapper/src/HAL/stm32yyxx_hal_uart.c.o
                0x08003f44                HAL_UARTEx_RxEventCallback
 *fill*         0x08003f46        0x2 
 .text.HAL_UART_IRQHandler
                0x08003f48      0x2e4 .pio/build/nucleo_f303re/SrcWrapper/src/HAL/stm32yyxx_hal_uart.c.o
                0x08003f48                HAL_UART_IRQHandler
 .text.UART_RxISR_8BIT
                0x0800422c       0xc0 .pio/build/nucleo_f303re/SrcWrapper/src/HAL/stm32yyxx_hal_uart.c.o
 .text.UART_RxISR_16BIT
                0x080042ec       0xba .pio/build/nucleo_f303re/SrcWrapper/src/HAL/stm32yyxx_hal_uart.c.o
 .text.HAL_HalfDuplex_EnableTransmitter
                0x080043a6       0x48 .pio/build/nucleo_f303re/SrcWrapper/src/HAL/stm32yyxx_hal_uart.c.o
                0x080043a6                HAL_HalfDuplex_EnableTransmitter
 .text.HAL_HalfDuplex_EnableReceiver
                0x080043ee       0x48 .pio/build/nucleo_f303re/SrcWrapper/src/HAL/stm32yyxx_hal_uart.c.o
                0x080043ee                HAL_HalfDuplex_EnableReceiver
 .text.HAL_UART_GetState
                0x08004436        0xa .pio/build/nucleo_f303re/SrcWrapper/src/HAL/stm32yyxx_hal_uart.c.o
                0x08004436                HAL_UART_GetState
 .text.UART_SetConfig
                0x08004440      0x1ac .pio/build/nucleo_f303re/SrcWrapper/src/HAL/stm32yyxx_hal_uart.c.o
                0x08004440                UART_SetConfig
 .text.UART_AdvFeatureConfig
                0x080045ec       0xa8 .pio/build/nucleo_f303re/SrcWrapper/src/HAL/stm32yyxx_hal_uart.c.o
                0x080045ec                UART_AdvFeatureConfig
 .text.UART_WaitOnFlagUntilTimeout
                0x08004694       0x90 .pio/build/nucleo_f303re/SrcWrapper/src/HAL/stm32yyxx_hal_uart.c.o
                0x08004694                UART_WaitOnFlagUntilTimeout
 .text.UART_CheckIdleState
                0x08004724       0xb2 .pio/build/nucleo_f303re/SrcWrapper/src/HAL/stm32yyxx_hal_uart.c.o
                0x08004724                UART_CheckIdleState
 .text.HAL_UART_Init
                0x080047d6       0x5c .pio/build/nucleo_f303re/SrcWrapper/src/HAL/stm32yyxx_hal_uart.c.o
                0x080047d6                HAL_UART_Init
 .text.HAL_HalfDuplex_Init
                0x08004832       0x64 .pio/build/nucleo_f303re/SrcWrapper/src/HAL/stm32yyxx_hal_uart.c.o
                0x08004832                HAL_HalfDuplex_Init
 *fill*         0x08004896        0x2 
 .text.UART_Start_Receive_IT
                0x08004898       0xb8 .pio/build/nucleo_f303re/SrcWrapper/src/HAL/stm32yyxx_hal_uart.c.o
                0x08004898                UART_Start_Receive_IT
 .text.HAL_UART_Receive_IT
                0x08004950       0x3a .pio/build/nucleo_f303re/SrcWrapper/src/HAL/stm32yyxx_hal_uart.c.o
                0x08004950                HAL_UART_Receive_IT
 .text._ZNSt8functionIFvvEEaSEDn.isra.0
                0x0800498a       0x16 .pio/build/nucleo_f303re/SrcWrapper/src/HardwareTimer.cpp.o
 .text._ZNSt14_Function_baseD2Ev
                0x080049a0       0x12 .pio/build/nucleo_f303re/SrcWrapper/src/HardwareTimer.cpp.o
                0x080049a0                std::_Function_base::~_Function_base()
                0x080049a0                std::_Function_base::~_Function_base()
 .text._ZN13HardwareTimer10getChannelEm
                0x080049b2        0xe .pio/build/nucleo_f303re/SrcWrapper/src/HardwareTimer.cpp.o
                0x080049b2                HardwareTimer::getChannel(unsigned long)
 .text._ZN13HardwareTimer12getLLChannelEm
                0x080049c0       0x44 .pio/build/nucleo_f303re/SrcWrapper/src/HardwareTimer.cpp.o
                0x080049c0                HardwareTimer::getLLChannel(unsigned long)
 .text._ZN13HardwareTimer5getITEm
                0x08004a04       0x14 .pio/build/nucleo_f303re/SrcWrapper/src/HardwareTimer.cpp.o
                0x08004a04                HardwareTimer::getIT(unsigned long)
 .text._ZN13HardwareTimer20getAssociatedChannelEm
                0x08004a18       0x14 .pio/build/nucleo_f303re/SrcWrapper/src/HardwareTimer.cpp.o
                0x08004a18                HardwareTimer::getAssociatedChannel(unsigned long)
 .text._ZN13HardwareTimer13resumeChannelEm
                0x08004a2c       0xf6 .pio/build/nucleo_f303re/SrcWrapper/src/HardwareTimer.cpp.o
                0x08004a2c                HardwareTimer::resumeChannel(unsigned long)
 .text._ZN13HardwareTimer6resumeEv
                0x08004b22       0x4c .pio/build/nucleo_f303re/SrcWrapper/src/HardwareTimer.cpp.o
                0x08004b22                HardwareTimer::resume()
 *fill*         0x08004b6e        0x2 
 .text._ZN13HardwareTimer7setModeEm12TimerModes_t7PinName20ChannelInputFilter_t
                0x08004b70      0x238 .pio/build/nucleo_f303re/SrcWrapper/src/HardwareTimer.cpp.o
                0x08004b70                HardwareTimer::setMode(unsigned long, TimerModes_t, PinName, ChannelInputFilter_t)
 .text._ZN13HardwareTimer7getModeEm
                0x08004da8       0x10 .pio/build/nucleo_f303re/SrcWrapper/src/HardwareTimer.cpp.o
                0x08004da8                HardwareTimer::getMode(unsigned long)
 .text._ZN13HardwareTimer7refreshEv
                0x08004db8        0x8 .pio/build/nucleo_f303re/SrcWrapper/src/HardwareTimer.cpp.o
                0x08004db8                HardwareTimer::refresh()
 .text._ZN13HardwareTimer9isRunningEv
                0x08004dc0        0xa .pio/build/nucleo_f303re/SrcWrapper/src/HardwareTimer.cpp.o
                0x08004dc0                HardwareTimer::isRunning()
 .text._ZN13HardwareTimer27updateRegistersIfNotRunningEP11TIM_TypeDef
                0x08004dca       0x3a .pio/build/nucleo_f303re/SrcWrapper/src/HardwareTimer.cpp.o
                0x08004dca                HardwareTimer::updateRegistersIfNotRunning(TIM_TypeDef*)
 .text._Z15get_timer_indexP11TIM_TypeDef
                0x08004e04       0x88 .pio/build/nucleo_f303re/SrcWrapper/src/HardwareTimer.cpp.o
                0x08004e04                get_timer_index(TIM_TypeDef*)
 .text._ZN13HardwareTimerD2Ev
                0x08004e8c       0x40 .pio/build/nucleo_f303re/SrcWrapper/src/HardwareTimer.cpp.o
                0x08004e8c                HardwareTimer::~HardwareTimer()
                0x08004e8c                HardwareTimer::~HardwareTimer()
 .text._ZN13HardwareTimer5setupEP11TIM_TypeDef
                0x08004ecc       0x98 .pio/build/nucleo_f303re/SrcWrapper/src/HardwareTimer.cpp.o
                0x08004ecc                HardwareTimer::setup(TIM_TypeDef*)
 .text._ZN13HardwareTimer15getTimerClkFreqEv
                0x08004f64       0x58 .pio/build/nucleo_f303re/SrcWrapper/src/HardwareTimer.cpp.o
                0x08004f64                HardwareTimer::getTimerClkFreq()
 .text._ZN13HardwareTimer11setOverflowEm13TimerFormat_t
                0x08004fbc       0x4c .pio/build/nucleo_f303re/SrcWrapper/src/HardwareTimer.cpp.o
                0x08004fbc                HardwareTimer::setOverflow(unsigned long, TimerFormat_t)
 .text._ZN13HardwareTimer17setCaptureCompareEmm20TimerCompareFormat_t
                0x08005008       0xb0 .pio/build/nucleo_f303re/SrcWrapper/src/HardwareTimer.cpp.o
                0x08005008                HardwareTimer::setCaptureCompare(unsigned long, unsigned long, TimerCompareFormat_t)
 .text.TIM1_UP_TIM16_IRQHandler
                0x080050b8       0x24 .pio/build/nucleo_f303re/SrcWrapper/src/HardwareTimer.cpp.o
                0x080050b8                TIM1_UP_TIM16_IRQHandler
 .text.TIM2_IRQHandler
                0x080050dc       0x14 .pio/build/nucleo_f303re/SrcWrapper/src/HardwareTimer.cpp.o
                0x080050dc                TIM2_IRQHandler
 .text.TIM3_IRQHandler
                0x080050f0       0x14 .pio/build/nucleo_f303re/SrcWrapper/src/HardwareTimer.cpp.o
                0x080050f0                TIM3_IRQHandler
 .text.TIM4_IRQHandler
                0x08005104       0x14 .pio/build/nucleo_f303re/SrcWrapper/src/HardwareTimer.cpp.o
                0x08005104                TIM4_IRQHandler
 .text.TIM6_DAC_IRQHandler
                0x08005118       0x14 .pio/build/nucleo_f303re/SrcWrapper/src/HardwareTimer.cpp.o
                0x08005118                TIM6_DAC_IRQHandler
 .text.TIM7_IRQHandler
                0x0800512c       0x14 .pio/build/nucleo_f303re/SrcWrapper/src/HardwareTimer.cpp.o
                0x0800512c                TIM7_IRQHandler
 .text.TIM8_UP_IRQHandler
                0x08005140       0x14 .pio/build/nucleo_f303re/SrcWrapper/src/HardwareTimer.cpp.o
                0x08005140                TIM8_UP_IRQHandler
 .text.TIM8_CC_IRQHandler
                0x08005154        0x4 .pio/build/nucleo_f303re/SrcWrapper/src/HardwareTimer.cpp.o
                0x08005154                TIM8_CC_IRQHandler
 .text.TIM1_BRK_TIM15_IRQHandler
                0x08005158       0x14 .pio/build/nucleo_f303re/SrcWrapper/src/HardwareTimer.cpp.o
                0x08005158                TIM1_BRK_TIM15_IRQHandler
 .text.TIM1_TRG_COM_TIM17_IRQHandler
                0x0800516c       0x14 .pio/build/nucleo_f303re/SrcWrapper/src/HardwareTimer.cpp.o
                0x0800516c                TIM1_TRG_COM_TIM17_IRQHandler
 .text.TIM20_UP_IRQHandler
                0x08005180       0x14 .pio/build/nucleo_f303re/SrcWrapper/src/HardwareTimer.cpp.o
                0x08005180                TIM20_UP_IRQHandler
 .text.TIM20_CC_IRQHandler
                0x08005194        0x4 .pio/build/nucleo_f303re/SrcWrapper/src/HardwareTimer.cpp.o
                0x08005194                TIM20_CC_IRQHandler
 .text._ZNSt8functionIFvvEEC2Ev
                0x08005198        0xc .pio/build/nucleo_f303re/SrcWrapper/src/HardwareTimer.cpp.o
                0x08005198                std::function<void ()>::function()
                0x08005198                std::function<void ()>::function()
 .text._ZN13HardwareTimerC2EP11TIM_TypeDef
                0x080051a4       0x2a .pio/build/nucleo_f303re/SrcWrapper/src/HardwareTimer.cpp.o
                0x080051a4                HardwareTimer::HardwareTimer(TIM_TypeDef*)
                0x080051a4                HardwareTimer::HardwareTimer(TIM_TypeDef*)
 .text._ZNSt8functionIFvvEEC2ERKS1_
                0x080051ce       0x24 .pio/build/nucleo_f303re/SrcWrapper/src/HardwareTimer.cpp.o
                0x080051ce                std::function<void ()>::function(std::function<void ()> const&)
                0x080051ce                std::function<void ()>::function(std::function<void ()> const&)
 .text._ZNSt8functionIFvvEEaSERKS1_.isra.0
                0x080051f2       0x42 .pio/build/nucleo_f303re/SrcWrapper/src/HardwareTimer.cpp.o
 .text._ZN13HardwareTimer15attachInterruptESt8functionIFvvEE
                0x08005234       0x2e .pio/build/nucleo_f303re/SrcWrapper/src/HardwareTimer.cpp.o
                0x08005234                HardwareTimer::attachInterrupt(std::function<void ()>)
 .text._ZNKSt8functionIFvvEEclEv
                0x08005262       0x12 .pio/build/nucleo_f303re/SrcWrapper/src/HardwareTimer.cpp.o
                0x08005262                std::function<void ()>::operator()() const
 .text._ZN13HardwareTimer14updateCallbackEP17TIM_HandleTypeDef
                0x08005274       0x18 .pio/build/nucleo_f303re/SrcWrapper/src/HardwareTimer.cpp.o
                0x08005274                HardwareTimer::updateCallback(TIM_HandleTypeDef*)
 .text.HAL_TIM_PeriodElapsedCallback
                0x0800528c        0x4 .pio/build/nucleo_f303re/SrcWrapper/src/HardwareTimer.cpp.o
                0x0800528c                HAL_TIM_PeriodElapsedCallback
 .text._ZN13HardwareTimer22captureCompareCallbackEP17TIM_HandleTypeDef
                0x08005290       0x3e .pio/build/nucleo_f303re/SrcWrapper/src/HardwareTimer.cpp.o
                0x08005290                HardwareTimer::captureCompareCallback(TIM_HandleTypeDef*)
 .text.HAL_TIM_OC_DelayElapsedCallback
                0x080052ce        0x4 .pio/build/nucleo_f303re/SrcWrapper/src/HardwareTimer.cpp.o
                0x080052ce                HAL_TIM_OC_DelayElapsedCallback
 .text.HAL_TIM_IC_CaptureCallback
                0x080052d2        0x4 .pio/build/nucleo_f303re/SrcWrapper/src/HardwareTimer.cpp.o
                0x080052d2                HAL_TIM_IC_CaptureCallback
 .text._Znwj    0x080052d6        0x4 .pio/build/nucleo_f303re/SrcWrapper/src/new.cpp.o
                0x080052d6                operator new(unsigned int)
 .text._ZdlPvj  0x080052da        0x4 .pio/build/nucleo_f303re/SrcWrapper/src/new.cpp.o
                0x080052da                operator delete(void*, unsigned int)
 *fill*         0x080052de        0x2 
 .text.set_GPIO_Port_Clock
                0x080052e0       0xfc .pio/build/nucleo_f303re/SrcWrapper/src/stm32/PortNames.c.o
                0x080052e0                set_GPIO_Port_Clock
 .text.get_dac_channel
                0x080053dc       0x24 .pio/build/nucleo_f303re/SrcWrapper/src/stm32/analog.cpp.o
                0x080053dc                get_dac_channel
 .text.HAL_DAC_MspInit
                0x08005400       0x38 .pio/build/nucleo_f303re/SrcWrapper/src/stm32/analog.cpp.o
                0x08005400                HAL_DAC_MspInit
 .text.dac_write_value
                0x08005438       0x7c .pio/build/nucleo_f303re/SrcWrapper/src/stm32/analog.cpp.o
                0x08005438                dac_write_value
 .text.HAL_DAC_MspDeInit
                0x080054b4       0x2c .pio/build/nucleo_f303re/SrcWrapper/src/stm32/analog.cpp.o
                0x080054b4                HAL_DAC_MspDeInit
 .text.dac_stop
                0x080054e0       0x34 .pio/build/nucleo_f303re/SrcWrapper/src/stm32/analog.cpp.o
                0x080054e0                dac_stop
 .text.pwm_start
                0x08005514       0xa4 .pio/build/nucleo_f303re/SrcWrapper/src/stm32/analog.cpp.o
                0x08005514                pwm_start
 .text.pwm_stop
                0x080055b8       0x5c .pio/build/nucleo_f303re/SrcWrapper/src/stm32/analog.cpp.o
                0x080055b8                pwm_stop
 .text.getCurrentMillis
                0x08005614        0x4 .pio/build/nucleo_f303re/SrcWrapper/src/stm32/clock.c.o
                0x08005614                getCurrentMillis
 .text.noOsSystickHandler
                0x08005618        0x2 .pio/build/nucleo_f303re/SrcWrapper/src/stm32/clock.c.o
                0x08005618                noOsSystickHandler
                0x08005618                osSystickHandler
 .text.SysTick_Handler
                0x0800561a       0x10 .pio/build/nucleo_f303re/SrcWrapper/src/stm32/clock.c.o
                0x0800561a                SysTick_Handler
 .text.configHSECapacitorTuning
                0x0800562a        0x2 .pio/build/nucleo_f303re/SrcWrapper/src/stm32/clock.c.o
                0x0800562a                configHSECapacitorTuning
 .text.configIPClock
                0x0800562c       0x44 .pio/build/nucleo_f303re/SrcWrapper/src/stm32/clock.c.o
                0x0800562c                configIPClock
 .text.dwt_init
                0x08005670       0x3c .pio/build/nucleo_f303re/SrcWrapper/src/stm32/dwt.c.o
                0x08005670                dwt_init
 .text.hw_config_init
                0x080056ac       0x24 .pio/build/nucleo_f303re/SrcWrapper/src/stm32/hw_config.c.o
                0x080056ac                hw_config_init
 .text._ZNSt17_Function_handlerIFvvEPS0_E10_M_managerERSt9_Any_dataRKS3_St18_Manager_operation
                0x080056d0       0x20 .pio/build/nucleo_f303re/SrcWrapper/src/stm32/interrupt.cpp.o
                0x080056d0                std::_Function_handler<void (), void (*)()>::_M_manager(std::_Any_data&, std::_Any_data const&, std::_Manager_operation)
 .text._ZNSt17_Function_handlerIFvvEPS0_E9_M_invokeERKSt9_Any_data
                0x080056f0        0x4 .pio/build/nucleo_f303re/SrcWrapper/src/stm32/interrupt.cpp.o
                0x080056f0                std::_Function_handler<void (), void (*)()>::_M_invoke(std::_Any_data const&)
 .text.startup._ZNSt8functionIFvvEEC2EDn.constprop.0.isra.0
                0x080056f4        0xc .pio/build/nucleo_f303re/SrcWrapper/src/stm32/interrupt.cpp.o
 .text.HAL_GPIO_EXTI_Callback
                0x08005700       0x2c .pio/build/nucleo_f303re/SrcWrapper/src/stm32/interrupt.cpp.o
                0x08005700                HAL_GPIO_EXTI_Callback
 .text.EXTI0_IRQHandler
                0x0800572c        0x6 .pio/build/nucleo_f303re/SrcWrapper/src/stm32/interrupt.cpp.o
                0x0800572c                EXTI0_IRQHandler
 .text.EXTI1_IRQHandler
                0x08005732        0x6 .pio/build/nucleo_f303re/SrcWrapper/src/stm32/interrupt.cpp.o
                0x08005732                EXTI1_IRQHandler
 .text.EXTI3_IRQHandler
                0x08005738        0x6 .pio/build/nucleo_f303re/SrcWrapper/src/stm32/interrupt.cpp.o
                0x08005738                EXTI3_IRQHandler
 .text.EXTI4_IRQHandler
                0x0800573e        0x6 .pio/build/nucleo_f303re/SrcWrapper/src/stm32/interrupt.cpp.o
                0x0800573e                EXTI4_IRQHandler
 .text.EXTI9_5_IRQHandler
                0x08005744       0x16 .pio/build/nucleo_f303re/SrcWrapper/src/stm32/interrupt.cpp.o
                0x08005744                EXTI9_5_IRQHandler
 .text.EXTI15_10_IRQHandler
                0x0800575a       0x18 .pio/build/nucleo_f303re/SrcWrapper/src/stm32/interrupt.cpp.o
                0x0800575a                EXTI15_10_IRQHandler
 *fill*         0x08005772        0x2 
 .text._Z22stm32_interrupt_enable7PinNameSt8functionIFvvEEm
                0x08005774       0xd8 .pio/build/nucleo_f303re/SrcWrapper/src/stm32/interrupt.cpp.o
                0x08005774                stm32_interrupt_enable(PinName, std::function<void ()>, unsigned long)
 .text.startup._GLOBAL__sub_I__Z22stm32_interrupt_enable7PinNameSt8functionIFvvEEm
                0x0800584c       0xd8 .pio/build/nucleo_f303re/SrcWrapper/src/stm32/interrupt.cpp.o
 .text.exit._GLOBAL__sub_D__Z22stm32_interrupt_enable7PinNameSt8functionIFvvEEm
                0x08005924       0x1c .pio/build/nucleo_f303re/SrcWrapper/src/stm32/interrupt.cpp.o
 .text.LL_GPIO_SetPinPull
                0x08005940       0x2a .pio/build/nucleo_f303re/SrcWrapper/src/stm32/pinmap.c.o
 .text.pin_in_pinmap
                0x0800596a       0x1e .pio/build/nucleo_f303re/SrcWrapper/src/stm32/pinmap.c.o
                0x0800596a                pin_in_pinmap
 .text.pin_function
                0x08005988      0x11c .pio/build/nucleo_f303re/SrcWrapper/src/stm32/pinmap.c.o
                0x08005988                pin_function
 .text.pinmap_pinout
                0x08005aa4       0x1a .pio/build/nucleo_f303re/SrcWrapper/src/stm32/pinmap.c.o
                0x08005aa4                pinmap_pinout
 .text.pinmap_find_peripheral
                0x08005abe       0x16 .pio/build/nucleo_f303re/SrcWrapper/src/stm32/pinmap.c.o
                0x08005abe                pinmap_find_peripheral
 .text.pinmap_peripheral
                0x08005ad4        0xc .pio/build/nucleo_f303re/SrcWrapper/src/stm32/pinmap.c.o
                0x08005ad4                pinmap_peripheral
 .text.pinmap_find_pin
                0x08005ae0       0x16 .pio/build/nucleo_f303re/SrcWrapper/src/stm32/pinmap.c.o
                0x08005ae0                pinmap_find_pin
 .text.pinmap_pin
                0x08005af6        0xc .pio/build/nucleo_f303re/SrcWrapper/src/stm32/pinmap.c.o
                0x08005af6                pinmap_pin
 .text.pinmap_find_function
                0x08005b02       0x16 .pio/build/nucleo_f303re/SrcWrapper/src/stm32/pinmap.c.o
                0x08005b02                pinmap_find_function
 .text.pinmap_function
                0x08005b18        0xa .pio/build/nucleo_f303re/SrcWrapper/src/stm32/pinmap.c.o
                0x08005b18                pinmap_function
 .text.pinmap_merge_peripheral
                0x08005b22       0x14 .pio/build/nucleo_f303re/SrcWrapper/src/stm32/pinmap.c.o
                0x08005b22                pinmap_merge_peripheral
 *fill*         0x08005b36        0x2 
 .text.SystemInit
                0x08005b38       0x6c .pio/build/nucleo_f303re/SrcWrapper/src/stm32/system_stm32yyxx.c.o
                0x08005b38                SystemInit
 .text.get_timer_obj
                0x08005ba4        0x4 .pio/build/nucleo_f303re/SrcWrapper/src/stm32/timer.c.o
                0x08005ba4                get_timer_obj
 .text.enableTimerClock
                0x08005ba8      0x168 .pio/build/nucleo_f303re/SrcWrapper/src/stm32/timer.c.o
                0x08005ba8                enableTimerClock
 .text.disableTimerClock
                0x08005d10       0xf8 .pio/build/nucleo_f303re/SrcWrapper/src/stm32/timer.c.o
                0x08005d10                disableTimerClock
 .text.getTimerUpIrq
                0x08005e08       0x9c .pio/build/nucleo_f303re/SrcWrapper/src/stm32/timer.c.o
                0x08005e08                getTimerUpIrq
 .text.getTimerCCIrq
                0x08005ea4       0xa0 .pio/build/nucleo_f303re/SrcWrapper/src/stm32/timer.c.o
                0x08005ea4                getTimerCCIrq
 .text.HAL_TIM_Base_MspInit
                0x08005f44       0x4e .pio/build/nucleo_f303re/SrcWrapper/src/stm32/timer.c.o
                0x08005f44                HAL_TIM_Base_MspInit
 *fill*         0x08005f92        0x2 
 .text.getTimerClkSrc
                0x08005f94       0x70 .pio/build/nucleo_f303re/SrcWrapper/src/stm32/timer.c.o
                0x08005f94                getTimerClkSrc
 .text.getTimerChannel
                0x08006004       0x20 .pio/build/nucleo_f303re/SrcWrapper/src/stm32/timer.c.o
                0x08006004                getTimerChannel
 .text.uart_init
                0x08006024      0x324 .pio/build/nucleo_f303re/SrcWrapper/src/stm32/uart.c.o
                0x08006024                uart_init
 .text.serial_rx_active
                0x08006348       0x24 .pio/build/nucleo_f303re/SrcWrapper/src/stm32/uart.c.o
                0x08006348                serial_rx_active
 .text.serial_tx_active
                0x0800636c       0x24 .pio/build/nucleo_f303re/SrcWrapper/src/stm32/uart.c.o
                0x0800636c                serial_tx_active
 .text.uart_getc
                0x08006390       0x38 .pio/build/nucleo_f303re/SrcWrapper/src/stm32/uart.c.o
                0x08006390                uart_getc
 .text.uart_attach_rx_callback
                0x080063c8       0x40 .pio/build/nucleo_f303re/SrcWrapper/src/stm32/uart.c.o
                0x080063c8                uart_attach_rx_callback
 .text.uart_attach_tx_callback
                0x08006408       0x44 .pio/build/nucleo_f303re/SrcWrapper/src/stm32/uart.c.o
                0x08006408                uart_attach_tx_callback
 .text.uart_enable_tx
                0x0800644c       0x20 .pio/build/nucleo_f303re/SrcWrapper/src/stm32/uart.c.o
                0x0800644c                uart_enable_tx
 .text.uart_enable_rx
                0x0800646c       0x20 .pio/build/nucleo_f303re/SrcWrapper/src/stm32/uart.c.o
                0x0800646c                uart_enable_rx
 .text.HAL_UART_RxCpltCallback
                0x0800648c        0x8 .pio/build/nucleo_f303re/SrcWrapper/src/stm32/uart.c.o
                0x0800648c                HAL_UART_RxCpltCallback
 .text.HAL_UART_TxCpltCallback
                0x08006494        0x8 .pio/build/nucleo_f303re/SrcWrapper/src/stm32/uart.c.o
                0x08006494                HAL_UART_TxCpltCallback
 .text.HAL_UART_ErrorCallback
                0x0800649c       0x48 .pio/build/nucleo_f303re/SrcWrapper/src/stm32/uart.c.o
                0x0800649c                HAL_UART_ErrorCallback
 .text.USART1_IRQHandler
                0x080064e4       0x18 .pio/build/nucleo_f303re/SrcWrapper/src/stm32/uart.c.o
                0x080064e4                USART1_IRQHandler
 .text.USART2_IRQHandler
                0x080064fc       0x1c .pio/build/nucleo_f303re/SrcWrapper/src/stm32/uart.c.o
                0x080064fc                USART2_IRQHandler
 .text.USART3_IRQHandler
                0x08006518       0x1c .pio/build/nucleo_f303re/SrcWrapper/src/stm32/uart.c.o
                0x08006518                USART3_IRQHandler
 .text.UART4_IRQHandler
                0x08006534       0x18 .pio/build/nucleo_f303re/SrcWrapper/src/stm32/uart.c.o
                0x08006534                UART4_IRQHandler
 .text.UART5_IRQHandler
                0x0800654c       0x18 .pio/build/nucleo_f303re/SrcWrapper/src/stm32/uart.c.o
                0x0800654c                UART5_IRQHandler
 .text.HAL_UARTEx_WakeupCallback
                0x08006564        0xa .pio/build/nucleo_f303re/SrcWrapper/src/stm32/uart.c.o
                0x08006564                HAL_UARTEx_WakeupCallback
 *fill*         0x0800656e        0x2 
 .text._sbrk    0x08006570       0x3c .pio/build/nucleo_f303re/SrcWrapper/src/syscalls.c.o
                0x08006570                _sbrk
 .text._exit    0x080065ac        0x2 .pio/build/nucleo_f303re/SrcWrapper/src/syscalls.c.o
                0x080065ac                _exit
 *fill*         0x080065ae        0x2 
 .text._kill    0x080065b0       0x10 .pio/build/nucleo_f303re/SrcWrapper/src/syscalls.c.o
                0x080065b0                _kill
 .text._getpid  0x080065c0        0x4 .pio/build/nucleo_f303re/SrcWrapper/src/syscalls.c.o
                0x080065c0                _getpid
 .text._Z10audio_initv
                0x080065c4      0x1a4 .pio/build/nucleo_f303re/src/audio.cpp.o
                0x080065c4                audio_init()
 .text._Z11knobChangesv
                0x08006768      0x154 .pio/build/nucleo_f303re/src/audio.cpp.o
                0x08006768                knobChanges()
 .text._Z8audioISRv
                0x080068bc      0x228 .pio/build/nucleo_f303re/src/audio.cpp.o
                0x080068bc                audioISR()
 .text._Z10encoderISRv
                0x08006ae4       0x5c .pio/build/nucleo_f303re/src/encoder.cpp.o
                0x08006ae4                encoderISR()
 .text._Z12encoder_initv
                0x08006b40       0x5c .pio/build/nucleo_f303re/src/encoder.cpp.o
                0x08006b40                encoder_init()
 .text._Z13keyboard_initv
                0x08006b9c       0x20 .pio/build/nucleo_f303re/src/keyboard.cpp.o
                0x08006b9c                keyboard_init()
 .text._Z17get_keyboard_datav
                0x08006bbc       0x50 .pio/build/nucleo_f303re/src/keyboard.cpp.o
                0x08006bbc                get_keyboard_data()
 .text._ZN14HardwareSerial5writeEi.isra.0
                0x08006c0c        0x8 .pio/build/nucleo_f303re/src/lcd.cpp.o
 .text._ZN5Print5writeEPKc.isra.0
                0x08006c14       0x20 .pio/build/nucleo_f303re/src/lcd.cpp.o
 .text._Z11coordsToPosii
                0x08006c34       0x28 .pio/build/nucleo_f303re/src/lcd.cpp.o
                0x08006c34                coordsToPos(int, int)
 .text._Z7goToPosii
                0x08006c5c       0x30 .pio/build/nucleo_f303re/src/lcd.cpp.o
                0x08006c5c                goToPos(int, int)
 .text._Z13writeStrAtPosii6String
                0x08006c8c       0x18 .pio/build/nucleo_f303re/src/lcd.cpp.o
                0x08006c8c                writeStrAtPos(int, int, String)
 .text._Z10writeAtPosiii
                0x08006ca4       0x18 .pio/build/nucleo_f303re/src/lcd.cpp.o
                0x08006ca4                writeAtPos(int, int, int)
 .text._Z11drawColLineii
                0x08006cbc       0x1a .pio/build/nucleo_f303re/src/lcd.cpp.o
                0x08006cbc                drawColLine(int, int)
 .text._Z11drawRowLineii
                0x08006cd6       0x1a .pio/build/nucleo_f303re/src/lcd.cpp.o
                0x08006cd6                drawRowLine(int, int)
 .text._Z9lcd_setupv
                0x08006cf0       0x9c .pio/build/nucleo_f303re/src/lcd.cpp.o
                0x08006cf0                lcd_setup()
 .text._Z10lcd_updatefff
                0x08006d8c       0xdc .pio/build/nucleo_f303re/src/lcd.cpp.o
                0x08006d8c                lcd_update(float, float, float)
 .text._Z8lpf_initv
                0x08006e68       0x28 .pio/build/nucleo_f303re/src/lpf.cpp.o
                0x08006e68                lpf_init()
 .text._Z10lpf_updatei
                0x08006e90       0x28 .pio/build/nucleo_f303re/src/lpf.cpp.o
                0x08006e90                lpf_update(int)
 .text.setup    0x08006eb8       0xa4 .pio/build/nucleo_f303re/src/main.cpp.o
                0x08006eb8                setup
 .text.loop     0x08006f5c       0x7c .pio/build/nucleo_f303re/src/main.cpp.o
                0x08006f5c                loop
 .text._ZN5Print17availableForWriteEv
                0x08006fd8        0x4 .pio/build/nucleo_f303re/libf70/libWire.a(Wire.cpp.o)
                0x08006fd8                Print::availableForWrite()
 .text._ZN7TwoWire9availableEv
                0x08006fdc        0x8 .pio/build/nucleo_f303re/libf70/libWire.a(Wire.cpp.o)
                0x08006fdc                TwoWire::available()
 .text._ZN7TwoWire4readEv
                0x08006fe4       0x1a .pio/build/nucleo_f303re/libf70/libWire.a(Wire.cpp.o)
                0x08006fe4                TwoWire::read()
 .text._ZN7TwoWire4peekEv
                0x08006ffe       0x12 .pio/build/nucleo_f303re/libf70/libWire.a(Wire.cpp.o)
                0x08006ffe                TwoWire::peek()
 .text._ZN7TwoWire16onRequestServiceEP5i2c_s
                0x08007010       0x16 .pio/build/nucleo_f303re/libf70/libWire.a(Wire.cpp.o)
                0x08007010                TwoWire::onRequestService(i2c_s*)
 *fill*         0x08007026        0x2 
 .text._ZN7TwoWireC2Emm
                0x08007028       0xcc .pio/build/nucleo_f303re/libf70/libWire.a(Wire.cpp.o)
                0x08007028                TwoWire::TwoWire(unsigned long, unsigned long)
                0x08007028                TwoWire::TwoWire(unsigned long, unsigned long)
 .text._ZN7TwoWire3endEv
                0x080070f4       0x28 .pio/build/nucleo_f303re/libf70/libWire.a(Wire.cpp.o)
                0x080070f4                TwoWire::end()
 .text._ZN7TwoWireD2Ev
                0x0800711c       0x28 .pio/build/nucleo_f303re/libf70/libWire.a(Wire.cpp.o)
                0x0800711c                TwoWire::~TwoWire()
                0x0800711c                TwoWire::~TwoWire()
 .text._ZN7TwoWire16allocateRxBufferEj
                0x08007144       0x24 .pio/build/nucleo_f303re/libf70/libWire.a(Wire.cpp.o)
                0x08007144                TwoWire::allocateRxBuffer(unsigned int)
 .text._ZN7TwoWire16onReceiveServiceEP5i2c_s
                0x08007168       0x4c .pio/build/nucleo_f303re/libf70/libWire.a(Wire.cpp.o)
                0x08007168                TwoWire::onReceiveService(i2c_s*)
 .text._ZN7TwoWire16allocateTxBufferEj
                0x080071b4       0x32 .pio/build/nucleo_f303re/libf70/libWire.a(Wire.cpp.o)
                0x080071b4                TwoWire::allocateTxBuffer(unsigned int)
 .text._ZN7TwoWire5writeEh
                0x080071e6       0x42 .pio/build/nucleo_f303re/libf70/libWire.a(Wire.cpp.o)
                0x080071e6                TwoWire::write(unsigned char)
 .text._ZN7TwoWire5writeEPKhj
                0x08007228       0x42 .pio/build/nucleo_f303re/libf70/libWire.a(Wire.cpp.o)
                0x08007228                TwoWire::write(unsigned char const*, unsigned int)
 .text._ZN7TwoWire13resetRxBufferEv
                0x0800726a       0x10 .pio/build/nucleo_f303re/libf70/libWire.a(Wire.cpp.o)
                0x0800726a                TwoWire::resetRxBuffer()
 .text._ZN7TwoWire13resetTxBufferEv
                0x0800727a       0x10 .pio/build/nucleo_f303re/libf70/libWire.a(Wire.cpp.o)
                0x0800727a                TwoWire::resetTxBuffer()
 .text._ZN7TwoWire15endTransmissionEh
                0x0800728a       0x44 .pio/build/nucleo_f303re/libf70/libWire.a(Wire.cpp.o)
                0x0800728a                TwoWire::endTransmission(unsigned char)
 .text._ZN7TwoWire11requestFromEhhmhh
                0x080072ce       0x92 .pio/build/nucleo_f303re/libf70/libWire.a(Wire.cpp.o)
                0x080072ce                TwoWire::requestFrom(unsigned char, unsigned char, unsigned long, unsigned char, unsigned char)
 .text._ZN7TwoWire11requestFromEhhh
                0x08007360       0x12 .pio/build/nucleo_f303re/libf70/libWire.a(Wire.cpp.o)
                0x08007360                TwoWire::requestFrom(unsigned char, unsigned char, unsigned char)
 .text._ZN7TwoWire11requestFromEii
                0x08007372        0xa .pio/build/nucleo_f303re/libf70/libWire.a(Wire.cpp.o)
                0x08007372                TwoWire::requestFrom(int, int)
 .text._ZN7TwoWire5flushEv
                0x0800737c       0x18 .pio/build/nucleo_f303re/libf70/libWire.a(Wire.cpp.o)
                0x0800737c                TwoWire::flush()
 .text._ZN7TwoWire10recoverBusEv
                0x08007394       0xbc .pio/build/nucleo_f303re/libf70/libWire.a(Wire.cpp.o)
                0x08007394                TwoWire::recoverBus()
 .text._ZN7TwoWire5beginEhbb
                0x08007450       0x9c .pio/build/nucleo_f303re/libf70/libWire.a(Wire.cpp.o)
                0x08007450                TwoWire::begin(unsigned char, bool, bool)
 .text._ZN7TwoWire5beginEb
                0x080074ec        0xa .pio/build/nucleo_f303re/libf70/libWire.a(Wire.cpp.o)
                0x080074ec                TwoWire::begin(bool)
 *fill*         0x080074f6        0x2 
 .text.startup._GLOBAL__sub_I__ZN7TwoWireC2Emm
                0x080074f8       0x10 .pio/build/nucleo_f303re/libf70/libWire.a(Wire.cpp.o)
 .text.exit._GLOBAL__sub_D__ZN7TwoWireC2Emm
                0x08007508        0xc .pio/build/nucleo_f303re/libf70/libWire.a(Wire.cpp.o)
 .text.i2c_getClkFreq
                0x08007514       0x74 .pio/build/nucleo_f303re/libf70/libWire.a(twi.c.o)
 .text.i2c_computeTiming
                0x08007588      0x23c .pio/build/nucleo_f303re/libf70/libWire.a(twi.c.o)
 .text.i2c_getTiming
                0x080077c4       0x48 .pio/build/nucleo_f303re/libf70/libWire.a(twi.c.o)
 .text.i2c_init
                0x0800780c      0x190 .pio/build/nucleo_f303re/libf70/libWire.a(twi.c.o)
                0x0800780c                i2c_init
 .text.i2c_deinit
                0x0800799c       0xa0 .pio/build/nucleo_f303re/libf70/libWire.a(twi.c.o)
                0x0800799c                i2c_deinit
 .text.i2c_slave_write_IT
                0x08007a3c       0x34 .pio/build/nucleo_f303re/libf70/libWire.a(twi.c.o)
                0x08007a3c                i2c_slave_write_IT
 .text.i2c_master_read
                0x08007a70       0x8e .pio/build/nucleo_f303re/libf70/libWire.a(twi.c.o)
                0x08007a70                i2c_master_read
 .text.i2c_IsDeviceReady
                0x08007afe       0x40 .pio/build/nucleo_f303re/libf70/libWire.a(twi.c.o)
                0x08007afe                i2c_IsDeviceReady
 .text.i2c_master_write
                0x08007b3e       0xa2 .pio/build/nucleo_f303re/libf70/libWire.a(twi.c.o)
                0x08007b3e                i2c_master_write
 .text.i2c_attachSlaveRxEvent
                0x08007be0        0xe .pio/build/nucleo_f303re/libf70/libWire.a(twi.c.o)
                0x08007be0                i2c_attachSlaveRxEvent
 .text.i2c_attachSlaveTxEvent
                0x08007bee        0xe .pio/build/nucleo_f303re/libf70/libWire.a(twi.c.o)
                0x08007bee                i2c_attachSlaveTxEvent
 .text.HAL_I2C_AddrCallback
                0x08007bfc       0x70 .pio/build/nucleo_f303re/libf70/libWire.a(twi.c.o)
                0x08007bfc                HAL_I2C_AddrCallback
 .text.HAL_I2C_ListenCpltCallback
                0x08007c6c       0x2a .pio/build/nucleo_f303re/libf70/libWire.a(twi.c.o)
                0x08007c6c                HAL_I2C_ListenCpltCallback
 .text.HAL_I2C_SlaveRxCpltCallback
                0x08007c96       0x26 .pio/build/nucleo_f303re/libf70/libWire.a(twi.c.o)
                0x08007c96                HAL_I2C_SlaveRxCpltCallback
 .text.HAL_I2C_SlaveTxCpltCallback
                0x08007cbc        0x8 .pio/build/nucleo_f303re/libf70/libWire.a(twi.c.o)
                0x08007cbc                HAL_I2C_SlaveTxCpltCallback
 .text.HAL_I2C_ErrorCallback
                0x08007cc4        0xc .pio/build/nucleo_f303re/libf70/libWire.a(twi.c.o)
                0x08007cc4                HAL_I2C_ErrorCallback
 .text.I2C1_EV_IRQHandler
                0x08007cd0        0xc .pio/build/nucleo_f303re/libf70/libWire.a(twi.c.o)
                0x08007cd0                I2C1_EV_IRQHandler
 .text.I2C1_ER_IRQHandler
                0x08007cdc        0xc .pio/build/nucleo_f303re/libf70/libWire.a(twi.c.o)
                0x08007cdc                I2C1_ER_IRQHandler
 .text.I2C2_EV_IRQHandler
                0x08007ce8        0xc .pio/build/nucleo_f303re/libf70/libWire.a(twi.c.o)
                0x08007ce8                I2C2_EV_IRQHandler
 .text.I2C2_ER_IRQHandler
                0x08007cf4        0xc .pio/build/nucleo_f303re/libf70/libWire.a(twi.c.o)
                0x08007cf4                I2C2_ER_IRQHandler
 .text.I2C3_EV_IRQHandler
                0x08007d00        0xc .pio/build/nucleo_f303re/libf70/libWire.a(twi.c.o)
                0x08007d00                I2C3_EV_IRQHandler
 .text.I2C3_ER_IRQHandler
                0x08007d0c        0xc .pio/build/nucleo_f303re/libf70/libWire.a(twi.c.o)
                0x08007d0c                I2C3_ER_IRQHandler
 .text._ZN14HardwareSerial9availableEv
                0x08007d18       0x10 .pio/build/nucleo_f303re/libFrameworkArduino.a(HardwareSerial.cpp.o)
                0x08007d18                HardwareSerial::available()
 .text._ZN14HardwareSerial4peekEv
                0x08007d28       0x1a .pio/build/nucleo_f303re/libFrameworkArduino.a(HardwareSerial.cpp.o)
                0x08007d28                HardwareSerial::peek()
 .text._ZN14HardwareSerial17availableForWriteEv
                0x08007d42       0x1c .pio/build/nucleo_f303re/libFrameworkArduino.a(HardwareSerial.cpp.o)
                0x08007d42                HardwareSerial::availableForWrite()
 .text._ZN14HardwareSerial5writeEh
                0x08007d5e       0x18 .pio/build/nucleo_f303re/libFrameworkArduino.a(HardwareSerial.cpp.o)
                0x08007d5e                HardwareSerial::write(unsigned char)
 .text._ZN14HardwareSerial16_rx_complete_irqEP8serial_s
                0x08007d76       0x38 .pio/build/nucleo_f303re/libFrameworkArduino.a(HardwareSerial.cpp.o)
                0x08007d76                HardwareSerial::_rx_complete_irq(serial_s*)
 *fill*         0x08007dae        0x2 
 .text._ZN14HardwareSerial16_tx_complete_irqEP8serial_s
                0x08007db0       0x64 .pio/build/nucleo_f303re/libFrameworkArduino.a(HardwareSerial.cpp.o)
                0x08007db0                HardwareSerial::_tx_complete_irq(serial_s*)
 .text._ZN14HardwareSerial5writeEPKhj
                0x08007e14       0xe4 .pio/build/nucleo_f303re/libFrameworkArduino.a(HardwareSerial.cpp.o)
                0x08007e14                HardwareSerial::write(unsigned char const*, unsigned int)
 .text._ZN14HardwareSerial4initE7PinNameS0_S0_S0_
                0x08007ef8       0x32 .pio/build/nucleo_f303re/libFrameworkArduino.a(HardwareSerial.cpp.o)
                0x08007ef8                HardwareSerial::init(PinName, PinName, PinName, PinName)
 .text._ZN14HardwareSerial5flushEm
                0x08007f2a       0x36 .pio/build/nucleo_f303re/libFrameworkArduino.a(HardwareSerial.cpp.o)
                0x08007f2a                HardwareSerial::flush(unsigned long)
 .text._ZN14HardwareSerial5flushEv
                0x08007f60        0x6 .pio/build/nucleo_f303re/libFrameworkArduino.a(HardwareSerial.cpp.o)
                0x08007f60                HardwareSerial::flush()
 *fill*         0x08007f66        0x2 
 .text._ZN14HardwareSerial5setRxEm
                0x08007f68       0x48 .pio/build/nucleo_f303re/libFrameworkArduino.a(HardwareSerial.cpp.o)
                0x08007f68                HardwareSerial::setRx(unsigned long)
 .text._ZN14HardwareSerial5setTxEm
                0x08007fb0       0x48 .pio/build/nucleo_f303re/libFrameworkArduino.a(HardwareSerial.cpp.o)
                0x08007fb0                HardwareSerial::setTx(unsigned long)
 .text._ZN14HardwareSerialC2EPv16HalfDuplexMode_t
                0x08007ff8       0x9c .pio/build/nucleo_f303re/libFrameworkArduino.a(HardwareSerial.cpp.o)
                0x08007ff8                HardwareSerial::HardwareSerial(void*, HalfDuplexMode_t)
                0x08007ff8                HardwareSerial::HardwareSerial(void*, HalfDuplexMode_t)
 .text._ZN14HardwareSerial18enableHalfDuplexRxEv
                0x08008094       0x2c .pio/build/nucleo_f303re/libFrameworkArduino.a(HardwareSerial.cpp.o)
                0x08008094                HardwareSerial::enableHalfDuplexRx()
 .text._ZN14HardwareSerial5beginEmh
                0x080080c0       0x94 .pio/build/nucleo_f303re/libFrameworkArduino.a(HardwareSerial.cpp.o)
                0x080080c0                HardwareSerial::begin(unsigned long, unsigned char)
 .text._ZN14HardwareSerial4readEv
                0x08008154       0x2e .pio/build/nucleo_f303re/libFrameworkArduino.a(HardwareSerial.cpp.o)
                0x08008154                HardwareSerial::read()
 *fill*         0x08008182        0x2 
 .text.startup._GLOBAL__sub_I_Serial1
                0x08008184       0x2c .pio/build/nucleo_f303re/libFrameworkArduino.a(HardwareSerial.cpp.o)
 .text._ZN5Print5writeEPKc
                0x080081b0       0x20 .pio/build/nucleo_f303re/libFrameworkArduino.a(Print.cpp.o)
                0x080081b0                Print::write(char const*)
 .text._ZN5Print5printERK6String
                0x080081d0        0xa .pio/build/nucleo_f303re/libFrameworkArduino.a(Print.cpp.o)
                0x080081d0                Print::print(String const&)
 .text._ZN5Print5printEPKc
                0x080081da        0x8 .pio/build/nucleo_f303re/libFrameworkArduino.a(Print.cpp.o)
                0x080081da                Print::print(char const*)
 .text._ZN5Print5printEc
                0x080081e2        0x6 .pio/build/nucleo_f303re/libFrameworkArduino.a(Print.cpp.o)
                0x080081e2                Print::print(char)
 .text._ZN5Print7printlnEv
                0x080081e8       0x10 .pio/build/nucleo_f303re/libFrameworkArduino.a(Print.cpp.o)
                0x080081e8                Print::println()
 .text._ZN5Print7printlnEPK19__FlashStringHelper
                0x080081f8       0x14 .pio/build/nucleo_f303re/libFrameworkArduino.a(Print.cpp.o)
                0x080081f8                Print::println(__FlashStringHelper const*)
 .text._ZN5Print7printlnEPKc
                0x0800820c        0x4 .pio/build/nucleo_f303re/libFrameworkArduino.a(Print.cpp.o)
                0x0800820c                Print::println(char const*)
 .text._ZN5Print11printNumberEmh
                0x08008210       0x3c .pio/build/nucleo_f303re/libFrameworkArduino.a(Print.cpp.o)
                0x08008210                Print::printNumber(unsigned long, unsigned char)
 .text._ZN5Print5printEli
                0x0800824c       0x44 .pio/build/nucleo_f303re/libFrameworkArduino.a(Print.cpp.o)
                0x0800824c                Print::print(long, int)
 .text._ZN5Print7printlnEii
                0x08008290       0x14 .pio/build/nucleo_f303re/libFrameworkArduino.a(Print.cpp.o)
                0x08008290                Print::println(int, int)
 .text._ZN6Stream9timedReadEv
                0x080082a4       0x2a .pio/build/nucleo_f303re/libFrameworkArduino.a(Stream.cpp.o)
                0x080082a4                Stream::timedRead()
 .text._ZN6Stream9readBytesEPcj
                0x080082ce       0x22 .pio/build/nucleo_f303re/libFrameworkArduino.a(Stream.cpp.o)
                0x080082ce                Stream::readBytes(char*, unsigned int)
 .text._ZN6Stream14readBytesUntilEcPcj
                0x080082f0       0x30 .pio/build/nucleo_f303re/libFrameworkArduino.a(Stream.cpp.o)
                0x080082f0                Stream::readBytesUntil(char, char*, unsigned int)
 .text._Z15attachInterruptmSt8functionIFvvEEm
                0x08008320       0x80 .pio/build/nucleo_f303re/libFrameworkArduino.a(WInterrupts.cpp.o)
                0x08008320                attachInterrupt(unsigned long, std::function<void ()>, unsigned long)
 .text._ZN6StringD2Ev
                0x080083a0        0xe .pio/build/nucleo_f303re/libFrameworkArduino.a(WString.cpp.o)
                0x080083a0                String::~String()
                0x080083a0                String::~String()
 .text._ZN6String10invalidateEv
                0x080083ae       0x16 .pio/build/nucleo_f303re/libFrameworkArduino.a(WString.cpp.o)
                0x080083ae                String::invalidate()
 .text._ZN6String12changeBufferEj
                0x080083c4       0x18 .pio/build/nucleo_f303re/libFrameworkArduino.a(WString.cpp.o)
                0x080083c4                String::changeBuffer(unsigned int)
 .text._ZN6String7reserveEj
                0x080083dc       0x22 .pio/build/nucleo_f303re/libFrameworkArduino.a(WString.cpp.o)
                0x080083dc                String::reserve(unsigned int)
 .text._ZN6String4copyEPKcj
                0x080083fe       0x26 .pio/build/nucleo_f303re/libFrameworkArduino.a(WString.cpp.o)
                0x080083fe                String::copy(char const*, unsigned int)
 .text._ZN6StringC2EPKc
                0x08008424       0x24 .pio/build/nucleo_f303re/libFrameworkArduino.a(WString.cpp.o)
                0x08008424                String::String(char const*)
                0x08008424                String::String(char const*)
 .text._ZN6StringaSERKS_
                0x08008448       0x1e .pio/build/nucleo_f303re/libFrameworkArduino.a(WString.cpp.o)
                0x08008448                String::operator=(String const&)
 .text._ZN6StringC2ERKS_
                0x08008466       0x14 .pio/build/nucleo_f303re/libFrameworkArduino.a(WString.cpp.o)
                0x08008466                String::String(String const&)
                0x08008466                String::String(String const&)
 .text._ZN6StringaSEPKc
                0x0800847a       0x22 .pio/build/nucleo_f303re/libFrameworkArduino.a(WString.cpp.o)
                0x0800847a                String::operator=(char const*)
 .text._ZN6StringC2Efh
                0x0800849c       0x38 .pio/build/nucleo_f303re/libFrameworkArduino.a(WString.cpp.o)
                0x0800849c                String::String(float, unsigned char)
                0x0800849c                String::String(float, unsigned char)
 .text._ZNK6String9substringEjj
                0x080084d4       0x50 .pio/build/nucleo_f303re/libFrameworkArduino.a(WString.cpp.o)
                0x080084d4                String::substring(unsigned int, unsigned int) const
 .text.dtostrf  0x08008524      0x164 .pio/build/nucleo_f303re/libFrameworkArduino.a(dtostrf.c.o)
                0x08008524                dtostrf
 .text.startup._Z7premainv
                0x08008688       0x10 .pio/build/nucleo_f303re/libFrameworkArduino.a(main.cpp.o)
                0x08008688                premain()
 .text.startup.main
                0x08008698       0x14 .pio/build/nucleo_f303re/libFrameworkArduino.a(main.cpp.o)
                0x08008698                main
 .text.pinNametoDigitalPin
                0x080086ac       0x30 .pio/build/nucleo_f303re/libFrameworkArduino.a(pins_arduino.c.o)
                0x080086ac                pinNametoDigitalPin
 .text.Reset_Handler
                0x080086dc       0x50 .pio/build/nucleo_f303re/libFrameworkArduino.a(startup_stm32yyxx.S.o)
                0x080086dc                Reset_Handler
 .text.Default_Handler
                0x0800872c        0x2 .pio/build/nucleo_f303re/libFrameworkArduino.a(startup_stm32yyxx.S.o)
                0x0800872c                RTC_Alarm_IRQHandler
                0x0800872c                TIM8_TRG_COM_IRQHandler
                0x0800872c                DebugMon_Handler
                0x0800872c                SPI4_IRQHandler
                0x0800872c                TIM1_CC_IRQHandler
                0x0800872c                HardFault_Handler
                0x0800872c                USB_HP_IRQHandler
                0x0800872c                PVD_IRQHandler
                0x0800872c                TAMP_STAMP_IRQHandler
                0x0800872c                PendSV_Handler
                0x0800872c                NMI_Handler
                0x0800872c                USB_HP_CAN_TX_IRQHandler
                0x0800872c                FPU_IRQHandler
                0x0800872c                UsageFault_Handler
                0x0800872c                ADC1_2_IRQHandler
                0x0800872c                SPI1_IRQHandler
                0x0800872c                CAN_SCE_IRQHandler
                0x0800872c                DMA2_Channel2_IRQHandler
                0x0800872c                DMA1_Channel4_IRQHandler
                0x0800872c                TIM20_TRG_COM_IRQHandler
                0x0800872c                DMA1_Channel7_IRQHandler
                0x0800872c                ADC3_IRQHandler
                0x0800872c                CAN_RX1_IRQHandler
                0x0800872c                DMA2_Channel1_IRQHandler
                0x0800872c                DMA1_Channel6_IRQHandler
                0x0800872c                DMA2_Channel4_IRQHandler
                0x0800872c                RCC_IRQHandler
                0x0800872c                DMA1_Channel1_IRQHandler
                0x0800872c                Default_Handler
                0x0800872c                USBWakeUp_RMP_IRQHandler
                0x0800872c                RTC_WKUP_IRQHandler
                0x0800872c                SPI2_IRQHandler
                0x0800872c                USB_LP_CAN_RX0_IRQHandler
                0x0800872c                MemManage_Handler
                0x0800872c                SVC_Handler
                0x0800872c                DMA2_Channel5_IRQHandler
                0x0800872c                DMA1_Channel5_IRQHandler
                0x0800872c                USB_LP_IRQHandler
                0x0800872c                DMA1_Channel3_IRQHandler
                0x0800872c                ADC4_IRQHandler
                0x0800872c                WWDG_IRQHandler
                0x0800872c                COMP7_IRQHandler
                0x0800872c                COMP1_2_3_IRQHandler
                0x0800872c                COMP4_5_6_IRQHandler
                0x0800872c                TIM20_BRK_IRQHandler
                0x0800872c                DMA1_Channel2_IRQHandler
                0x0800872c                TIM8_BRK_IRQHandler
                0x0800872c                FLASH_IRQHandler
                0x0800872c                BusFault_Handler
                0x0800872c                SPI3_IRQHandler
                0x0800872c                FMC_IRQHandler
                0x0800872c                USBWakeUp_IRQHandler
                0x0800872c                DMA2_Channel3_IRQHandler
                0x0800872c                EXTI2_TSC_IRQHandler
 .text.mapResolution
                0x0800872e       0x26 .pio/build/nucleo_f303re/libFrameworkArduino.a(wiring_analog.c.o)
 .text.analogWriteResolution
                0x08008754       0x20 .pio/build/nucleo_f303re/libFrameworkArduino.a(wiring_analog.c.o)
                0x08008754                analogWriteResolution
 .text.analogWriteFrequency
                0x08008774        0xc .pio/build/nucleo_f303re/libFrameworkArduino.a(wiring_analog.c.o)
                0x08008774                analogWriteFrequency
 .text.analogWrite
                0x08008780      0x124 .pio/build/nucleo_f303re/libFrameworkArduino.a(wiring_analog.c.o)
                0x08008780                analogWrite
 .text.pinMode  0x080088a4       0xd4 .pio/build/nucleo_f303re/libFrameworkArduino.a(wiring_digital.c.o)
                0x080088a4                pinMode
 .text.digitalWrite
                0x08008978       0x70 .pio/build/nucleo_f303re/libFrameworkArduino.a(wiring_digital.c.o)
                0x08008978                digitalWrite
 .text.digitalRead
                0x080089e8       0x78 .pio/build/nucleo_f303re/libFrameworkArduino.a(wiring_digital.c.o)
                0x080089e8                digitalRead
 .text.millis   0x08008a60        0x4 .pio/build/nucleo_f303re/libFrameworkArduino.a(wiring_time.c.o)
                0x08008a60                millis
 .text.delay    0x08008a64       0x1c .pio/build/nucleo_f303re/libFrameworkArduino.a(wiring_time.c.o)
                0x08008a64                delay
 .text._Z14serialEventRunv
                0x08008a80       0x34 .pio/build/nucleo_f303re/libFrameworkArduino.a(WSerial.cpp.o)
                0x08008a80                serialEventRun()
 .text.init     0x08008ab4        0x4 .pio/build/nucleo_f303re/libFrameworkArduino.a(board.c.o)
                0x08008ab4                init
 .text.__empty  0x08008ab8        0x2 .pio/build/nucleo_f303re/libFrameworkArduino.a(hooks.c.o)
                0x08008ab8                yield
 .text.unlikely._ZSt25__throw_bad_function_callv
                0x08008aba        0x6 /home/imadk/.platformio/packages/toolchain-gccarmnoneeabi/bin/../lib/gcc/arm-none-eabi/12.3.1/../../../../arm-none-eabi/lib/thumb/v7e-m+fp/hard/libstdc++_nano.a(functional.o)
                0x08008aba                std::__throw_bad_function_call()
 .text.sinf     0x08008ac0       0x74 /home/imadk/.platformio/packages/toolchain-gccarmnoneeabi/bin/../lib/gcc/arm-none-eabi/12.3.1/../../../../arm-none-eabi/lib/thumb/v7e-m+fp/hard/libm.a(libm_a-sf_sin.o)
                0x08008ac0                sinf
 .text.__kernel_cosf
                0x08008b34      0x104 /home/imadk/.platformio/packages/toolchain-gccarmnoneeabi/bin/../lib/gcc/arm-none-eabi/12.3.1/../../../../arm-none-eabi/lib/thumb/v7e-m+fp/hard/libm.a(libm_a-kf_cos.o)
                0x08008b34                __kernel_cosf
 .text.__kernel_sinf
                0x08008c38       0x90 /home/imadk/.platformio/packages/toolchain-gccarmnoneeabi/bin/../lib/gcc/arm-none-eabi/12.3.1/../../../../arm-none-eabi/lib/thumb/v7e-m+fp/hard/libm.a(libm_a-kf_sin.o)
                0x08008c38                __kernel_sinf
 .text.__ieee754_rem_pio2f
                0x08008cc8      0x260 /home/imadk/.platformio/packages/toolchain-gccarmnoneeabi/bin/../lib/gcc/arm-none-eabi/12.3.1/../../../../arm-none-eabi/lib/thumb/v7e-m+fp/hard/libm.a(libm_a-ef_rem_pio2.o)
                0x08008cc8                __ieee754_rem_pio2f
 .text.fabsf    0x08008f28       0x10 /home/imadk/.platformio/packages/toolchain-gccarmnoneeabi/bin/../lib/gcc/arm-none-eabi/12.3.1/../../../../arm-none-eabi/lib/thumb/v7e-m+fp/hard/libm.a(libm_a-sf_fabs.o)
                0x08008f28                fabsf
 .text.__kernel_rem_pio2f
                0x08008f38      0x66c /home/imadk/.platformio/packages/toolchain-gccarmnoneeabi/bin/../lib/gcc/arm-none-eabi/12.3.1/../../../../arm-none-eabi/lib/thumb/v7e-m+fp/hard/libm.a(libm_a-kf_rem_pio2.o)
                0x08008f38                __kernel_rem_pio2f
 .text.scalbnf  0x080095a4       0xe4 /home/imadk/.platformio/packages/toolchain-gccarmnoneeabi/bin/../lib/gcc/arm-none-eabi/12.3.1/../../../../arm-none-eabi/lib/thumb/v7e-m+fp/hard/libm.a(libm_a-sf_scalbn.o)
                0x080095a4                scalbnf
 .text.floorf   0x08009688       0x94 /home/imadk/.platformio/packages/toolchain-gccarmnoneeabi/bin/../lib/gcc/arm-none-eabi/12.3.1/../../../../arm-none-eabi/lib/thumb/v7e-m+fp/hard/libm.a(libm_a-sf_floor.o)
                0x08009688                floorf
 .text.abort    0x0800971c        0xe /home/imadk/.platformio/packages/toolchain-gccarmnoneeabi/bin/../lib/gcc/arm-none-eabi/12.3.1/../../../../arm-none-eabi/lib/thumb/v7e-m+fp/hard/libc_nano.a(libc_a-abort.o)
                0x0800971c                abort
 *fill*         0x0800972a        0x2 
 .text.malloc   0x0800972c       0x10 /home/imadk/.platformio/packages/toolchain-gccarmnoneeabi/bin/../lib/gcc/arm-none-eabi/12.3.1/../../../../arm-none-eabi/lib/thumb/v7e-m+fp/hard/libc_nano.a(libc_a-malloc.o)
                0x0800972c                malloc
 .text.free     0x0800973c       0x10 /home/imadk/.platformio/packages/toolchain-gccarmnoneeabi/bin/../lib/gcc/arm-none-eabi/12.3.1/../../../../arm-none-eabi/lib/thumb/v7e-m+fp/hard/libc_nano.a(libc_a-malloc.o)
                0x0800973c                free
 .text.sbrk_aligned
                0x0800974c       0x44 /home/imadk/.platformio/packages/toolchain-gccarmnoneeabi/bin/../lib/gcc/arm-none-eabi/12.3.1/../../../../arm-none-eabi/lib/thumb/v7e-m+fp/hard/libc_nano.a(libc_a-mallocr.o)
 .text._malloc_r
                0x08009790      0x100 /home/imadk/.platformio/packages/toolchain-gccarmnoneeabi/bin/../lib/gcc/arm-none-eabi/12.3.1/../../../../arm-none-eabi/lib/thumb/v7e-m+fp/hard/libc_nano.a(libc_a-mallocr.o)
                0x08009790                _malloc_r
 .text.__malloc_lock
                0x08009890        0xc /home/imadk/.platformio/packages/toolchain-gccarmnoneeabi/bin/../lib/gcc/arm-none-eabi/12.3.1/../../../../arm-none-eabi/lib/thumb/v7e-m+fp/hard/libc_nano.a(libc_a-mlock.o)
                0x08009890                __malloc_lock
 .text.__malloc_unlock
                0x0800989c        0xc /home/imadk/.platformio/packages/toolchain-gccarmnoneeabi/bin/../lib/gcc/arm-none-eabi/12.3.1/../../../../arm-none-eabi/lib/thumb/v7e-m+fp/hard/libc_nano.a(libc_a-mlock.o)
                0x0800989c                __malloc_unlock
 .text.realloc  0x080098a8       0x10 /home/imadk/.platformio/packages/toolchain-gccarmnoneeabi/bin/../lib/gcc/arm-none-eabi/12.3.1/../../../../arm-none-eabi/lib/thumb/v7e-m+fp/hard/libc_nano.a(libc_a-realloc.o)
                0x080098a8                realloc
 .text._realloc_r
                0x080098b8       0x5c /home/imadk/.platformio/packages/toolchain-gccarmnoneeabi/bin/../lib/gcc/arm-none-eabi/12.3.1/../../../../arm-none-eabi/lib/thumb/v7e-m+fp/hard/libc_nano.a(libc_a-reallocr.o)
                0x080098b8                _realloc_r
 .text.sprintf  0x08009914       0x40 /home/imadk/.platformio/packages/toolchain-gccarmnoneeabi/bin/../lib/gcc/arm-none-eabi/12.3.1/../../../../arm-none-eabi/lib/thumb/v7e-m+fp/hard/libc_nano.a(libc_a-sprintf.o)
                0x08009914                sprintf
                0x08009914                siprintf
 .text.memmove  0x08009954       0x34 /home/imadk/.platformio/packages/toolchain-gccarmnoneeabi/bin/../lib/gcc/arm-none-eabi/12.3.1/../../../../arm-none-eabi/lib/thumb/v7e-m+fp/hard/libc_nano.a(libc_a-memmove.o)
                0x08009954                memmove
 .text.memset   0x08009988       0x10 /home/imadk/.platformio/packages/toolchain-gccarmnoneeabi/bin/../lib/gcc/arm-none-eabi/12.3.1/../../../../arm-none-eabi/lib/thumb/v7e-m+fp/hard/libc_nano.a(libc_a-memset.o)
                0x08009988                memset
 .text.strcat   0x08009998       0x1e /home/imadk/.platformio/packages/toolchain-gccarmnoneeabi/bin/../lib/gcc/arm-none-eabi/12.3.1/../../../../arm-none-eabi/lib/thumb/v7e-m+fp/hard/libc_nano.a(libc_a-strcat.o)
                0x08009998                strcat
 .text._raise_r
                0x080099b6       0x50 /home/imadk/.platformio/packages/toolchain-gccarmnoneeabi/bin/../lib/gcc/arm-none-eabi/12.3.1/../../../../arm-none-eabi/lib/thumb/v7e-m+fp/hard/libc_nano.a(libc_a-signal.o)
                0x080099b6                _raise_r
 *fill*         0x08009a06        0x2 
 .text.raise    0x08009a08       0x10 /home/imadk/.platformio/packages/toolchain-gccarmnoneeabi/bin/../lib/gcc/arm-none-eabi/12.3.1/../../../../arm-none-eabi/lib/thumb/v7e-m+fp/hard/libc_nano.a(libc_a-signal.o)
                0x08009a08                raise
 .text._kill_r  0x08009a18       0x24 /home/imadk/.platformio/packages/toolchain-gccarmnoneeabi/bin/../lib/gcc/arm-none-eabi/12.3.1/../../../../arm-none-eabi/lib/thumb/v7e-m+fp/hard/libc_nano.a(libc_a-signalr.o)
                0x08009a18                _kill_r
 .text._getpid_r
                0x08009a3c        0x4 /home/imadk/.platformio/packages/toolchain-gccarmnoneeabi/bin/../lib/gcc/arm-none-eabi/12.3.1/../../../../arm-none-eabi/lib/thumb/v7e-m+fp/hard/libc_nano.a(libc_a-signalr.o)
                0x08009a3c                _getpid_r
 .text._sbrk_r  0x08009a40       0x20 /home/imadk/.platformio/packages/toolchain-gccarmnoneeabi/bin/../lib/gcc/arm-none-eabi/12.3.1/../../../../arm-none-eabi/lib/thumb/v7e-m+fp/hard/libc_nano.a(libc_a-sbrkr.o)
                0x08009a40                _sbrk_r
 .text.__libc_init_array
                0x08009a60       0x48 /home/imadk/.platformio/packages/toolchain-gccarmnoneeabi/bin/../lib/gcc/arm-none-eabi/12.3.1/../../../../arm-none-eabi/lib/thumb/v7e-m+fp/hard/libc_nano.a(libc_a-init.o)
                0x08009a60                __libc_init_array
 .text.__retarget_lock_acquire_recursive
                0x08009aa8        0x2 /home/imadk/.platformio/packages/toolchain-gccarmnoneeabi/bin/../lib/gcc/arm-none-eabi/12.3.1/../../../../arm-none-eabi/lib/thumb/v7e-m+fp/hard/libc_nano.a(libc_a-lock.o)
                0x08009aa8                __retarget_lock_acquire_recursive
 .text.__retarget_lock_release_recursive
                0x08009aaa        0x2 /home/imadk/.platformio/packages/toolchain-gccarmnoneeabi/bin/../lib/gcc/arm-none-eabi/12.3.1/../../../../arm-none-eabi/lib/thumb/v7e-m+fp/hard/libc_nano.a(libc_a-lock.o)
                0x08009aaa                __retarget_lock_release_recursive
 .text.strcpy   0x08009aac       0x10 /home/imadk/.platformio/packages/toolchain-gccarmnoneeabi/bin/../lib/gcc/arm-none-eabi/12.3.1/../../../../arm-none-eabi/lib/thumb/v7e-m+fp/hard/libc_nano.a(libc_a-strcpy.o)
                0x08009aac                strcpy
 .text.memcpy   0x08009abc       0x1c /home/imadk/.platformio/packages/toolchain-gccarmnoneeabi/bin/../lib/gcc/arm-none-eabi/12.3.1/../../../../arm-none-eabi/lib/thumb/v7e-m+fp/hard/libc_nano.a(libc_a-memcpy-stub.o)
                0x08009abc                memcpy
 .text._free_r  0x08009ad8       0x94 /home/imadk/.platformio/packages/toolchain-gccarmnoneeabi/bin/../lib/gcc/arm-none-eabi/12.3.1/../../../../arm-none-eabi/lib/thumb/v7e-m+fp/hard/libc_nano.a(libc_a-freer.o)
                0x08009ad8                _free_r
 .text._malloc_usable_size_r
                0x08009b6c       0x10 /home/imadk/.platformio/packages/toolchain-gccarmnoneeabi/bin/../lib/gcc/arm-none-eabi/12.3.1/../../../../arm-none-eabi/lib/thumb/v7e-m+fp/hard/libc_nano.a(libc_a-msizer.o)
                0x08009b6c                _malloc_usable_size_r
 .text.__ssputs_r
                0x08009b7c       0xb6 /home/imadk/.platformio/packages/toolchain-gccarmnoneeabi/bin/../lib/gcc/arm-none-eabi/12.3.1/../../../../arm-none-eabi/lib/thumb/v7e-m+fp/hard/libc_nano.a(libc_a-nano-svfprintf.o)
                0x08009b7c                __ssputs_r
 *fill*         0x08009c32        0x2 
 .text._svfprintf_r
                0x08009c34      0x1f8 /home/imadk/.platformio/packages/toolchain-gccarmnoneeabi/bin/../lib/gcc/arm-none-eabi/12.3.1/../../../../arm-none-eabi/lib/thumb/v7e-m+fp/hard/libc_nano.a(libc_a-nano-svfprintf.o)
                0x08009c34                _svfprintf_r
                0x08009c34                _svfiprintf_r
 .text._printf_common
                0x08009e2c       0xda /home/imadk/.platformio/packages/toolchain-gccarmnoneeabi/bin/../lib/gcc/arm-none-eabi/12.3.1/../../../../arm-none-eabi/lib/thumb/v7e-m+fp/hard/libc_nano.a(libc_a-nano-vfprintf_i.o)
                0x08009e2c                _printf_common
 *fill*         0x08009f06        0x2 
 .text._printf_i
                0x08009f08      0x258 /home/imadk/.platformio/packages/toolchain-gccarmnoneeabi/bin/../lib/gcc/arm-none-eabi/12.3.1/../../../../arm-none-eabi/lib/thumb/v7e-m+fp/hard/libc_nano.a(libc_a-nano-vfprintf_i.o)
                0x08009f08                _printf_i
 *(.glue_7)
 .glue_7        0x0800a160        0x0 linker stubs
 *(.glue_7t)
 .glue_7t       0x0800a160        0x0 linker stubs
 *(.eh_frame)
 .eh_frame      0x0800a160        0x0 /home/imadk/.platformio/packages/toolchain-gccarmnoneeabi/bin/../lib/gcc/arm-none-eabi/12.3.1/thumb/v7e-m+fp/hard/crtbegin.o
 *(.init)
 .init          0x0800a160        0x4 /home/imadk/.platformio/packages/toolchain-gccarmnoneeabi/bin/../lib/gcc/arm-none-eabi/12.3.1/thumb/v7e-m+fp/hard/crti.o
                0x0800a160                _init
 .init          0x0800a164        0x8 /home/imadk/.platformio/packages/toolchain-gccarmnoneeabi/bin/../lib/gcc/arm-none-eabi/12.3.1/thumb/v7e-m+fp/hard/crtn.o
 *(.fini)
 .fini          0x0800a16c        0x4 /home/imadk/.platformio/packages/toolchain-gccarmnoneeabi/bin/../lib/gcc/arm-none-eabi/12.3.1/thumb/v7e-m+fp/hard/crti.o
                0x0800a16c                _fini
 .fini          0x0800a170        0x8 /home/imadk/.platformio/packages/toolchain-gccarmnoneeabi/bin/../lib/gcc/arm-none-eabi/12.3.1/thumb/v7e-m+fp/hard/crtn.o
                0x0800a178                        . = ALIGN (0x4)
                0x0800a178                        _etext = .

.vfp11_veneer   0x0800a178        0x0
 .vfp11_veneer  0x0800a178        0x0 linker stubs

.v4_bx          0x0800a178        0x0
 .v4_bx         0x0800a178        0x0 linker stubs

.iplt           0x0800a178        0x0
 .iplt          0x0800a178        0x0 /home/imadk/.platformio/packages/toolchain-gccarmnoneeabi/bin/../lib/gcc/arm-none-eabi/12.3.1/thumb/v7e-m+fp/hard/crtbegin.o

.rodata         0x0800a178    0x4f1a0
                0x0800a178                        . = ALIGN (0x4)
 *(.rodata)
 .rodata        0x0800a178       0x10 .pio/build/nucleo_f303re/src/lcd.cpp.o
 *(.rodata*)
 .rodata.PinMap_UART_CTS
                0x0800a188       0x3c .pio/build/nucleo_f303re/FrameworkArduinoVariant/PeripheralPins.c.o
                0x0800a188                PinMap_UART_CTS
 .rodata.PinMap_UART_RTS
                0x0800a1c4       0x30 .pio/build/nucleo_f303re/FrameworkArduinoVariant/PeripheralPins.c.o
                0x0800a1c4                PinMap_UART_RTS
 .rodata.PinMap_UART_RX
                0x0800a1f4       0x90 .pio/build/nucleo_f303re/FrameworkArduinoVariant/PeripheralPins.c.o
                0x0800a1f4                PinMap_UART_RX
 .rodata.PinMap_UART_TX
                0x0800a284       0x90 .pio/build/nucleo_f303re/FrameworkArduinoVariant/PeripheralPins.c.o
                0x0800a284                PinMap_UART_TX
 .rodata.PinMap_TIM
                0x0800a314      0x3e4 .pio/build/nucleo_f303re/FrameworkArduinoVariant/PeripheralPins.c.o
                0x0800a314                PinMap_TIM
 .rodata.PinMap_I2C_SCL
                0x0800a6f8       0x54 .pio/build/nucleo_f303re/FrameworkArduinoVariant/PeripheralPins.c.o
                0x0800a6f8                PinMap_I2C_SCL
 .rodata.PinMap_I2C_SDA
                0x0800a74c       0x60 .pio/build/nucleo_f303re/FrameworkArduinoVariant/PeripheralPins.c.o
                0x0800a74c                PinMap_I2C_SDA
 .rodata.PinMap_DAC
                0x0800a7ac       0x24 .pio/build/nucleo_f303re/FrameworkArduinoVariant/PeripheralPins.c.o
                0x0800a7ac                PinMap_DAC
 .rodata.analogInputPin
                0x0800a7d0       0x58 .pio/build/nucleo_f303re/FrameworkArduinoVariant/variant_NUCLEO_F303RE.cpp.o
                0x0800a7d0                analogInputPin
 .rodata.digitalPin
                0x0800a828       0xd0 .pio/build/nucleo_f303re/FrameworkArduinoVariant/variant_NUCLEO_F303RE.cpp.o
                0x0800a828                digitalPin
 .rodata.aPredivFactorTable
                0x0800a8f8       0x10 .pio/build/nucleo_f303re/SrcWrapper/src/HAL/stm32yyxx_hal_rcc.c.o
 .rodata.aPLLMULFactorTable
                0x0800a908       0x10 .pio/build/nucleo_f303re/SrcWrapper/src/HAL/stm32yyxx_hal_rcc.c.o
 .rodata.adc_pll_prediv_table.0
                0x0800a918       0x20 .pio/build/nucleo_f303re/SrcWrapper/src/HAL/stm32yyxx_hal_rcc_ex.c.o
 .rodata.CSWTCH.79
                0x0800a938        0x4 .pio/build/nucleo_f303re/SrcWrapper/src/HardwareTimer.cpp.o
 .rodata.CSWTCH.77
                0x0800a93c        0x4 .pio/build/nucleo_f303re/SrcWrapper/src/HardwareTimer.cpp.o
 .rodata.CSWTCH.75
                0x0800a940        0x6 .pio/build/nucleo_f303re/SrcWrapper/src/HardwareTimer.cpp.o
 *fill*         0x0800a946        0x2 
 .rodata.pin_map_ll
                0x0800a948       0x40 .pio/build/nucleo_f303re/SrcWrapper/src/stm32/pinmap.c.o
                0x0800a948                pin_map_ll
 .rodata.APBPrescTable
                0x0800a988        0x8 .pio/build/nucleo_f303re/SrcWrapper/src/stm32/system_stm32yyxx.c.o
                0x0800a988                APBPrescTable
 .rodata.AHBPrescTable
                0x0800a990       0x10 .pio/build/nucleo_f303re/SrcWrapper/src/stm32/system_stm32yyxx.c.o
                0x0800a990                AHBPrescTable
 .rodata._ZL12audioSamples
                0x0800a9a0    0x4e3ae .pio/build/nucleo_f303re/src/audio.cpp.o
 *fill*         0x08058d4e        0x2 
 .rodata._ZL13sampleLengths
                0x08058d50        0xc .pio/build/nucleo_f303re/src/audio.cpp.o
 .rodata._Z9lcd_setupv.str1.1
                0x08058d5c       0x14 .pio/build/nucleo_f303re/src/lcd.cpp.o
 .rodata.pwm2value
                0x08058d70       0x40 .pio/build/nucleo_f303re/src/lpf.cpp.o
                0x08058d70                pwm2value
 .rodata.pwm1value
                0x08058db0       0x40 .pio/build/nucleo_f303re/src/lpf.cpp.o
                0x08058db0                pwm1value
 .rodata.cutoffFreq
                0x08058df0       0x40 .pio/build/nucleo_f303re/src/lpf.cpp.o
                0x08058df0                cutoffFreq
 .rodata.setup.str1.1
                0x08058e30        0x6 .pio/build/nucleo_f303re/src/main.cpp.o
 .rodata.loop.str1.1
                0x08058e36        0x9 .pio/build/nucleo_f303re/src/main.cpp.o
 *fill*         0x08058e3f        0x1 
 .rodata._ZTV7TwoWire
                0x08058e40       0x2c .pio/build/nucleo_f303re/libf70/libWire.a(Wire.cpp.o)
                0x08058e40                vtable for TwoWire
 .rodata.I2C_Charac